Archive member included to satisfy reference by file (symbol)

J:/ECE189/MaximSDK/Libraries/PeriphDrivers/bin/MAX78000/softfp/libPeriphDriver_softfp.a(mxc_delay.o)
                              J:/ECE189/MaximSDK/Examples/MAX78000/ImgCapture/build/console.o (MXC_Delay)
J:/ECE189/MaximSDK/Libraries/PeriphDrivers/bin/MAX78000/softfp/libPeriphDriver_softfp.a(pins_ai85.o)
                              J:/ECE189/MaximSDK/Examples/MAX78000/ImgCapture/build/camera.o (gpio_cfg_pcif_xclk)
J:/ECE189/MaximSDK/Libraries/PeriphDrivers/bin/MAX78000/softfp/libPeriphDriver_softfp.a(sys_ai85.o)
                              J:/ECE189/MaximSDK/Examples/MAX78000/ImgCapture/build/main.o (MXC_SYS_ClockDisable)
J:/ECE189/MaximSDK/Libraries/PeriphDrivers/bin/MAX78000/softfp/libPeriphDriver_softfp.a(nvic_table.o)
                              J:/ECE189/MaximSDK/Examples/MAX78000/ImgCapture/build/camera.o (MXC_NVIC_SetVector)
J:/ECE189/MaximSDK/Libraries/PeriphDrivers/bin/MAX78000/softfp/libPeriphDriver_softfp.a(cameraif_ai85.o)
                              J:/ECE189/MaximSDK/Examples/MAX78000/ImgCapture/build/camera.o (MXC_PCIF_Init)
J:/ECE189/MaximSDK/Libraries/PeriphDrivers/bin/MAX78000/softfp/libPeriphDriver_softfp.a(cameraif_reva.o)
                              J:/ECE189/MaximSDK/Libraries/PeriphDrivers/bin/MAX78000/softfp/libPeriphDriver_softfp.a(cameraif_ai85.o) (MXC_PCIF_RevA_SetDatawidth)
J:/ECE189/MaximSDK/Libraries/PeriphDrivers/bin/MAX78000/softfp/libPeriphDriver_softfp.a(dma_me17.o)
                              J:/ECE189/MaximSDK/Examples/MAX78000/ImgCapture/build/main.o (MXC_DMA_Init)
J:/ECE189/MaximSDK/Libraries/PeriphDrivers/bin/MAX78000/softfp/libPeriphDriver_softfp.a(dma_reva.o)
                              J:/ECE189/MaximSDK/Libraries/PeriphDrivers/bin/MAX78000/softfp/libPeriphDriver_softfp.a(dma_me17.o) (MXC_DMA_RevA_Init)
J:/ECE189/MaximSDK/Libraries/PeriphDrivers/bin/MAX78000/softfp/libPeriphDriver_softfp.a(flc_me17.o)
                              J:/ECE189/MaximSDK/Libraries/PeriphDrivers/bin/MAX78000/softfp/libPeriphDriver_softfp.a(sys_ai85.o) (MXC_FLC_UnlockInfoBlock)
J:/ECE189/MaximSDK/Libraries/PeriphDrivers/bin/MAX78000/softfp/libPeriphDriver_softfp.a(flc_reva.o)
                              J:/ECE189/MaximSDK/Libraries/PeriphDrivers/bin/MAX78000/softfp/libPeriphDriver_softfp.a(flc_me17.o) (MXC_FLC_RevA_Busy)
J:/ECE189/MaximSDK/Libraries/PeriphDrivers/bin/MAX78000/softfp/libPeriphDriver_softfp.a(gpio_ai85.o)
                              J:/ECE189/MaximSDK/Examples/MAX78000/ImgCapture/build/led.o (MXC_GPIO_Config)
J:/ECE189/MaximSDK/Libraries/PeriphDrivers/bin/MAX78000/softfp/libPeriphDriver_softfp.a(gpio_reva.o)
                              J:/ECE189/MaximSDK/Libraries/PeriphDrivers/bin/MAX78000/softfp/libPeriphDriver_softfp.a(gpio_ai85.o) (MXC_GPIO_RevA_InGet)
J:/ECE189/MaximSDK/Libraries/PeriphDrivers/bin/MAX78000/softfp/libPeriphDriver_softfp.a(i2c_me17.o)
                              J:/ECE189/MaximSDK/Examples/MAX78000/ImgCapture/build/max20303.o (MXC_I2C_Init)
J:/ECE189/MaximSDK/Libraries/PeriphDrivers/bin/MAX78000/softfp/libPeriphDriver_softfp.a(i2c_reva.o)
                              J:/ECE189/MaximSDK/Libraries/PeriphDrivers/bin/MAX78000/softfp/libPeriphDriver_softfp.a(i2c_me17.o) (MXC_I2C_RevA_DMACallback)
J:/ECE189/MaximSDK/Libraries/PeriphDrivers/bin/MAX78000/softfp/libPeriphDriver_softfp.a(icc_me17.o)
                              J:/ECE189/MaximSDK/Examples/MAX78000/ImgCapture/build/main.o (MXC_ICC_Enable)
J:/ECE189/MaximSDK/Libraries/PeriphDrivers/bin/MAX78000/softfp/libPeriphDriver_softfp.a(icc_reva.o)
                              J:/ECE189/MaximSDK/Libraries/PeriphDrivers/bin/MAX78000/softfp/libPeriphDriver_softfp.a(icc_me17.o) (MXC_ICC_RevA_ID)
J:/ECE189/MaximSDK/Libraries/PeriphDrivers/bin/MAX78000/softfp/libPeriphDriver_softfp.a(pt_me17.o)
                              J:/ECE189/MaximSDK/Examples/MAX78000/ImgCapture/build/camera.o (MXC_PT_Init)
J:/ECE189/MaximSDK/Libraries/PeriphDrivers/bin/MAX78000/softfp/libPeriphDriver_softfp.a(pt_reva.o)
                              J:/ECE189/MaximSDK/Libraries/PeriphDrivers/bin/MAX78000/softfp/libPeriphDriver_softfp.a(pt_me17.o) (MXC_PT_RevA_Init)
J:/ECE189/MaximSDK/Libraries/PeriphDrivers/bin/MAX78000/softfp/libPeriphDriver_softfp.a(spi_me17.o)
                              J:/ECE189/MaximSDK/Examples/MAX78000/ImgCapture/build/tft_ili9341.o (MXC_SPI_Init)
J:/ECE189/MaximSDK/Libraries/PeriphDrivers/bin/MAX78000/softfp/libPeriphDriver_softfp.a(spi_reva.o)
                              J:/ECE189/MaximSDK/Libraries/PeriphDrivers/bin/MAX78000/softfp/libPeriphDriver_softfp.a(spi_me17.o) (MXC_SPI_RevA_Init)
J:/ECE189/MaximSDK/Libraries/PeriphDrivers/bin/MAX78000/softfp/libPeriphDriver_softfp.a(tmr_ai85.o)
                              J:/ECE189/MaximSDK/Examples/MAX78000/ImgCapture/build/main.o (MXC_TMR_SW_Start)
[...]
Memory Configuration

Name             Origin             Length             Attributes
ROM              0x00000000         0x00010000         xr
FLASH            0x10000000         0x00080000         xr
SRAM             0x20000000         0x00020000         xrw
*default*        0x00000000         0xffffffff

Linker script and memory map

LOAD j:/ece189/maximsdk/tools/gnutools/10.3/bin/../lib/gcc/arm-none-eabi/10.3.1/thumb/v7e-m+fp/softfp/crti.o
LOAD j:/ece189/maximsdk/tools/gnutools/10.3/bin/../lib/gcc/arm-none-eabi/10.3.1/thumb/v7e-m+fp/softfp/crtbegin.o
LOAD j:/ece189/maximsdk/tools/gnutools/10.3/bin/../lib/gcc/arm-none-eabi/10.3.1/../../../../arm-none-eabi/lib/thumb/v7e-m+fp/softfp/crt0.o
LOAD J:/ECE189/MaximSDK/Examples/MAX78000/ImgCapture/build/console.o
LOAD J:/ECE189/MaximSDK/Examples/MAX78000/ImgCapture/build/main.o
LOAD J:/ECE189/MaximSDK/Examples/MAX78000/ImgCapture/build/board.o
LOAD J:/ECE189/MaximSDK/Examples/MAX78000/ImgCapture/build/stdio.o
LOAD J:/ECE189/MaximSDK/Examples/MAX78000/ImgCapture/build/led.o
LOAD J:/ECE189/MaximSDK/Examples/MAX78000/ImgCapture/build/pb.o
LOAD J:/ECE189/MaximSDK/Examples/MAX78000/ImgCapture/build/tft_ili9341.o
LOAD J:/ECE189/MaximSDK/Examples/MAX78000/ImgCapture/build/camera.o
LOAD J:/ECE189/MaximSDK/Examples/MAX78000/ImgCapture/build/ov7692.o
LOAD J:/ECE189/MaximSDK/Examples/MAX78000/ImgCapture/build/sccb.o
LOAD J:/ECE189/MaximSDK/Examples/MAX78000/ImgCapture/build/max20303.o
LOAD J:/ECE189/MaximSDK/Examples/MAX78000/ImgCapture/build/max9867.o
LOAD J:/ECE189/MaximSDK/Examples/MAX78000/ImgCapture/build/startup_max78000.o
LOAD J:/ECE189/MaximSDK/Examples/MAX78000/ImgCapture/build/heap.o
LOAD J:/ECE189/MaximSDK/Examples/MAX78000/ImgCapture/build/system_max78000.o
START GROUP
LOAD J:/ECE189/MaximSDK/Libraries/PeriphDrivers/bin/MAX78000/softfp/libPeriphDriver_softfp.a
LOAD j:/ece189/maximsdk/tools/gnutools/10.3/bin/../lib/gcc/arm-none-eabi/10.3.1/../../../../arm-none-eabi/lib/thumb/v7e-m+fp/softfp\libc.a
LOAD j:/ece189/maximsdk/tools/gnutools/10.3/bin/../lib/gcc/arm-none-eabi/10.3.1/../../../../arm-none-eabi/lib/thumb/v7e-m+fp/softfp\libm.a
LOAD j:/ece189/maximsdk/tools/gnutools/10.3/bin/../lib/gcc/arm-none-eabi/10.3.1/../../../../arm-none-eabi/lib/thumb/v7e-m+fp/softfp\libnosys.a
END GROUP
START GROUP
LOAD j:/ece189/maximsdk/tools/gnutools/10.3/bin/../lib/gcc/arm-none-eabi/10.3.1/thumb/v7e-m+fp/softfp\libgcc.a
LOAD j:/ece189/maximsdk/tools/gnutools/10.3/bin/../lib/gcc/arm-none-eabi/10.3.1/../../../../arm-none-eabi/lib/thumb/v7e-m+fp/softfp\libc.a
END GROUP
LOAD j:/ece189/maximsdk/tools/gnutools/10.3/bin/../lib/gcc/arm-none-eabi/10.3.1/thumb/v7e-m+fp/softfp/crtend.o
LOAD j:/ece189/maximsdk/tools/gnutools/10.3/bin/../lib/gcc/arm-none-eabi/10.3.1/thumb/v7e-m+fp/softfp/crtn.o

.rom
 *(.rom_vector)
 *(.rom_handlers*)

.text           0x10000000    0x124d8
                0x10000000                _text = .
 *(.isr_vector)
 .isr_vector    0x10000000      0x1e0 J:/ECE189/MaximSDK/Examples/MAX78000/ImgCapture/build/startup_max78000.o
                0x10000000                __isr_vector
 *(.text*)
 .text          0x100001e0       0x40 j:/ece189/maximsdk/tools/gnutools/10.3/bin/../lib/gcc/arm-none-eabi/10.3.1/thumb/v7e-m+fp/softfp/crtbegin.o
 .text.send_msg
                0x10000220       0x38 J:/ECE189/MaximSDK/Examples/MAX78000/ImgCapture/build/console.o
                0x10000220                send_msg
 .text.recv_msg
                0x10000258       0x58 J:/ECE189/MaximSDK/Examples/MAX78000/ImgCapture/build/console.o
                0x10000258                recv_msg
 .text.recv_cmd
                0x100002b0       0x64 J:/ECE189/MaximSDK/Examples/MAX78000/ImgCapture/build/console.o
                0x100002b0                recv_cmd
 .text.clear_serial_buffer
                0x10000314       0x20 J:/ECE189/MaximSDK/Examples/MAX78000/ImgCapture/build/console.o
                0x10000314                clear_serial_buffer
 .text.print_help
                0x10000334       0x4c J:/ECE189/MaximSDK/Examples/MAX78000/ImgCapture/build/console.o
                0x10000334                print_help
 .text.console_init
                0x10000380       0xb8 J:/ECE189/MaximSDK/Examples/MAX78000/ImgCapture/build/console.o
                0x10000380                console_init
 .text.capture_img
                0x10000438       0xd0 J:/ECE189/MaximSDK/Examples/MAX78000/ImgCapture/build/main.o
                0x10000438                capture_img
 .text.transmit_capture_uart
                0x10000508       0x74 J:/ECE189/MaximSDK/Examples/MAX78000/ImgCapture/build/main.o
                0x10000508                transmit_capture_uart
 .text.stream_img
                0x1000057c      0x220 J:/ECE189/MaximSDK/Examples/MAX78000/ImgCapture/build/main.o
                0x1000057c                stream_img
 .text.transmit_stream_uart
                0x1000079c      0x118 J:/ECE189/MaximSDK/Examples/MAX78000/ImgCapture/build/main.o
                0x1000079c                transmit_stream_uart
 .text.service_console
                0x100008b4      0x164 J:/ECE189/MaximSDK/Examples/MAX78000/ImgCapture/build/main.o
                0x100008b4                service_console
 .text.startup.main
                0x10000a18       0xa4 J:/ECE189/MaximSDK/Examples/MAX78000/ImgCapture/build/main.o
                0x10000a18                main
 .text.mxc_assert
                0x10000abc       0x10 J:/ECE189/MaximSDK/Examples/MAX78000/ImgCapture/build/board.o
                0x10000abc                mxc_assert
 .text.Board_Init
                0x10000acc       0x6c J:/ECE189/MaximSDK/Examples/MAX78000/ImgCapture/build/board.o
                0x10000acc                Board_Init
 .text.NMI_Handler
                0x10000b38        0x4 J:/ECE189/MaximSDK/Examples/MAX78000/ImgCapture/build/board.o
                0x10000b38                NMI_Handler
 .text.Camera_Power
                0x10000b3c       0x1c J:/ECE189/MaximSDK/Examples/MAX78000/ImgCapture/build/board.o
                0x10000b3c                Camera_Power
 .text._close   0x10000b58        0x8 J:/ECE189/MaximSDK/Examples/MAX78000/ImgCapture/build/stdio.o
                0x10000b58                _close
 .text._isatty  0x10000b60        0x8 J:/ECE189/MaximSDK/Examples/MAX78000/ImgCapture/build/stdio.o
                0x10000b60                _isatty
 .text._lseek   0x10000b68        0x8 J:/ECE189/MaximSDK/Examples/MAX78000/ImgCapture/build/stdio.o
                0x10000b68                _lseek
 .text._fstat   0x10000b70        0x8 J:/ECE189/MaximSDK/Examples/MAX78000/ImgCapture/build/stdio.o
                0x10000b70                _fstat
 .text._read    0x10000b78       0x50 J:/ECE189/MaximSDK/Examples/MAX78000/ImgCapture/build/stdio.o
                0x10000b78                _read
 .text._write   0x10000bc8       0x54 J:/ECE189/MaximSDK/Examples/MAX78000/ImgCapture/build/stdio.o
                0x10000bc8                _write
 .text.LED_Init
                0x10000c1c       0x40 J:/ECE189/MaximSDK/Examples/MAX78000/ImgCapture/build/led.o
                0x10000c1c                LED_Init
 .text.LED_On   0x10000c5c       0x40 J:/ECE189/MaximSDK/Examples/MAX78000/ImgCapture/build/led.o
                0x10000c5c                LED_On
 .text.LED_Toggle
                0x10000c9c       0x40 J:/ECE189/MaximSDK/Examples/MAX78000/ImgCapture/build/led.o
                0x10000c9c                LED_Toggle
 .text.PB_Init  0x10000cdc       0x38 J:/ECE189/MaximSDK/Examples/MAX78000/ImgCapture/build/pb.o
                0x10000cdc                PB_Init
 .text.GPIO0_IRQHandler
                0x10000d14        0x8 J:/ECE189/MaximSDK/Examples/MAX78000/ImgCapture/build/pb.o
                0x10000d14                GPIO0_IRQHandler
 .text.GPIO1_IRQHandler
                0x10000d1c        0x8 J:/ECE189/MaximSDK/Examples/MAX78000/ImgCapture/build/pb.o
                0x10000d1c                GPIO1_IRQHandler
 .text.GPIO2_IRQHandler
                0x10000d24        0x8 J:/ECE189/MaximSDK/Examples/MAX78000/ImgCapture/build/pb.o
                0x10000d24                GPIO2_IRQHandler
 .text.camera_irq_handler
                0x10000d2c      0x13c J:/ECE189/MaximSDK/Examples/MAX78000/ImgCapture/build/camera.o
                0x10000d2c                camera_irq_handler
 .text.stream_callback
                0x10000e68       0xbc J:/ECE189/MaximSDK/Examples/MAX78000/ImgCapture/build/camera.o
 .text.setup_dma
                0x10000f24       0x94 J:/ECE189/MaximSDK/Examples/MAX78000/ImgCapture/build/camera.o
 .text.stream_irq_handler
                0x10000fb8        0x4 J:/ECE189/MaximSDK/Examples/MAX78000/ImgCapture/build/camera.o
                0x10000fb8                stream_irq_handler
 .text.camera_init
                0x10000fbc      0x12c J:/ECE189/MaximSDK/Examples/MAX78000/ImgCapture/build/camera.o
                0x10000fbc                camera_init
 .text.camera_setup
                0x100010e8      0x1d8 J:/ECE189/MaximSDK/Examples/MAX78000/ImgCapture/build/camera.o
                0x100010e8                camera_setup
 .text.camera_read_reg
                0x100012c0        0xc J:/ECE189/MaximSDK/Examples/MAX78000/ImgCapture/build/camera.o
                0x100012c0                camera_read_reg
 .text.camera_write_reg
                0x100012cc        0xc J:/ECE189/MaximSDK/Examples/MAX78000/ImgCapture/build/camera.o
                0x100012cc                camera_write_reg
 .text.camera_get_slave_address
                0x100012d8        0xc J:/ECE189/MaximSDK/Examples/MAX78000/ImgCapture/build/camera.o
                0x100012d8                camera_get_slave_address
 .text.camera_get_manufacture_id
                0x100012e4        0xc J:/ECE189/MaximSDK/Examples/MAX78000/ImgCapture/build/camera.o
                0x100012e4                camera_get_manufacture_id
 .text.camera_start_capture_image
                0x100012f0       0x3c J:/ECE189/MaximSDK/Examples/MAX78000/ImgCapture/build/camera.o
                0x100012f0                camera_start_capture_image
 .text.camera_is_image_rcv
                0x1000132c       0x10 J:/ECE189/MaximSDK/Examples/MAX78000/ImgCapture/build/camera.o
                0x1000132c                camera_is_image_rcv
 .text.camera_get_pixel_format
                0x1000133c       0x70 J:/ECE189/MaximSDK/Examples/MAX78000/ImgCapture/build/camera.o
                0x1000133c                camera_get_pixel_format
 .text.camera_get_image
                0x100013ac       0x3c J:/ECE189/MaximSDK/Examples/MAX78000/ImgCapture/build/camera.o
                0x100013ac                camera_get_image
 .text.get_camera_stream_buffer
                0x100013e8        0xc J:/ECE189/MaximSDK/Examples/MAX78000/ImgCapture/build/camera.o
                0x100013e8                get_camera_stream_buffer
 .text.camera_get_stream_buffer_size
                0x100013f4        0xc J:/ECE189/MaximSDK/Examples/MAX78000/ImgCapture/build/camera.o
                0x100013f4                camera_get_stream_buffer_size
 .text.release_camera_stream_buffer
                0x10001400        0xc J:/ECE189/MaximSDK/Examples/MAX78000/ImgCapture/build/camera.o
                0x10001400                release_camera_stream_buffer
 .text.get_camera_stream_statistic
                0x1000140c        0x8 J:/ECE189/MaximSDK/Examples/MAX78000/ImgCapture/build/camera.o
                0x1000140c                get_camera_stream_statistic
 .text.init     0x10001414       0x10 J:/ECE189/MaximSDK/Examples/MAX78000/ImgCapture/build/ov7692.o
 .text.get_slave_address
                0x10001424        0xc J:/ECE189/MaximSDK/Examples/MAX78000/ImgCapture/build/ov7692.o
 .text.get_pixformat
                0x10001430       0x10 J:/ECE189/MaximSDK/Examples/MAX78000/ImgCapture/build/ov7692.o
 .text.set_saturation
                0x10001440        0x4 J:/ECE189/MaximSDK/Examples/MAX78000/ImgCapture/build/ov7692.o
 .text.get_luminance
                0x10001444       0x60 J:/ECE189/MaximSDK/Examples/MAX78000/ImgCapture/build/ov7692.o
 .text.read_reg
                0x100014a4       0x20 J:/ECE189/MaximSDK/Examples/MAX78000/ImgCapture/build/ov7692.o
 .text.get_manufacture_id
                0x100014c4       0x3c J:/ECE189/MaximSDK/Examples/MAX78000/ImgCapture/build/ov7692.o
 .text.get_product_id
                0x10001500       0x3c J:/ECE189/MaximSDK/Examples/MAX78000/ImgCapture/build/ov7692.o
 .text.set_negateimage
                0x1000153c       0x90 J:/ECE189/MaximSDK/Examples/MAX78000/ImgCapture/build/ov7692.o
 .text.set_vflip
                0x100015cc       0x3c J:/ECE189/MaximSDK/Examples/MAX78000/ImgCapture/build/ov7692.o
 .text.set_hmirror
                0x10001608       0x3c J:/ECE189/MaximSDK/Examples/MAX78000/ImgCapture/build/ov7692.o
 .text.set_colorbar
                0x10001644       0x3c J:/ECE189/MaximSDK/Examples/MAX78000/ImgCapture/build/ov7692.o
 .text.set_gainceiling
                0x10001680       0xa0 J:/ECE189/MaximSDK/Examples/MAX78000/ImgCapture/build/ov7692.o
 .text.set_brightness
                0x10001720       0xa8 J:/ECE189/MaximSDK/Examples/MAX78000/ImgCapture/build/ov7692.o
 .text.set_contrast
                0x100017c8       0xa0 J:/ECE189/MaximSDK/Examples/MAX78000/ImgCapture/build/ov7692.o
 .text.set_windowing
                0x10001868      0x120 J:/ECE189/MaximSDK/Examples/MAX78000/ImgCapture/build/ov7692.o
 .text.set_framesize
                0x10001988       0xc0 J:/ECE189/MaximSDK/Examples/MAX78000/ImgCapture/build/ov7692.o
 .text.set_pixformat
                0x10001a48       0x54 J:/ECE189/MaximSDK/Examples/MAX78000/ImgCapture/build/ov7692.o
 .text.write_reg
                0x10001a9c       0x18 J:/ECE189/MaximSDK/Examples/MAX78000/ImgCapture/build/ov7692.o
 .text.sleep    0x10001ab4       0x3c J:/ECE189/MaximSDK/Examples/MAX78000/ImgCapture/build/ov7692.o
 .text.reset    0x10001af0       0x64 J:/ECE189/MaximSDK/Examples/MAX78000/ImgCapture/build/ov7692.o
 .text.dump_registers
                0x10001b54       0xa8 J:/ECE189/MaximSDK/Examples/MAX78000/ImgCapture/build/ov7692.o
 .text.sensor_register
                0x10001bfc       0xbc J:/ECE189/MaximSDK/Examples/MAX78000/ImgCapture/build/ov7692.o
                0x10001bfc                sensor_register
 .text.send_byte
                0x10001cb8       0x68 J:/ECE189/MaximSDK/Examples/MAX78000/ImgCapture/build/sccb.o
 .text.get_byte
                0x10001d20       0x50 J:/ECE189/MaximSDK/Examples/MAX78000/ImgCapture/build/sccb.o
 .text.sccb_init
                0x10001d70       0x2c J:/ECE189/MaximSDK/Examples/MAX78000/ImgCapture/build/sccb.o
                0x10001d70                sccb_init
 .text.sccb_read_byt
                0x10001d9c      0x11c J:/ECE189/MaximSDK/Examples/MAX78000/ImgCapture/build/sccb.o
                0x10001d9c                sccb_read_byt
 .text.sccb_write_byt
                0x10001eb8       0xa4 J:/ECE189/MaximSDK/Examples/MAX78000/ImgCapture/build/sccb.o
                0x10001eb8                sccb_write_byt
 .text.reg_read
                0x10001f5c       0x78 J:/ECE189/MaximSDK/Examples/MAX78000/ImgCapture/build/max20303.o
 .text.reg_write
                0x10001fd4       0x60 J:/ECE189/MaximSDK/Examples/MAX78000/ImgCapture/build/max20303.o
 .text.reg_write_buf.constprop.0
                0x10002034       0x70 J:/ECE189/MaximSDK/Examples/MAX78000/ImgCapture/build/max20303.o
 .text.max20303_camera_power
                0x100020a4       0x68 J:/ECE189/MaximSDK/Examples/MAX78000/ImgCapture/build/max20303.o
                0x100020a4                max20303_camera_power
 .text.max20303_init
                0x1000210c       0x68 J:/ECE189/MaximSDK/Examples/MAX78000/ImgCapture/build/max20303.o
                0x1000210c                max20303_init
 .text          0x10002174      0x148 J:/ECE189/MaximSDK/Examples/MAX78000/ImgCapture/build/startup_max78000.o
                0x10002174                Reset_Handler
                0x100021b2                HardFault_Handler
                0x100021b4                MemManage_Handler
                0x100021b6                BusFault_Handler
                0x100021b8                UsageFault_Handler
                0x100021ba                SVC_Handler
                0x100021bc                DebugMon_Handler
                0x100021be                PendSV_Handler
                0x100021c0                SysTick_Handler
                0x100021c2                Default_Handler
                0x100021c4                PF_IRQHandler
                0x100021c6                WDT0_IRQHandler
                0x100021c8                RSV02_IRQHandler
                0x100021ca                RTC_IRQHandler
                0x100021cc                TRNG_IRQHandler
                0x100021ce                TMR0_IRQHandler
                0x100021d0                TMR1_IRQHandler
                0x100021d2                TMR2_IRQHandler
                0x100021d4                TMR3_IRQHandler
                0x100021d6                TMR4_IRQHandler
                0x100021d8                TMR5_IRQHandler
                0x100021da                RSV11_IRQHandler
                0x100021dc                RSV12_IRQHandler
                0x100021de                I2C0_IRQHandler
                0x100021e0                UART0_IRQHandler
                0x100021e2                UART1_IRQHandler
                0x100021e4                SPI1_IRQHandler
                0x100021e6                RSV17_IRQHandler
                0x100021e8                RSV18_IRQHandler
                0x100021ea                RSV19_IRQHandler
                0x100021ec                ADC_IRQHandler
                0x100021ee                RSV21_IRQHandler
                0x100021f0                RSV22_IRQHandler
                0x100021f2                FLC0_IRQHandler
                0x100021fa                RSV27_IRQHandler
                0x100021fc                DMA0_IRQHandler
                0x100021fe                DMA1_IRQHandler
                0x10002200                DMA2_IRQHandler
                0x10002202                DMA3_IRQHandler
                0x10002204                RSV32_IRQHandler
                0x10002206                RSV33_IRQHandler
                0x10002208                UART2_IRQHandler
                0x1000220a                RSV35_IRQHandler
                0x1000220c                I2C1_IRQHandler
                0x1000220e                RSV37_IRQHandler
                0x10002210                RSV38_IRQHandler
                0x10002212                RSV39_IRQHandler
                0x10002214                RSV40_IRQHandler
                0x10002216                RSV41_IRQHandler
                0x10002218                RSV42_IRQHandler
                0x1000221a                RSV43_IRQHandler
                0x1000221c                RSV44_IRQHandler
                0x1000221e                RSV45_IRQHandler
                0x10002220                RSV46_IRQHandler
                0x10002222                RSV47_IRQHandler
                0x10002224                RSV48_IRQHandler
                0x10002226                RSV49_IRQHandler
                0x10002228                RSV50_IRQHandler
                0x1000222a                RSV51_IRQHandler
                0x1000222c                RSV52_IRQHandler
                0x1000222e                WUT_IRQHandler
                0x10002230                GPIOWAKE_IRQHandler
                0x10002232                RSV55_IRQHandler
                0x10002234                SPI0_IRQHandler
                0x10002236                WDT1_IRQHandler
                0x10002238                RSV58_IRQHandler
                0x1000223a                PT_IRQHandler
                0x1000223c                RSV60_IRQHandler
                0x1000223e                RSV61_IRQHandler
                0x10002240                I2C2_IRQHandler
                0x10002242                RISCV_IRQHandler
                0x10002244                RSV64_IRQHandler
                0x10002246                RSV65_IRQHandler
                0x10002248                RSV66_IRQHandler
                0x1000224a                OWM_IRQHandler
                0x1000224c                RSV68_IRQHandler
                0x1000224e                RSV69_IRQHandler
                0x10002250                RSV70_IRQHandler
                0x10002252                RSV71_IRQHandler
                0x10002254                RSV72_IRQHandler
                0x10002256                RSV73_IRQHandler
                0x10002258                RSV74_IRQHandler
                0x1000225a                RSV75_IRQHandler
                0x1000225c                RSV76_IRQHandler
                0x1000225e                RSV77_IRQHandler
                0x10002260                RSV78_IRQHandler
                0x10002262                RSV79_IRQHandler
                0x10002264                RSV80_IRQHandler
                0x10002266                RSV81_IRQHandler
                0x10002268                ECC_IRQHandler
                0x1000226a                DVS_IRQHandler
                0x1000226c                SIMO_IRQHandler
                0x1000226e                RSV85_IRQHandler
                0x10002270                RSV86_IRQHandler
                0x10002272                RSV87_IRQHandler
                0x10002274                UART3_IRQHandler
                0x10002276                RSV89_IRQHandler
                0x10002278                RSV90_IRQHandler
                0x1000227a                PCIF_IRQHandler
                0x1000227c                RSV92_IRQHandler
                0x1000227e                RSV93_IRQHandler
                0x10002280                RSV94_IRQHandler
                0x10002282                RSV95_IRQHandler
                0x10002284                RSV96_IRQHandler
                0x10002286                AES_IRQHandler
                0x10002288                RSV98_IRQHandler
                0x1000228a                I2S_IRQHandler
                0x1000228c                CNN_FIFO_IRQHandler
                0x1000228e                CNN_IRQHandler
                0x10002290                RSV102_IRQHandler
                0x10002292                LPCMP_IRQHandler
 .text._sbrk    0x100022bc       0x3c J:/ECE189/MaximSDK/Examples/MAX78000/ImgCapture/build/heap.o
                0x100022bc                _sbrk
 .text.SystemCoreClockUpdate
                0x100022f8       0x68 J:/ECE189/MaximSDK/Examples/MAX78000/ImgCapture/build/system_max78000.o
                0x100022f8                SystemCoreClockUpdate
 .text.PreInit  0x10002360        0x4 J:/ECE189/MaximSDK/Examples/MAX78000/ImgCapture/build/system_max78000.o
                0x10002360                PreInit
 .text.SystemInit
                0x10002364       0x38 J:/ECE189/MaximSDK/Examples/MAX78000/ImgCapture/build/system_max78000.o
                0x10002364                SystemInit
 .text.MXC_DelayInit
                0x1000239c       0x7c J:/ECE189/MaximSDK/Libraries/PeriphDrivers/bin/MAX78000/softfp/libPeriphDriver_softfp.a(mxc_delay.o)
 .text.MXC_DelayAsync
                0x10002418       0x3c J:/ECE189/MaximSDK/Libraries/PeriphDrivers/bin/MAX78000/softfp/libPeriphDriver_softfp.a(mxc_delay.o)
                0x10002418                MXC_DelayAsync
 .text.MXC_DelayCheck
                0x10002454       0x70 J:/ECE189/MaximSDK/Libraries/PeriphDrivers/bin/MAX78000/softfp/libPeriphDriver_softfp.a(mxc_delay.o)
                0x10002454                MXC_DelayCheck
 .text.MXC_DelayAbort
                0x100024c4       0x34 J:/ECE189/MaximSDK/Libraries/PeriphDrivers/bin/MAX78000/softfp/libPeriphDriver_softfp.a(mxc_delay.o)
                0x100024c4                MXC_DelayAbort
 .text.MXC_Delay
                0x100024f8       0x74 J:/ECE189/MaximSDK/Libraries/PeriphDrivers/bin/MAX78000/softfp/libPeriphDriver_softfp.a(mxc_delay.o)
                0x100024f8                MXC_Delay
 .text.MXC_SYS_IsClockEnabled
                0x1000256c       0x44 J:/ECE189/MaximSDK/Libraries/PeriphDrivers/bin/MAX78000/softfp/libPeriphDriver_softfp.a(sys_ai85.o)
                0x1000256c                MXC_SYS_IsClockEnabled
 .text.MXC_SYS_ClockDisable
                0x100025b0       0x44 J:/ECE189/MaximSDK/Libraries/PeriphDrivers/bin/MAX78000/softfp/libPeriphDriver_softfp.a(sys_ai85.o)
                0x100025b0                MXC_SYS_ClockDisable
 .text.MXC_SYS_ClockEnable
                0x100025f4       0x4c J:/ECE189/MaximSDK/Libraries/PeriphDrivers/bin/MAX78000/softfp/libPeriphDriver_softfp.a(sys_ai85.o)
                0x100025f4                MXC_SYS_ClockEnable
 .text.MXC_SYS_ClockSourceEnable
                0x10002640       0xec J:/ECE189/MaximSDK/Libraries/PeriphDrivers/bin/MAX78000/softfp/libPeriphDriver_softfp.a(sys_ai85.o)
                0x10002640                MXC_SYS_ClockSourceEnable
 .text.MXC_SYS_Clock_Select
                0x1000272c      0x17c J:/ECE189/MaximSDK/Libraries/PeriphDrivers/bin/MAX78000/softfp/libPeriphDriver_softfp.a(sys_ai85.o)
                0x1000272c                MXC_SYS_Clock_Select
 .text.MXC_SYS_Reset_Periph
                0x100028a8       0x50 J:/ECE189/MaximSDK/Libraries/PeriphDrivers/bin/MAX78000/softfp/libPeriphDriver_softfp.a(sys_ai85.o)
                0x100028a8                MXC_SYS_Reset_Periph
 .text.MXC_NVIC_SetVector
                0x100028f8       0x4c J:/ECE189/MaximSDK/Libraries/PeriphDrivers/bin/MAX78000/softfp/libPeriphDriver_softfp.a(nvic_table.o)
                0x100028f8                MXC_NVIC_SetVector
 .text.MXC_PCIF_Init
                0x10002944       0x6c J:/ECE189/MaximSDK/Libraries/PeriphDrivers/bin/MAX78000/softfp/libPeriphDriver_softfp.a(cameraif_ai85.o)
                0x10002944                MXC_PCIF_Init
 .text.MXC_PCIF_SetDataWidth
                0x100029b0        0xc J:/ECE189/MaximSDK/Libraries/PeriphDrivers/bin/MAX78000/softfp/libPeriphDriver_softfp.a(cameraif_ai85.o)
                0x100029b0                MXC_PCIF_SetDataWidth
 .text.MXC_PCIF_SetTimingSel
                0x100029bc        0xc J:/ECE189/MaximSDK/Libraries/PeriphDrivers/bin/MAX78000/softfp/libPeriphDriver_softfp.a(cameraif_ai85.o)
                0x100029bc                MXC_PCIF_SetTimingSel
 .text.MXC_PCIF_SetThreshold
                0x100029c8        0xc J:/ECE189/MaximSDK/Libraries/PeriphDrivers/bin/MAX78000/softfp/libPeriphDriver_softfp.a(cameraif_ai85.o)
                0x100029c8                MXC_PCIF_SetThreshold
 .text.MXC_PCIF_EnableInt
                0x100029d4        0xc J:/ECE189/MaximSDK/Libraries/PeriphDrivers/bin/MAX78000/softfp/libPeriphDriver_softfp.a(cameraif_ai85.o)
                0x100029d4                MXC_PCIF_EnableInt
 .text.MXC_PCIF_DisableInt
                0x100029e0        0xc J:/ECE189/MaximSDK/Libraries/PeriphDrivers/bin/MAX78000/softfp/libPeriphDriver_softfp.a(cameraif_ai85.o)
                0x100029e0                MXC_PCIF_DisableInt
 .text.MXC_PCIF_Start
                0x100029ec        0xc J:/ECE189/MaximSDK/Libraries/PeriphDrivers/bin/MAX78000/softfp/libPeriphDriver_softfp.a(cameraif_ai85.o)
                0x100029ec                MXC_PCIF_Start
 .text.MXC_PCIF_RevA_SetDatawidth
                0x100029f8       0x14 J:/ECE189/MaximSDK/Libraries/PeriphDrivers/bin/MAX78000/softfp/libPeriphDriver_softfp.a(cameraif_reva.o)
                0x100029f8                MXC_PCIF_RevA_SetDatawidth
 .text.MXC_PCIF_RevA_SetTimingSel
                0x10002a0c       0x14 J:/ECE189/MaximSDK/Libraries/PeriphDrivers/bin/MAX78000/softfp/libPeriphDriver_softfp.a(cameraif_reva.o)
                0x10002a0c                MXC_PCIF_RevA_SetTimingSel
 .text.MXC_PCIF_RevA_SetThreshold
                0x10002a20       0x18 J:/ECE189/MaximSDK/Libraries/PeriphDrivers/bin/MAX78000/softfp/libPeriphDriver_softfp.a(cameraif_reva.o)
                0x10002a20                MXC_PCIF_RevA_SetThreshold
 .text.MXC_PCIF_RevA_EnableInt
                0x10002a38        0xc J:/ECE189/MaximSDK/Libraries/PeriphDrivers/bin/MAX78000/softfp/libPeriphDriver_softfp.a(cameraif_reva.o)
                0x10002a38                MXC_PCIF_RevA_EnableInt
 .text.MXC_PCIF_RevA_DisableInt
                0x10002a44       0x10 J:/ECE189/MaximSDK/Libraries/PeriphDrivers/bin/MAX78000/softfp/libPeriphDriver_softfp.a(cameraif_reva.o)
                0x10002a44                MXC_PCIF_RevA_DisableInt
 .text.MXC_PCIF_RevA_Start
                0x10002a54       0x14 J:/ECE189/MaximSDK/Libraries/PeriphDrivers/bin/MAX78000/softfp/libPeriphDriver_softfp.a(cameraif_reva.o)
                0x10002a54                MXC_PCIF_RevA_Start
 .text.MXC_DMA_Init
                0x10002a68       0x30 J:/ECE189/MaximSDK/Libraries/PeriphDrivers/bin/MAX78000/softfp/libPeriphDriver_softfp.a(dma_me17.o)
                0x10002a68                MXC_DMA_Init
 .text.MXC_DMA_AcquireChannel
                0x10002a98        0xc J:/ECE189/MaximSDK/Libraries/PeriphDrivers/bin/MAX78000/softfp/libPeriphDriver_softfp.a(dma_me17.o)
                0x10002a98                MXC_DMA_AcquireChannel
 .text.MXC_DMA_SetCallback
                0x10002aa4        0x4 J:/ECE189/MaximSDK/Libraries/PeriphDrivers/bin/MAX78000/softfp/libPeriphDriver_softfp.a(dma_me17.o)
                0x10002aa4                MXC_DMA_SetCallback
 .text.MXC_DMA_ChannelClearFlags
                0x10002aa8        0x4 J:/ECE189/MaximSDK/Libraries/PeriphDrivers/bin/MAX78000/softfp/libPeriphDriver_softfp.a(dma_me17.o)
                0x10002aa8                MXC_DMA_ChannelClearFlags
 .text.MXC_DMA_Handler
                0x10002aac        0xc J:/ECE189/MaximSDK/Libraries/PeriphDrivers/bin/MAX78000/softfp/libPeriphDriver_softfp.a(dma_me17.o)
                0x10002aac                MXC_DMA_Handler
 .text.MXC_DMA_RevA_Init
                0x10002ab8       0x94 J:/ECE189/MaximSDK/Libraries/PeriphDrivers/bin/MAX78000/softfp/libPeriphDriver_softfp.a(dma_reva.o)
                0x10002ab8                MXC_DMA_RevA_Init
 .text.MXC_DMA_RevA_AcquireChannel
                0x10002b4c       0x74 J:/ECE189/MaximSDK/Libraries/PeriphDrivers/bin/MAX78000/softfp/libPeriphDriver_softfp.a(dma_reva.o)
                0x10002b4c                MXC_DMA_RevA_AcquireChannel
 .text.MXC_DMA_RevA_SetCallback
                0x10002bc0       0x24 J:/ECE189/MaximSDK/Libraries/PeriphDrivers/bin/MAX78000/softfp/libPeriphDriver_softfp.a(dma_reva.o)
                0x10002bc0                MXC_DMA_RevA_SetCallback
 .text.MXC_DMA_RevA_ChannelClearFlags
                0x10002be4       0x2c J:/ECE189/MaximSDK/Libraries/PeriphDrivers/bin/MAX78000/softfp/libPeriphDriver_softfp.a(dma_reva.o)
                0x10002be4                MXC_DMA_RevA_ChannelClearFlags
 .text.MXC_DMA_RevA_Handler
                0x10002c10       0x70 J:/ECE189/MaximSDK/Libraries/PeriphDrivers/bin/MAX78000/softfp/libPeriphDriver_softfp.a(dma_reva.o)
                0x10002c10                MXC_DMA_RevA_Handler
 .text.MXC_GPIO_Config
                0x10002c80      0x204 J:/ECE189/MaximSDK/Libraries/PeriphDrivers/bin/MAX78000/softfp/libPeriphDriver_softfp.a(gpio_ai85.o)
                0x10002c80                MXC_GPIO_Config
 .text.MXC_GPIO_OutSet
                0x10002e84       0x34 J:/ECE189/MaximSDK/Libraries/PeriphDrivers/bin/MAX78000/softfp/libPeriphDriver_softfp.a(gpio_ai85.o)
                0x10002e84                MXC_GPIO_OutSet
 .text.MXC_GPIO_OutClr
                0x10002eb8       0x34 J:/ECE189/MaximSDK/Libraries/PeriphDrivers/bin/MAX78000/softfp/libPeriphDriver_softfp.a(gpio_ai85.o)
                0x10002eb8                MXC_GPIO_OutClr
 .text.MXC_GPIO_OutToggle
                0x10002eec        0x4 J:/ECE189/MaximSDK/Libraries/PeriphDrivers/bin/MAX78000/softfp/libPeriphDriver_softfp.a(gpio_ai85.o)
                0x10002eec                MXC_GPIO_OutToggle
 .text.MXC_GPIO_Handler
                0x10002ef0        0x4 J:/ECE189/MaximSDK/Libraries/PeriphDrivers/bin/MAX78000/softfp/libPeriphDriver_softfp.a(gpio_ai85.o)
                0x10002ef0                MXC_GPIO_Handler
 .text.MXC_GPIO_ClearFlags
                0x10002ef4        0x4 J:/ECE189/MaximSDK/Libraries/PeriphDrivers/bin/MAX78000/softfp/libPeriphDriver_softfp.a(gpio_ai85.o)
                0x10002ef4                MXC_GPIO_ClearFlags
 .text.MXC_GPIO_GetFlags
                0x10002ef8        0x4 J:/ECE189/MaximSDK/Libraries/PeriphDrivers/bin/MAX78000/softfp/libPeriphDriver_softfp.a(gpio_ai85.o)
                0x10002ef8                MXC_GPIO_GetFlags
 .text.MXC_GPIO_SetVSSEL
                0x10002efc        0x4 J:/ECE189/MaximSDK/Libraries/PeriphDrivers/bin/MAX78000/softfp/libPeriphDriver_softfp.a(gpio_ai85.o)
                0x10002efc                MXC_GPIO_SetVSSEL
 .text.MXC_GPIO_RevA_OutSet
                0x10002f00        0x4 J:/ECE189/MaximSDK/Libraries/PeriphDrivers/bin/MAX78000/softfp/libPeriphDriver_softfp.a(gpio_reva.o)
                0x10002f00                MXC_GPIO_RevA_OutSet
 .text.MXC_GPIO_RevA_OutClr
                0x10002f04        0x4 J:/ECE189/MaximSDK/Libraries/PeriphDrivers/bin/MAX78000/softfp/libPeriphDriver_softfp.a(gpio_reva.o)
                0x10002f04                MXC_GPIO_RevA_OutClr
 .text.MXC_GPIO_RevA_OutToggle
                0x10002f08        0x8 J:/ECE189/MaximSDK/Libraries/PeriphDrivers/bin/MAX78000/softfp/libPeriphDriver_softfp.a(gpio_reva.o)
                0x10002f08                MXC_GPIO_RevA_OutToggle
 .text.MXC_GPIO_RevA_ClearFlags
                0x10002f10        0x4 J:/ECE189/MaximSDK/Libraries/PeriphDrivers/bin/MAX78000/softfp/libPeriphDriver_softfp.a(gpio_reva.o)
                0x10002f10                MXC_GPIO_RevA_ClearFlags
 .text.MXC_GPIO_RevA_GetFlags
                0x10002f14        0x4 J:/ECE189/MaximSDK/Libraries/PeriphDrivers/bin/MAX78000/softfp/libPeriphDriver_softfp.a(gpio_reva.o)
                0x10002f14                MXC_GPIO_RevA_GetFlags
 .text.MXC_GPIO_RevA_SetVSSEL
                0x10002f18       0x30 J:/ECE189/MaximSDK/Libraries/PeriphDrivers/bin/MAX78000/softfp/libPeriphDriver_softfp.a(gpio_reva.o)
                0x10002f18                MXC_GPIO_RevA_SetVSSEL
 .text.MXC_GPIO_RevA_SetAF
                0x10002f48       0x68 J:/ECE189/MaximSDK/Libraries/PeriphDrivers/bin/MAX78000/softfp/libPeriphDriver_softfp.a(gpio_reva.o)
                0x10002f48                MXC_GPIO_RevA_SetAF
 .text.MXC_I2C_SetSlaveAddr
                0x10002fb0        0x4 J:/ECE189/MaximSDK/Libraries/PeriphDrivers/bin/MAX78000/softfp/libPeriphDriver_softfp.a(i2c_me17.o)
                0x10002fb0                MXC_I2C_SetSlaveAddr
 .text.MXC_I2C_Shutdown
                0x10002fb4       0x58 J:/ECE189/MaximSDK/Libraries/PeriphDrivers/bin/MAX78000/softfp/libPeriphDriver_softfp.a(i2c_me17.o)
                0x10002fb4                MXC_I2C_Shutdown
 .text.MXC_I2C_Init
                0x1000300c       0x94 J:/ECE189/MaximSDK/Libraries/PeriphDrivers/bin/MAX78000/softfp/libPeriphDriver_softfp.a(i2c_me17.o)
                0x1000300c                MXC_I2C_Init
 .text.MXC_I2C_SetFrequency
                0x100030a0       0x14 J:/ECE189/MaximSDK/Libraries/PeriphDrivers/bin/MAX78000/softfp/libPeriphDriver_softfp.a(i2c_me17.o)
                0x100030a0                MXC_I2C_SetFrequency
 .text.MXC_I2C_GetFrequency
                0x100030b4        0x4 J:/ECE189/MaximSDK/Libraries/PeriphDrivers/bin/MAX78000/softfp/libPeriphDriver_softfp.a(i2c_me17.o)
                0x100030b4                MXC_I2C_GetFrequency
 .text.MXC_I2C_ClearRXFIFO
                0x100030b8        0x4 J:/ECE189/MaximSDK/Libraries/PeriphDrivers/bin/MAX78000/softfp/libPeriphDriver_softfp.a(i2c_me17.o)
                0x100030b8                MXC_I2C_ClearRXFIFO
 .text.MXC_I2C_ClearTXFIFO
                0x100030bc        0x4 J:/ECE189/MaximSDK/Libraries/PeriphDrivers/bin/MAX78000/softfp/libPeriphDriver_softfp.a(i2c_me17.o)
                0x100030bc                MXC_I2C_ClearTXFIFO
 .text.MXC_I2C_Recover
                0x100030c0        0x4 J:/ECE189/MaximSDK/Libraries/PeriphDrivers/bin/MAX78000/softfp/libPeriphDriver_softfp.a(i2c_me17.o)
                0x100030c0                MXC_I2C_Recover
 .text.MXC_I2C_SetRXThreshold
                0x100030c4        0x4 J:/ECE189/MaximSDK/Libraries/PeriphDrivers/bin/MAX78000/softfp/libPeriphDriver_softfp.a(i2c_me17.o)
                0x100030c4                MXC_I2C_SetRXThreshold
 .text.MXC_I2C_SetTXThreshold
                0x100030c8        0x4 J:/ECE189/MaximSDK/Libraries/PeriphDrivers/bin/MAX78000/softfp/libPeriphDriver_softfp.a(i2c_me17.o)
                0x100030c8                MXC_I2C_SetTXThreshold
 .text.MXC_I2C_RevA_Init
                0x100030cc       0xd0 J:/ECE189/MaximSDK/Libraries/PeriphDrivers/bin/MAX78000/softfp/libPeriphDriver_softfp.a(i2c_reva.o)
                0x100030cc                MXC_I2C_RevA_Init
 .text.MXC_I2C_RevA_SetSlaveAddr
                0x1000319c       0x34 J:/ECE189/MaximSDK/Libraries/PeriphDrivers/bin/MAX78000/softfp/libPeriphDriver_softfp.a(i2c_reva.o)
                0x1000319c                MXC_I2C_RevA_SetSlaveAddr
 .text.MXC_I2C_RevA_SetFrequency
                0x100031d0       0x78 J:/ECE189/MaximSDK/Libraries/PeriphDrivers/bin/MAX78000/softfp/libPeriphDriver_softfp.a(i2c_reva.o)
                0x100031d0                MXC_I2C_RevA_SetFrequency
 .text.MXC_I2C_RevA_GetFrequency
                0x10003248       0x20 J:/ECE189/MaximSDK/Libraries/PeriphDrivers/bin/MAX78000/softfp/libPeriphDriver_softfp.a(i2c_reva.o)
                0x10003248                MXC_I2C_RevA_GetFrequency
 .text.MXC_I2C_RevA_ClearRXFIFO
                0x10003268       0x10 J:/ECE189/MaximSDK/Libraries/PeriphDrivers/bin/MAX78000/softfp/libPeriphDriver_softfp.a(i2c_reva.o)
                0x10003268                MXC_I2C_RevA_ClearRXFIFO
 .text.MXC_I2C_RevA_ClearTXFIFO
                0x10003278       0x10 J:/ECE189/MaximSDK/Libraries/PeriphDrivers/bin/MAX78000/softfp/libPeriphDriver_softfp.a(i2c_reva.o)
                0x10003278                MXC_I2C_RevA_ClearTXFIFO
 .text.MXC_I2C_RevA_Recover
                0x10003288       0xd8 J:/ECE189/MaximSDK/Libraries/PeriphDrivers/bin/MAX78000/softfp/libPeriphDriver_softfp.a(i2c_reva.o)
                0x10003288                MXC_I2C_RevA_Recover
 .text.MXC_I2C_RevA_SetRXThreshold
                0x10003360       0x20 J:/ECE189/MaximSDK/Libraries/PeriphDrivers/bin/MAX78000/softfp/libPeriphDriver_softfp.a(i2c_reva.o)
                0x10003360                MXC_I2C_RevA_SetRXThreshold
 .text.MXC_I2C_RevA_SetTXThreshold
                0x10003380       0x24 J:/ECE189/MaximSDK/Libraries/PeriphDrivers/bin/MAX78000/softfp/libPeriphDriver_softfp.a(i2c_reva.o)
                0x10003380                MXC_I2C_RevA_SetTXThreshold
 .text.MXC_ICC_Enable
                0x100033a4        0x4 J:/ECE189/MaximSDK/Libraries/PeriphDrivers/bin/MAX78000/softfp/libPeriphDriver_softfp.a(icc_me17.o)
                0x100033a4                MXC_ICC_Enable
 .text.MXC_ICC_RevA_Enable
                0x100033a8       0x30 J:/ECE189/MaximSDK/Libraries/PeriphDrivers/bin/MAX78000/softfp/libPeriphDriver_softfp.a(icc_reva.o)
                0x100033a8                MXC_ICC_RevA_Enable
 .text.MXC_PT_Init
                0x100033d8      0x128 J:/ECE189/MaximSDK/Libraries/PeriphDrivers/bin/MAX78000/softfp/libPeriphDriver_softfp.a(pt_me17.o)
                0x100033d8                MXC_PT_Init
 .text.MXC_PT_Config
                0x10003500       0x5c J:/ECE189/MaximSDK/Libraries/PeriphDrivers/bin/MAX78000/softfp/libPeriphDriver_softfp.a(pt_me17.o)
                0x10003500                MXC_PT_Config
 .text.MXC_PT_SqrWaveConfig
                0x1000355c       0x20 J:/ECE189/MaximSDK/Libraries/PeriphDrivers/bin/MAX78000/softfp/libPeriphDriver_softfp.a(pt_me17.o)
                0x1000355c                MXC_PT_SqrWaveConfig
 .text.MXC_PT_Start
                0x1000357c        0xc J:/ECE189/MaximSDK/Libraries/PeriphDrivers/bin/MAX78000/softfp/libPeriphDriver_softfp.a(pt_me17.o)
                0x1000357c                MXC_PT_Start
 .text.MXC_PT_IsActive
                0x10003588        0xc J:/ECE189/MaximSDK/Libraries/PeriphDrivers/bin/MAX78000/softfp/libPeriphDriver_softfp.a(pt_me17.o)
                0x10003588                MXC_PT_IsActive
 .text.MXC_PT_RevA_Init
                0x10003594        0xc J:/ECE189/MaximSDK/Libraries/PeriphDrivers/bin/MAX78000/softfp/libPeriphDriver_softfp.a(pt_reva.o)
                0x10003594                MXC_PT_RevA_Init
 .text.MXC_PT_RevA_Config
                0x100035a0       0xc4 J:/ECE189/MaximSDK/Libraries/PeriphDrivers/bin/MAX78000/softfp/libPeriphDriver_softfp.a(pt_reva.o)
                0x100035a0                MXC_PT_RevA_Config
 .text.MXC_PT_RevA_SqrWaveConfig
                0x10003664       0x18 J:/ECE189/MaximSDK/Libraries/PeriphDrivers/bin/MAX78000/softfp/libPeriphDriver_softfp.a(pt_reva.o)
                0x10003664                MXC_PT_RevA_SqrWaveConfig
 .text.MXC_PT_RevA_Start
                0x1000367c       0x10 J:/ECE189/MaximSDK/Libraries/PeriphDrivers/bin/MAX78000/softfp/libPeriphDriver_softfp.a(pt_reva.o)
                0x1000367c                MXC_PT_RevA_Start
 .text.MXC_PT_RevA_IsActive
                0x1000368c        0xc J:/ECE189/MaximSDK/Libraries/PeriphDrivers/bin/MAX78000/softfp/libPeriphDriver_softfp.a(pt_reva.o)
                0x1000368c                MXC_PT_RevA_IsActive
 .text.MXC_TMR_Init
                0x10003698      0x344 J:/ECE189/MaximSDK/Libraries/PeriphDrivers/bin/MAX78000/softfp/libPeriphDriver_softfp.a(tmr_ai85.o)
                0x10003698                MXC_TMR_Init
 .text.MXC_TMR_Start
                0x100039dc        0x4 J:/ECE189/MaximSDK/Libraries/PeriphDrivers/bin/MAX78000/softfp/libPeriphDriver_softfp.a(tmr_ai85.o)
                0x100039dc                MXC_TMR_Start
 .text.MXC_TMR_Stop
                0x100039e0        0x4 J:/ECE189/MaximSDK/Libraries/PeriphDrivers/bin/MAX78000/softfp/libPeriphDriver_softfp.a(tmr_ai85.o)
                0x100039e0                MXC_TMR_Stop
 .text.MXC_TMR_ClearFlags
                0x100039e4        0x4 J:/ECE189/MaximSDK/Libraries/PeriphDrivers/bin/MAX78000/softfp/libPeriphDriver_softfp.a(tmr_ai85.o)
                0x100039e4                MXC_TMR_ClearFlags
 .text.MXC_TMR_SetCount
                0x100039e8        0x4 J:/ECE189/MaximSDK/Libraries/PeriphDrivers/bin/MAX78000/softfp/libPeriphDriver_softfp.a(tmr_ai85.o)
                0x100039e8                MXC_TMR_SetCount
 .text.MXC_TMR_TO_Start
                0x100039ec        0x4 J:/ECE189/MaximSDK/Libraries/PeriphDrivers/bin/MAX78000/softfp/libPeriphDriver_softfp.a(tmr_ai85.o)
                0x100039ec                MXC_TMR_TO_Start
 .text.MXC_TMR_TO_Stop
                0x100039f0        0x4 J:/ECE189/MaximSDK/Libraries/PeriphDrivers/bin/MAX78000/softfp/libPeriphDriver_softfp.a(tmr_ai85.o)
                0x100039f0                MXC_TMR_TO_Stop
 .text.MXC_TMR_TO_Elapsed
                0x100039f4        0x4 J:/ECE189/MaximSDK/Libraries/PeriphDrivers/bin/MAX78000/softfp/libPeriphDriver_softfp.a(tmr_ai85.o)
                0x100039f4                MXC_TMR_TO_Elapsed
 .text.MXC_TMR_SW_Start
                0x100039f8        0x4 J:/ECE189/MaximSDK/Libraries/PeriphDrivers/bin/MAX78000/softfp/libPeriphDriver_softfp.a(tmr_ai85.o)
                0x100039f8                MXC_TMR_SW_Start
 .text.MXC_TMR_SW_Stop
                0x100039fc        0x4 J:/ECE189/MaximSDK/Libraries/PeriphDrivers/bin/MAX78000/softfp/libPeriphDriver_softfp.a(tmr_ai85.o)
                0x100039fc                MXC_TMR_SW_Stop
 .text.MXC_TMR_GetTime
                0x10003a00        0x4 J:/ECE189/MaximSDK/Libraries/PeriphDrivers/bin/MAX78000/softfp/libPeriphDriver_softfp.a(tmr_ai85.o)
                0x10003a00                MXC_TMR_GetTime
 .text.MXC_TMR_RevB_ConfigGeneric
                0x10003a04       0xe8 J:/ECE189/MaximSDK/Libraries/PeriphDrivers/bin/MAX78000/softfp/libPeriphDriver_softfp.a(tmr_revb.o)
                0x10003a04                MXC_TMR_RevB_ConfigGeneric
 .text.MXC_TMR_RevB_Init
                0x10003aec       0xc8 J:/ECE189/MaximSDK/Libraries/PeriphDrivers/bin/MAX78000/softfp/libPeriphDriver_softfp.a(tmr_revb.o)
                0x10003aec                MXC_TMR_RevB_Init
 .text.MXC_TMR_RevB_Start
                0x10003bb4       0x5c J:/ECE189/MaximSDK/Libraries/PeriphDrivers/bin/MAX78000/softfp/libPeriphDriver_softfp.a(tmr_revb.o)
                0x10003bb4                MXC_TMR_RevB_Start
 .text.MXC_TMR_RevB_Stop
                0x10003c10       0x58 J:/ECE189/MaximSDK/Libraries/PeriphDrivers/bin/MAX78000/softfp/libPeriphDriver_softfp.a(tmr_revb.o)
                0x10003c10                MXC_TMR_RevB_Stop
 .text.MXC_TMR_RevB_ClearFlags
                0x10003c68       0x58 J:/ECE189/MaximSDK/Libraries/PeriphDrivers/bin/MAX78000/softfp/libPeriphDriver_softfp.a(tmr_revb.o)
                0x10003c68                MXC_TMR_RevB_ClearFlags
 .text.MXC_TMR_RevB_SetCount
                0x10003cc0       0x5c J:/ECE189/MaximSDK/Libraries/PeriphDrivers/bin/MAX78000/softfp/libPeriphDriver_softfp.a(tmr_revb.o)
                0x10003cc0                MXC_TMR_RevB_SetCount
 .text.MXC_TMR_RevB_TO_Start
                0x10003d1c       0xe4 J:/ECE189/MaximSDK/Libraries/PeriphDrivers/bin/MAX78000/softfp/libPeriphDriver_softfp.a(tmr_revb.o)
                0x10003d1c                MXC_TMR_RevB_TO_Start
 .text.MXC_TMR_RevB_GetTime
                0x10003e00      0x138 J:/ECE189/MaximSDK/Libraries/PeriphDrivers/bin/MAX78000/softfp/libPeriphDriver_softfp.a(tmr_revb.o)
                0x10003e00                MXC_TMR_RevB_GetTime
 .text.MXC_UART_Shutdown
                0x10003f38       0x70 J:/ECE189/MaximSDK/Libraries/PeriphDrivers/bin/MAX78000/softfp/libPeriphDriver_softfp.a(uart_ai85.o)
                0x10003f38                MXC_UART_Shutdown
 .text.MXC_UART_Init
                0x10003fa8       0xb8 J:/ECE189/MaximSDK/Libraries/PeriphDrivers/bin/MAX78000/softfp/libPeriphDriver_softfp.a(uart_ai85.o)
                0x10003fa8                MXC_UART_Init
 .text.MXC_UART_SetFrequency
                0x10004060       0xcc J:/ECE189/MaximSDK/Libraries/PeriphDrivers/bin/MAX78000/softfp/libPeriphDriver_softfp.a(uart_ai85.o)
                0x10004060                MXC_UART_SetFrequency
 .text.MXC_UART_GetFrequency
                0x1000412c       0x54 J:/ECE189/MaximSDK/Libraries/PeriphDrivers/bin/MAX78000/softfp/libPeriphDriver_softfp.a(uart_ai85.o)
                0x1000412c                MXC_UART_GetFrequency
 .text.MXC_UART_SetDataSize
                0x10004180        0x4 J:/ECE189/MaximSDK/Libraries/PeriphDrivers/bin/MAX78000/softfp/libPeriphDriver_softfp.a(uart_ai85.o)
                0x10004180                MXC_UART_SetDataSize
 .text.MXC_UART_SetStopBits
                0x10004184        0x4 J:/ECE189/MaximSDK/Libraries/PeriphDrivers/bin/MAX78000/softfp/libPeriphDriver_softfp.a(uart_ai85.o)
                0x10004184                MXC_UART_SetStopBits
 .text.MXC_UART_SetParity
                0x10004188        0x4 J:/ECE189/MaximSDK/Libraries/PeriphDrivers/bin/MAX78000/softfp/libPeriphDriver_softfp.a(uart_ai85.o)
                0x10004188                MXC_UART_SetParity
 .text.MXC_UART_ReadCharacterRaw
                0x1000418c        0x4 J:/ECE189/MaximSDK/Libraries/PeriphDrivers/bin/MAX78000/softfp/libPeriphDriver_softfp.a(uart_ai85.o)
                0x1000418c                MXC_UART_ReadCharacterRaw
 .text.MXC_UART_WriteCharacterRaw
                0x10004190        0x4 J:/ECE189/MaximSDK/Libraries/PeriphDrivers/bin/MAX78000/softfp/libPeriphDriver_softfp.a(uart_ai85.o)
                0x10004190                MXC_UART_WriteCharacterRaw
 .text.MXC_UART_ReadCharacter
                0x10004194        0x4 J:/ECE189/MaximSDK/Libraries/PeriphDrivers/bin/MAX78000/softfp/libPeriphDriver_softfp.a(uart_ai85.o)
                0x10004194                MXC_UART_ReadCharacter
 .text.MXC_UART_WriteCharacter
                0x10004198        0x4 J:/ECE189/MaximSDK/Libraries/PeriphDrivers/bin/MAX78000/softfp/libPeriphDriver_softfp.a(uart_ai85.o)
                0x10004198                MXC_UART_WriteCharacter
 .text.MXC_UART_Read
                0x1000419c        0x4 J:/ECE189/MaximSDK/Libraries/PeriphDrivers/bin/MAX78000/softfp/libPeriphDriver_softfp.a(uart_ai85.o)
                0x1000419c                MXC_UART_Read
 .text.MXC_UART_Write
                0x100041a0        0x4 J:/ECE189/MaximSDK/Libraries/PeriphDrivers/bin/MAX78000/softfp/libPeriphDriver_softfp.a(uart_ai85.o)
                0x100041a0                MXC_UART_Write
 .text.MXC_UART_GetRXFIFOAvailable
                0x100041a4        0x4 J:/ECE189/MaximSDK/Libraries/PeriphDrivers/bin/MAX78000/softfp/libPeriphDriver_softfp.a(uart_ai85.o)
                0x100041a4                MXC_UART_GetRXFIFOAvailable
 .text.MXC_UART_GetTXFIFOAvailable
                0x100041a8        0x4 J:/ECE189/MaximSDK/Libraries/PeriphDrivers/bin/MAX78000/softfp/libPeriphDriver_softfp.a(uart_ai85.o)
                0x100041a8                MXC_UART_GetTXFIFOAvailable
 .text.MXC_UART_SetRXThreshold
                0x100041ac        0x4 J:/ECE189/MaximSDK/Libraries/PeriphDrivers/bin/MAX78000/softfp/libPeriphDriver_softfp.a(uart_ai85.o)
                0x100041ac                MXC_UART_SetRXThreshold
 .text.MXC_UART_Common_ReadCharacter
                0x100041b0       0x18 J:/ECE189/MaximSDK/Libraries/PeriphDrivers/bin/MAX78000/softfp/libPeriphDriver_softfp.a(uart_common.o)
                0x100041b0                MXC_UART_Common_ReadCharacter
 .text.MXC_UART_Common_WriteCharacter
                0x100041c8       0x1c J:/ECE189/MaximSDK/Libraries/PeriphDrivers/bin/MAX78000/softfp/libPeriphDriver_softfp.a(uart_common.o)
                0x100041c8                MXC_UART_Common_WriteCharacter
 .text.MXC_UART_RevB_Init
                0x100041e4       0x70 J:/ECE189/MaximSDK/Libraries/PeriphDrivers/bin/MAX78000/softfp/libPeriphDriver_softfp.a(uart_revb.o)
                0x100041e4                MXC_UART_RevB_Init
 .text.MXC_UART_RevB_SetFrequency
                0x10004254       0x9c J:/ECE189/MaximSDK/Libraries/PeriphDrivers/bin/MAX78000/softfp/libPeriphDriver_softfp.a(uart_revb.o)
                0x10004254                MXC_UART_RevB_SetFrequency
 .text.MXC_UART_RevB_GetFrequency
                0x100042f0       0x7c J:/ECE189/MaximSDK/Libraries/PeriphDrivers/bin/MAX78000/softfp/libPeriphDriver_softfp.a(uart_revb.o)
                0x100042f0                MXC_UART_RevB_GetFrequency
 .text.MXC_UART_RevB_SetDataSize
                0x1000436c       0x40 J:/ECE189/MaximSDK/Libraries/PeriphDrivers/bin/MAX78000/softfp/libPeriphDriver_softfp.a(uart_revb.o)
                0x1000436c                MXC_UART_RevB_SetDataSize
 .text.MXC_UART_RevB_SetStopBits
                0x100043ac       0x4c J:/ECE189/MaximSDK/Libraries/PeriphDrivers/bin/MAX78000/softfp/libPeriphDriver_softfp.a(uart_revb.o)
                0x100043ac                MXC_UART_RevB_SetStopBits
 .text.MXC_UART_RevB_SetParity
                0x100043f8       0xb4 J:/ECE189/MaximSDK/Libraries/PeriphDrivers/bin/MAX78000/softfp/libPeriphDriver_softfp.a(uart_revb.o)
                0x100043f8                MXC_UART_RevB_SetParity
 .text.MXC_UART_RevB_ReadCharacterRaw
                0x100044ac       0x38 J:/ECE189/MaximSDK/Libraries/PeriphDrivers/bin/MAX78000/softfp/libPeriphDriver_softfp.a(uart_revb.o)
                0x100044ac                MXC_UART_RevB_ReadCharacterRaw
 .text.MXC_UART_RevB_WriteCharacterRaw
                0x100044e4       0x3c J:/ECE189/MaximSDK/Libraries/PeriphDrivers/bin/MAX78000/softfp/libPeriphDriver_softfp.a(uart_revb.o)
                0x100044e4                MXC_UART_RevB_WriteCharacterRaw
 .text.MXC_UART_RevB_Read
                0x10004520       0x68 J:/ECE189/MaximSDK/Libraries/PeriphDrivers/bin/MAX78000/softfp/libPeriphDriver_softfp.a(uart_revb.o)
                0x10004520                MXC_UART_RevB_Read
 .text.MXC_UART_RevB_Write
                0x10004588       0x68 J:/ECE189/MaximSDK/Libraries/PeriphDrivers/bin/MAX78000/softfp/libPeriphDriver_softfp.a(uart_revb.o)
                0x10004588                MXC_UART_RevB_Write
 .text.MXC_UART_RevB_GetRXFIFOAvailable
                0x100045f0        0x8 J:/ECE189/MaximSDK/Libraries/PeriphDrivers/bin/MAX78000/softfp/libPeriphDriver_softfp.a(uart_revb.o)
                0x100045f0                MXC_UART_RevB_GetRXFIFOAvailable
 .text.MXC_UART_RevB_GetTXFIFOAvailable
                0x100045f8        0xc J:/ECE189/MaximSDK/Libraries/PeriphDrivers/bin/MAX78000/softfp/libPeriphDriver_softfp.a(uart_revb.o)
                0x100045f8                MXC_UART_RevB_GetTXFIFOAvailable
 .text.MXC_UART_RevB_SetRXThreshold
                0x10004604       0x40 J:/ECE189/MaximSDK/Libraries/PeriphDrivers/bin/MAX78000/softfp/libPeriphDriver_softfp.a(uart_revb.o)
                0x10004604                MXC_UART_RevB_SetRXThreshold
 .text.MXC_GetLock
                0x10004644       0x1c J:/ECE189/MaximSDK/Libraries/PeriphDrivers/bin/MAX78000/softfp/libPeriphDriver_softfp.a(mxc_lock.o)
                0x10004644                MXC_GetLock
 .text.MXC_FreeLock
                0x10004660        0xc J:/ECE189/MaximSDK/Libraries/PeriphDrivers/bin/MAX78000/softfp/libPeriphDriver_softfp.a(mxc_lock.o)
                0x10004660                MXC_FreeLock
 .text.MXC_GPIO_Common_Init
                0x1000466c       0x24 J:/ECE189/MaximSDK/Libraries/PeriphDrivers/bin/MAX78000/softfp/libPeriphDriver_softfp.a(gpio_common.o)
                0x1000466c                MXC_GPIO_Common_Init
 .text.MXC_GPIO_Common_Handler
                0x10004690       0x88 J:/ECE189/MaximSDK/Libraries/PeriphDrivers/bin/MAX78000/softfp/libPeriphDriver_softfp.a(gpio_common.o)
                0x10004690                MXC_GPIO_Common_Handler
 .text.MXC_TMR_Common_TO_Stop
                0x10004718       0x14 J:/ECE189/MaximSDK/Libraries/PeriphDrivers/bin/MAX78000/softfp/libPeriphDriver_softfp.a(tmr_common.o)
                0x10004718                MXC_TMR_Common_TO_Stop
 .text.MXC_TMR_Common_SW_Start
                0x1000472c        0x8 J:/ECE189/MaximSDK/Libraries/PeriphDrivers/bin/MAX78000/softfp/libPeriphDriver_softfp.a(tmr_common.o)
                0x1000472c                MXC_TMR_Common_SW_Start
 .text.MXC_TMR_Common_SW_Stop
                0x10004734       0x14 J:/ECE189/MaximSDK/Libraries/PeriphDrivers/bin/MAX78000/softfp/libPeriphDriver_softfp.a(tmr_common.o)
                0x10004734                MXC_TMR_Common_SW_Stop
 .text.MXC_TMR_Common_TO_Elapsed
                0x10004748       0x54 J:/ECE189/MaximSDK/Libraries/PeriphDrivers/bin/MAX78000/softfp/libPeriphDriver_softfp.a(tmr_common.o)
                0x10004748                MXC_TMR_Common_TO_Elapsed
 .text.__errno  0x1000479c        0xc j:/ece189/maximsdk/tools/gnutools/10.3/bin/../lib/gcc/arm-none-eabi/10.3.1/../../../../arm-none-eabi/lib/thumb/v7e-m+fp/softfp\libc.a(lib_a-errno.o)
                0x1000479c                __errno
 .text.__libc_init_array
                0x100047a8       0x48 j:/ece189/maximsdk/tools/gnutools/10.3/bin/../lib/gcc/arm-none-eabi/10.3.1/../../../../arm-none-eabi/lib/thumb/v7e-m+fp/softfp\libc.a(lib_a-init.o)
                0x100047a8                __libc_init_array
 .text.malloc   0x100047f0       0x10 j:/ece189/maximsdk/tools/gnutools/10.3/bin/../lib/gcc/arm-none-eabi/10.3.1/../../../../arm-none-eabi/lib/thumb/v7e-m+fp/softfp\libc.a(lib_a-malloc.o)
                0x100047f0                malloc
 .text.free     0x10004800       0x10 j:/ece189/maximsdk/tools/gnutools/10.3/bin/../lib/gcc/arm-none-eabi/10.3.1/../../../../arm-none-eabi/lib/thumb/v7e-m+fp/softfp\libc.a(lib_a-malloc.o)
                0x10004800                free
 .text._malloc_r
                0x10004810      0x560 j:/ece189/maximsdk/tools/gnutools/10.3/bin/../lib/gcc/arm-none-eabi/10.3.1/../../../../arm-none-eabi/lib/thumb/v7e-m+fp/softfp\libc.a(lib_a-mallocr.o)
                0x10004810                _malloc_r
 .text          0x10004d70      0x134 j:/ece189/maximsdk/tools/gnutools/10.3/bin/../lib/gcc/arm-none-eabi/10.3.1/../../../../arm-none-eabi/lib/thumb/v7e-m+fp/softfp\libc.a(lib_a-memcpy.o)
                0x10004d70                memcpy
 .text.memset   0x10004ea4       0xa4 j:/ece189/maximsdk/tools/gnutools/10.3/bin/../lib/gcc/arm-none-eabi/10.3.1/../../../../arm-none-eabi/lib/thumb/v7e-m+fp/softfp\libc.a(lib_a-memset.o)
                0x10004ea4                memset
 .text.__malloc_lock
                0x10004f48        0xc j:/ece189/maximsdk/tools/gnutools/10.3/bin/../lib/gcc/arm-none-eabi/10.3.1/../../../../arm-none-eabi/lib/thumb/v7e-m+fp/softfp\libc.a(lib_a-mlock.o)
                0x10004f48                __malloc_lock
 .text.__malloc_unlock
                0x10004f54        0xc j:/ece189/maximsdk/tools/gnutools/10.3/bin/../lib/gcc/arm-none-eabi/10.3.1/../../../../arm-none-eabi/lib/thumb/v7e-m+fp/softfp\libc.a(lib_a-mlock.o)
                0x10004f54                __malloc_unlock
 .text.printf   0x10004f60       0x28 j:/ece189/maximsdk/tools/gnutools/10.3/bin/../lib/gcc/arm-none-eabi/10.3.1/../../../../arm-none-eabi/lib/thumb/v7e-m+fp/softfp\libc.a(lib_a-printf.o)
                0x10004f60                printf
 .text._puts_r  0x10004f88       0x9c j:/ece189/maximsdk/tools/gnutools/10.3/bin/../lib/gcc/arm-none-eabi/10.3.1/../../../../arm-none-eabi/lib/thumb/v7e-m+fp/softfp\libc.a(lib_a-puts.o)
                0x10004f88                _puts_r
 .text.puts     0x10005024       0x10 j:/ece189/maximsdk/tools/gnutools/10.3/bin/../lib/gcc/arm-none-eabi/10.3.1/../../../../arm-none-eabi/lib/thumb/v7e-m+fp/softfp\libc.a(lib_a-puts.o)
                0x10005024                puts
 .text._sbrk_r  0x10005034       0x24 j:/ece189/maximsdk/tools/gnutools/10.3/bin/../lib/gcc/arm-none-eabi/10.3.1/../../../../arm-none-eabi/lib/thumb/v7e-m+fp/softfp\libc.a(lib_a-sbrkr.o)
                0x10005034                _sbrk_r
 .text.snprintf
                0x10005058       0x88 j:/ece189/maximsdk/tools/gnutools/10.3/bin/../lib/gcc/arm-none-eabi/10.3.1/../../../../arm-none-eabi/lib/thumb/v7e-m+fp/softfp\libc.a(lib_a-snprintf.o)
                0x10005058                snprintf
 .text.sscanf   0x100050e0       0x58 j:/ece189/maximsdk/tools/gnutools/10.3/bin/../lib/gcc/arm-none-eabi/10.3.1/../../../../arm-none-eabi/lib/thumb/v7e-m+fp/softfp\libc.a(lib_a-sscanf.o)
                0x100050e0                sscanf
 .text.__sread  0x10005138       0x24 j:/ece189/maximsdk/tools/gnutools/10.3/bin/../lib/gcc/arm-none-eabi/10.3.1/../../../../arm-none-eabi/lib/thumb/v7e-m+fp/softfp\libc.a(lib_a-stdio.o)
                0x10005138                __sread
 .text.__seofread
                0x1000515c        0x4 j:/ece189/maximsdk/tools/gnutools/10.3/bin/../lib/gcc/arm-none-eabi/10.3.1/../../../../arm-none-eabi/lib/thumb/v7e-m+fp/softfp\libc.a(lib_a-stdio.o)
                0x1000515c                __seofread
 .text.__swrite
                0x10005160       0x40 j:/ece189/maximsdk/tools/gnutools/10.3/bin/../lib/gcc/arm-none-eabi/10.3.1/../../../../arm-none-eabi/lib/thumb/v7e-m+fp/softfp\libc.a(lib_a-stdio.o)
                0x10005160                __swrite
 .text.__sseek  0x100051a0       0x20 j:/ece189/maximsdk/tools/gnutools/10.3/bin/../lib/gcc/arm-none-eabi/10.3.1/../../../../arm-none-eabi/lib/thumb/v7e-m+fp/softfp\libc.a(lib_a-stdio.o)
                0x100051a0                __sseek
 .text.__sclose
                0x100051c0        0x8 j:/ece189/maximsdk/tools/gnutools/10.3/bin/../lib/gcc/arm-none-eabi/10.3.1/../../../../arm-none-eabi/lib/thumb/v7e-m+fp/softfp\libc.a(lib_a-stdio.o)
                0x100051c0                __sclose
 *fill*         0x100051c8       0x18 
 .text          0x100051e0      0x2dc j:/ece189/maximsdk/tools/gnutools/10.3/bin/../lib/gcc/arm-none-eabi/10.3.1/../../../../arm-none-eabi/lib/thumb/v7e-m+fp/softfp\libc.a(lib_a-strcmp.o)
                0x100051e8                strcmp
 *fill*         0x100054bc        0x4 
 .text          0x100054c0       0xdc j:/ece189/maximsdk/tools/gnutools/10.3/bin/../lib/gcc/arm-none-eabi/10.3.1/../../../../arm-none-eabi/lib/thumb/v7e-m+fp/softfp\libc.a(lib_a-strlen.o)
                0x100054c0                strlen
 *fill*         0x1000559c        0x4 
 .text._svfprintf_r
                0x100055a0     0x1ac8 j:/ece189/maximsdk/tools/gnutools/10.3/bin/../lib/gcc/arm-none-eabi/10.3.1/../../../../arm-none-eabi/lib/thumb/v7e-m+fp/softfp\libc.a(lib_a-svfprintf.o)
                0x100055a0                _svfprintf_r
 .text.__ssvfscanf_r
                0x10007068     0x1754 j:/ece189/maximsdk/tools/gnutools/10.3/bin/../lib/gcc/arm-none-eabi/10.3.1/../../../../arm-none-eabi/lib/thumb/v7e-m+fp/softfp\libc.a(lib_a-svfscanf.o)
                0x10007068                __ssvfscanf_r
 *fill*         0x100087bc        0x4 
 .text._vfprintf_r
                0x100087c0     0x1b8c j:/ece189/maximsdk/tools/gnutools/10.3/bin/../lib/gcc/arm-none-eabi/10.3.1/../../../../arm-none-eabi/lib/thumb/v7e-m+fp/softfp\libc.a(lib_a-vfprintf.o)
                0x100087c0                _vfprintf_r
 .text.__sbprintf
                0x1000a34c       0x80 j:/ece189/maximsdk/tools/gnutools/10.3/bin/../lib/gcc/arm-none-eabi/10.3.1/../../../../arm-none-eabi/lib/thumb/v7e-m+fp/softfp\libc.a(lib_a-vfprintf.o)
 .text._write_r
                0x1000a3cc       0x2c j:/ece189/maximsdk/tools/gnutools/10.3/bin/../lib/gcc/arm-none-eabi/10.3.1/../../../../arm-none-eabi/lib/thumb/v7e-m+fp/softfp\libc.a(lib_a-writer.o)
                0x1000a3cc                _write_r
 .text.__swsetup_r
                0x1000a3f8       0xd4 j:/ece189/maximsdk/tools/gnutools/10.3/bin/../lib/gcc/arm-none-eabi/10.3.1/../../../../arm-none-eabi/lib/thumb/v7e-m+fp/softfp\libc.a(lib_a-wsetup.o)
                0x1000a3f8                __swsetup_r
 .text.startup.register_fini
                0x1000a4cc       0x14 j:/ece189/maximsdk/tools/gnutools/10.3/bin/../lib/gcc/arm-none-eabi/10.3.1/../../../../arm-none-eabi/lib/thumb/v7e-m+fp/softfp\libc.a(lib_a-__call_atexit.o)
 .text.atexit   0x1000a4e0        0xc j:/ece189/maximsdk/tools/gnutools/10.3/bin/../lib/gcc/arm-none-eabi/10.3.1/../../../../arm-none-eabi/lib/thumb/v7e-m+fp/softfp\libc.a(lib_a-atexit.o)
                0x1000a4e0                atexit
 .text._close_r
                0x1000a4ec       0x24 j:/ece189/maximsdk/tools/gnutools/10.3/bin/../lib/gcc/arm-none-eabi/10.3.1/../../../../arm-none-eabi/lib/thumb/v7e-m+fp/softfp\libc.a(lib_a-closer.o)
                0x1000a4ec                _close_r
 .text.quorem   0x1000a510      0x128 j:/ece189/maximsdk/tools/gnutools/10.3/bin/../lib/gcc/arm-none-eabi/10.3.1/../../../../arm-none-eabi/lib/thumb/v7e-m+fp/softfp\libc.a(lib_a-dtoa.o)
 .text._dtoa_r  0x1000a638      0xf34 j:/ece189/maximsdk/tools/gnutools/10.3/bin/../lib/gcc/arm-none-eabi/10.3.1/../../../../arm-none-eabi/lib/thumb/v7e-m+fp/softfp\libc.a(lib_a-dtoa.o)
                0x1000a638                _dtoa_r
 .text.__sflush_r
                0x1000b56c      0x130 j:/ece189/maximsdk/tools/gnutools/10.3/bin/../lib/gcc/arm-none-eabi/10.3.1/../../../../arm-none-eabi/lib/thumb/v7e-m+fp/softfp\libc.a(lib_a-fflush.o)
                0x1000b56c                __sflush_r
 .text._fflush_r
                0x1000b69c       0x5c j:/ece189/maximsdk/tools/gnutools/10.3/bin/../lib/gcc/arm-none-eabi/10.3.1/../../../../arm-none-eabi/lib/thumb/v7e-m+fp/softfp\libc.a(lib_a-fflush.o)
                0x1000b69c                _fflush_r
 .text._cleanup_r
                0x1000b6f8        0xc j:/ece189/maximsdk/tools/gnutools/10.3/bin/../lib/gcc/arm-none-eabi/10.3.1/../../../../arm-none-eabi/lib/thumb/v7e-m+fp/softfp\libc.a(lib_a-findfp.o)
                0x1000b6f8                _cleanup_r
 .text.__sinit  0x1000b704      0x10c j:/ece189/maximsdk/tools/gnutools/10.3/bin/../lib/gcc/arm-none-eabi/10.3.1/../../../../arm-none-eabi/lib/thumb/v7e-m+fp/softfp\libc.a(lib_a-findfp.o)
                0x1000b704                __sinit
 .text.__sfp_lock_acquire
                0x1000b810        0xc j:/ece189/maximsdk/tools/gnutools/10.3/bin/../lib/gcc/arm-none-eabi/10.3.1/../../../../arm-none-eabi/lib/thumb/v7e-m+fp/softfp\libc.a(lib_a-findfp.o)
                0x1000b810                __sfp_lock_acquire
 .text.__sfp_lock_release
                0x1000b81c        0xc j:/ece189/maximsdk/tools/gnutools/10.3/bin/../lib/gcc/arm-none-eabi/10.3.1/../../../../arm-none-eabi/lib/thumb/v7e-m+fp/softfp\libc.a(lib_a-findfp.o)
                0x1000b81c                __sfp_lock_release
 .text.__libc_fini_array
                0x1000b828       0x2c j:/ece189/maximsdk/tools/gnutools/10.3/bin/../lib/gcc/arm-none-eabi/10.3.1/../../../../arm-none-eabi/lib/thumb/v7e-m+fp/softfp\libc.a(lib_a-fini.o)
                0x1000b828                __libc_fini_array
 .text._malloc_trim_r
                0x1000b854       0xa0 j:/ece189/maximsdk/tools/gnutools/10.3/bin/../lib/gcc/arm-none-eabi/10.3.1/../../../../arm-none-eabi/lib/thumb/v7e-m+fp/softfp\libc.a(lib_a-freer.o)
                0x1000b854                _malloc_trim_r
 .text._free_r  0x1000b8f4      0x20c j:/ece189/maximsdk/tools/gnutools/10.3/bin/../lib/gcc/arm-none-eabi/10.3.1/../../../../arm-none-eabi/lib/thumb/v7e-m+fp/softfp\libc.a(lib_a-freer.o)
                0x1000b8f4                _free_r
 .text.__sfvwrite_r
                0x1000bb00      0x2f0 j:/ece189/maximsdk/tools/gnutools/10.3/bin/../lib/gcc/arm-none-eabi/10.3.1/../../../../arm-none-eabi/lib/thumb/v7e-m+fp/softfp\libc.a(lib_a-fvwrite.o)
                0x1000bb00                __sfvwrite_r
 .text._fwalk_reent
                0x1000bdf0       0x48 j:/ece189/maximsdk/tools/gnutools/10.3/bin/../lib/gcc/arm-none-eabi/10.3.1/../../../../arm-none-eabi/lib/thumb/v7e-m+fp/softfp\libc.a(lib_a-fwalk.o)
                0x1000bdf0                _fwalk_reent
 .text.iswspace
                0x1000be38        0x8 j:/ece189/maximsdk/tools/gnutools/10.3/bin/../lib/gcc/arm-none-eabi/10.3.1/../../../../arm-none-eabi/lib/thumb/v7e-m+fp/softfp\libc.a(lib_a-iswspace.o)
                0x1000be38                iswspace
 .text.iswspace_l
                0x1000be40       0x14 j:/ece189/maximsdk/tools/gnutools/10.3/bin/../lib/gcc/arm-none-eabi/10.3.1/../../../../arm-none-eabi/lib/thumb/v7e-m+fp/softfp\libc.a(lib_a-iswspace_l.o)
                0x1000be40                iswspace_l
 .text.__locale_mb_cur_max
                0x1000be54        0xc j:/ece189/maximsdk/tools/gnutools/10.3/bin/../lib/gcc/arm-none-eabi/10.3.1/../../../../arm-none-eabi/lib/thumb/v7e-m+fp/softfp\libc.a(lib_a-locale.o)
                0x1000be54                __locale_mb_cur_max
 .text._localeconv_r
                0x1000be60        0x8 j:/ece189/maximsdk/tools/gnutools/10.3/bin/../lib/gcc/arm-none-eabi/10.3.1/../../../../arm-none-eabi/lib/thumb/v7e-m+fp/softfp\libc.a(lib_a-localeconv.o)
                0x1000be60                _localeconv_r
 .text.__retarget_lock_init_recursive
                0x1000be68        0x4 j:/ece189/maximsdk/tools/gnutools/10.3/bin/../lib/gcc/arm-none-eabi/10.3.1/../../../../arm-none-eabi/lib/thumb/v7e-m+fp/softfp\libc.a(lib_a-lock.o)
                0x1000be68                __retarget_lock_init_recursive
 .text.__retarget_lock_close_recursive
                0x1000be6c        0x4 j:/ece189/maximsdk/tools/gnutools/10.3/bin/../lib/gcc/arm-none-eabi/10.3.1/../../../../arm-none-eabi/lib/thumb/v7e-m+fp/softfp\libc.a(lib_a-lock.o)
                0x1000be6c                __retarget_lock_close_recursive
 .text.__retarget_lock_acquire_recursive
                0x1000be70        0x4 j:/ece189/maximsdk/tools/gnutools/10.3/bin/../lib/gcc/arm-none-eabi/10.3.1/../../../../arm-none-eabi/lib/thumb/v7e-m+fp/softfp\libc.a(lib_a-lock.o)
                0x1000be70                __retarget_lock_acquire_recursive
 .text.__retarget_lock_release_recursive
                0x1000be74        0x4 j:/ece189/maximsdk/tools/gnutools/10.3/bin/../lib/gcc/arm-none-eabi/10.3.1/../../../../arm-none-eabi/lib/thumb/v7e-m+fp/softfp\libc.a(lib_a-lock.o)
                0x1000be74                __retarget_lock_release_recursive
 .text._lseek_r
                0x1000be78       0x2c j:/ece189/maximsdk/tools/gnutools/10.3/bin/../lib/gcc/arm-none-eabi/10.3.1/../../../../arm-none-eabi/lib/thumb/v7e-m+fp/softfp\libc.a(lib_a-lseekr.o)
                0x1000be78                _lseek_r
 .text.__smakebuf_r
                0x1000bea4       0xe0 j:/ece189/maximsdk/tools/gnutools/10.3/bin/../lib/gcc/arm-none-eabi/10.3.1/../../../../arm-none-eabi/lib/thumb/v7e-m+fp/softfp\libc.a(lib_a-makebuf.o)
                0x1000bea4                __smakebuf_r
 .text._mbrtowc_r
                0x1000bf84       0x44 j:/ece189/maximsdk/tools/gnutools/10.3/bin/../lib/gcc/arm-none-eabi/10.3.1/../../../../arm-none-eabi/lib/thumb/v7e-m+fp/softfp\libc.a(lib_a-mbrtowc.o)
                0x1000bf84                _mbrtowc_r
 .text.__ascii_mbtowc
                0x1000bfc8       0x2c j:/ece189/maximsdk/tools/gnutools/10.3/bin/../lib/gcc/arm-none-eabi/10.3.1/../../../../arm-none-eabi/lib/thumb/v7e-m+fp/softfp\libc.a(lib_a-mbtowc_r.o)
                0x1000bfc8                __ascii_mbtowc
 *fill*         0x1000bff4        0xc 
 .text          0x1000c000       0xa0 j:/ece189/maximsdk/tools/gnutools/10.3/bin/../lib/gcc/arm-none-eabi/10.3.1/../../../../arm-none-eabi/lib/thumb/v7e-m+fp/softfp\libc.a(lib_a-memchr.o)
                0x1000c000                memchr
 .text.memmove  0x1000c0a0       0xf8 j:/ece189/maximsdk/tools/gnutools/10.3/bin/../lib/gcc/arm-none-eabi/10.3.1/../../../../arm-none-eabi/lib/thumb/v7e-m+fp/softfp\libc.a(lib_a-memmove.o)
                0x1000c0a0                memmove
 .text._Balloc  0x1000c198       0x4c j:/ece189/maximsdk/tools/gnutools/10.3/bin/../lib/gcc/arm-none-eabi/10.3.1/../../../../arm-none-eabi/lib/thumb/v7e-m+fp/softfp\libc.a(lib_a-mprec.o)
                0x1000c198                _Balloc
 .text._Bfree   0x1000c1e4       0x14 j:/ece189/maximsdk/tools/gnutools/10.3/bin/../lib/gcc/arm-none-eabi/10.3.1/../../../../arm-none-eabi/lib/thumb/v7e-m+fp/softfp\libc.a(lib_a-mprec.o)
                0x1000c1e4                _Bfree
 .text.__multadd
                0x1000c1f8       0xa8 j:/ece189/maximsdk/tools/gnutools/10.3/bin/../lib/gcc/arm-none-eabi/10.3.1/../../../../arm-none-eabi/lib/thumb/v7e-m+fp/softfp\libc.a(lib_a-mprec.o)
                0x1000c1f8                __multadd
 .text.__s2b    0x1000c2a0       0xb4 j:/ece189/maximsdk/tools/gnutools/10.3/bin/../lib/gcc/arm-none-eabi/10.3.1/../../../../arm-none-eabi/lib/thumb/v7e-m+fp/softfp\libc.a(lib_a-mprec.o)
                0x1000c2a0                __s2b
 .text.__hi0bits
                0x1000c354       0x40 j:/ece189/maximsdk/tools/gnutools/10.3/bin/../lib/gcc/arm-none-eabi/10.3.1/../../../../arm-none-eabi/lib/thumb/v7e-m+fp/softfp\libc.a(lib_a-mprec.o)
                0x1000c354                __hi0bits
 .text.__lo0bits
                0x1000c394       0x60 j:/ece189/maximsdk/tools/gnutools/10.3/bin/../lib/gcc/arm-none-eabi/10.3.1/../../../../arm-none-eabi/lib/thumb/v7e-m+fp/softfp\libc.a(lib_a-mprec.o)
                0x1000c394                __lo0bits
 .text.__i2b    0x1000c3f4       0x5c j:/ece189/maximsdk/tools/gnutools/10.3/bin/../lib/gcc/arm-none-eabi/10.3.1/../../../../arm-none-eabi/lib/thumb/v7e-m+fp/softfp\libc.a(lib_a-mprec.o)
                0x1000c3f4                __i2b
 .text.__multiply
                0x1000c450      0x15c j:/ece189/maximsdk/tools/gnutools/10.3/bin/../lib/gcc/arm-none-eabi/10.3.1/../../../../arm-none-eabi/lib/thumb/v7e-m+fp/softfp\libc.a(lib_a-mprec.o)
                0x1000c450                __multiply
 .text.__pow5mult
                0x1000c5ac       0xc0 j:/ece189/maximsdk/tools/gnutools/10.3/bin/../lib/gcc/arm-none-eabi/10.3.1/../../../../arm-none-eabi/lib/thumb/v7e-m+fp/softfp\libc.a(lib_a-mprec.o)
                0x1000c5ac                __pow5mult
 .text.__lshift
                0x1000c66c       0xf0 j:/ece189/maximsdk/tools/gnutools/10.3/bin/../lib/gcc/arm-none-eabi/10.3.1/../../../../arm-none-eabi/lib/thumb/v7e-m+fp/softfp\libc.a(lib_a-mprec.o)
                0x1000c66c                __lshift
 .text.__mcmp   0x1000c75c       0x44 j:/ece189/maximsdk/tools/gnutools/10.3/bin/../lib/gcc/arm-none-eabi/10.3.1/../../../../arm-none-eabi/lib/thumb/v7e-m+fp/softfp\libc.a(lib_a-mprec.o)
                0x1000c75c                __mcmp
 .text.__mdiff  0x1000c7a0      0x14c j:/ece189/maximsdk/tools/gnutools/10.3/bin/../lib/gcc/arm-none-eabi/10.3.1/../../../../arm-none-eabi/lib/thumb/v7e-m+fp/softfp\libc.a(lib_a-mprec.o)
                0x1000c7a0                __mdiff
 .text.__ulp    0x1000c8ec       0x44 j:/ece189/maximsdk/tools/gnutools/10.3/bin/../lib/gcc/arm-none-eabi/10.3.1/../../../../arm-none-eabi/lib/thumb/v7e-m+fp/softfp\libc.a(lib_a-mprec.o)
                0x1000c8ec                __ulp
 .text.__b2d    0x1000c930       0xd0 j:/ece189/maximsdk/tools/gnutools/10.3/bin/../lib/gcc/arm-none-eabi/10.3.1/../../../../arm-none-eabi/lib/thumb/v7e-m+fp/softfp\libc.a(lib_a-mprec.o)
                0x1000c930                __b2d
 .text.__d2b    0x1000ca00       0xc4 j:/ece189/maximsdk/tools/gnutools/10.3/bin/../lib/gcc/arm-none-eabi/10.3.1/../../../../arm-none-eabi/lib/thumb/v7e-m+fp/softfp\libc.a(lib_a-mprec.o)
                0x1000ca00                __d2b
 .text.__ratio  0x1000cac4       0x5c j:/ece189/maximsdk/tools/gnutools/10.3/bin/../lib/gcc/arm-none-eabi/10.3.1/../../../../arm-none-eabi/lib/thumb/v7e-m+fp/softfp\libc.a(lib_a-mprec.o)
                0x1000cac4                __ratio
 .text.__copybits
                0x1000cb20       0x5c j:/ece189/maximsdk/tools/gnutools/10.3/bin/../lib/gcc/arm-none-eabi/10.3.1/../../../../arm-none-eabi/lib/thumb/v7e-m+fp/softfp\libc.a(lib_a-mprec.o)
                0x1000cb20                __copybits
 .text.__any_on
                0x1000cb7c       0x64 j:/ece189/maximsdk/tools/gnutools/10.3/bin/../lib/gcc/arm-none-eabi/10.3.1/../../../../arm-none-eabi/lib/thumb/v7e-m+fp/softfp\libc.a(lib_a-mprec.o)
                0x1000cb7c                __any_on
 .text._read_r  0x1000cbe0       0x2c j:/ece189/maximsdk/tools/gnutools/10.3/bin/../lib/gcc/arm-none-eabi/10.3.1/../../../../arm-none-eabi/lib/thumb/v7e-m+fp/softfp\libc.a(lib_a-readr.o)
                0x1000cbe0                _read_r
 .text.realloc  0x1000cc0c       0x18 j:/ece189/maximsdk/tools/gnutools/10.3/bin/../lib/gcc/arm-none-eabi/10.3.1/../../../../arm-none-eabi/lib/thumb/v7e-m+fp/softfp\libc.a(lib_a-realloc.o)
                0x1000cc0c                realloc
 .text._realloc_r
                0x1000cc24      0x3d8 j:/ece189/maximsdk/tools/gnutools/10.3/bin/../lib/gcc/arm-none-eabi/10.3.1/../../../../arm-none-eabi/lib/thumb/v7e-m+fp/softfp\libc.a(lib_a-reallocr.o)
                0x1000cc24                _realloc_r
 .text.frexp    0x1000cffc       0x70 j:/ece189/maximsdk/tools/gnutools/10.3/bin/../lib/gcc/arm-none-eabi/10.3.1/../../../../arm-none-eabi/lib/thumb/v7e-m+fp/softfp\libc.a(lib_a-s_frexp.o)
                0x1000cffc                frexp
 .text.__sccl   0x1000d06c       0x8c j:/ece189/maximsdk/tools/gnutools/10.3/bin/../lib/gcc/arm-none-eabi/10.3.1/../../../../arm-none-eabi/lib/thumb/v7e-m+fp/softfp\libc.a(lib_a-sccl.o)
                0x1000d06c                __sccl
 .text.nanf     0x1000d0f8        0x8 j:/ece189/maximsdk/tools/gnutools/10.3/bin/../lib/gcc/arm-none-eabi/10.3.1/../../../../arm-none-eabi/lib/thumb/v7e-m+fp/softfp\libc.a(lib_a-sf_nan.o)
                0x1000d0f8                nanf
 .text.sprintf  0x1000d100       0x40 j:/ece189/maximsdk/tools/gnutools/10.3/bin/../lib/gcc/arm-none-eabi/10.3.1/../../../../arm-none-eabi/lib/thumb/v7e-m+fp/softfp\libc.a(lib_a-sprintf.o)
                0x1000d100                sprintf
 .text.strncpy  0x1000d140       0x64 j:/ece189/maximsdk/tools/gnutools/10.3/bin/../lib/gcc/arm-none-eabi/10.3.1/../../../../arm-none-eabi/lib/thumb/v7e-m+fp/softfp\libc.a(lib_a-strncpy.o)
                0x1000d140                strncpy
 *fill*         0x1000d1a4        0x4 
 .text._strtod_l
                0x1000d1a8      0xf50 j:/ece189/maximsdk/tools/gnutools/10.3/bin/../lib/gcc/arm-none-eabi/10.3.1/../../../../arm-none-eabi/lib/thumb/v7e-m+fp/softfp\libc.a(lib_a-strtod.o)
                0x1000d1a8                _strtod_l
 .text._strtod_r
                0x1000e0f8        0xc j:/ece189/maximsdk/tools/gnutools/10.3/bin/../lib/gcc/arm-none-eabi/10.3.1/../../../../arm-none-eabi/lib/thumb/v7e-m+fp/softfp\libc.a(lib_a-strtod.o)
                0x1000e0f8                _strtod_r
 .text._strtol_l.part.0
                0x1000e104      0x120 j:/ece189/maximsdk/tools/gnutools/10.3/bin/../lib/gcc/arm-none-eabi/10.3.1/../../../../arm-none-eabi/lib/thumb/v7e-m+fp/softfp\libc.a(lib_a-strtol.o)
 .text._strtol_r
                0x1000e224       0x1c j:/ece189/maximsdk/tools/gnutools/10.3/bin/../lib/gcc/arm-none-eabi/10.3.1/../../../../arm-none-eabi/lib/thumb/v7e-m+fp/softfp\libc.a(lib_a-strtol.o)
                0x1000e224                _strtol_r
 .text._strtoll_l.constprop.0
                0x1000e240      0x170 j:/ece189/maximsdk/tools/gnutools/10.3/bin/../lib/gcc/arm-none-eabi/10.3.1/../../../../arm-none-eabi/lib/thumb/v7e-m+fp/softfp\libc.a(lib_a-strtoll.o)
 .text._strtoll_r
                0x1000e3b0        0x4 j:/ece189/maximsdk/tools/gnutools/10.3/bin/../lib/gcc/arm-none-eabi/10.3.1/../../../../arm-none-eabi/lib/thumb/v7e-m+fp/softfp\libc.a(lib_a-strtoll.o)
                0x1000e3b0                _strtoll_r
 .text._strtoul_l.constprop.0
                0x1000e3b4      0x13c j:/ece189/maximsdk/tools/gnutools/10.3/bin/../lib/gcc/arm-none-eabi/10.3.1/../../../../arm-none-eabi/lib/thumb/v7e-m+fp/softfp\libc.a(lib_a-strtoul.o)
 .text._strtoul_r
                0x1000e4f0        0x4 j:/ece189/maximsdk/tools/gnutools/10.3/bin/../lib/gcc/arm-none-eabi/10.3.1/../../../../arm-none-eabi/lib/thumb/v7e-m+fp/softfp\libc.a(lib_a-strtoul.o)
                0x1000e4f0                _strtoul_r
 .text._strtoull_l.constprop.0
                0x1000e4f4      0x19c j:/ece189/maximsdk/tools/gnutools/10.3/bin/../lib/gcc/arm-none-eabi/10.3.1/../../../../arm-none-eabi/lib/thumb/v7e-m+fp/softfp\libc.a(lib_a-strtoull.o)
 .text._strtoull_r
                0x1000e690        0x4 j:/ece189/maximsdk/tools/gnutools/10.3/bin/../lib/gcc/arm-none-eabi/10.3.1/../../../../arm-none-eabi/lib/thumb/v7e-m+fp/softfp\libc.a(lib_a-strtoull.o)
                0x1000e690                _strtoull_r
 .text.__ssprint_r
                0x1000e694       0xf8 j:/ece189/maximsdk/tools/gnutools/10.3/bin/../lib/gcc/arm-none-eabi/10.3.1/../../../../arm-none-eabi/lib/thumb/v7e-m+fp/softfp\libc.a(lib_a-svfiprintf.o)
                0x1000e694                __ssprint_r
 .text._sungetc_r
                0x1000e78c       0x80 j:/ece189/maximsdk/tools/gnutools/10.3/bin/../lib/gcc/arm-none-eabi/10.3.1/../../../../arm-none-eabi/lib/thumb/v7e-m+fp/softfp\libc.a(lib_a-svfiscanf.o)
                0x1000e78c                _sungetc_r
 .text.__ssrefill_r
                0x1000e80c       0x3c j:/ece189/maximsdk/tools/gnutools/10.3/bin/../lib/gcc/arm-none-eabi/10.3.1/../../../../arm-none-eabi/lib/thumb/v7e-m+fp/softfp\libc.a(lib_a-svfiscanf.o)
                0x1000e80c                __ssrefill_r
 .text._sfread_r
                0x1000e848       0xb4 j:/ece189/maximsdk/tools/gnutools/10.3/bin/../lib/gcc/arm-none-eabi/10.3.1/../../../../arm-none-eabi/lib/thumb/v7e-m+fp/softfp\libc.a(lib_a-svfiscanf.o)
                0x1000e848                _sfread_r
 .text.__submore
                0x1000e8fc       0x78 j:/ece189/maximsdk/tools/gnutools/10.3/bin/../lib/gcc/arm-none-eabi/10.3.1/../../../../arm-none-eabi/lib/thumb/v7e-m+fp/softfp\libc.a(lib_a-ungetc.o)
                0x1000e8fc                __submore
 .text.__sprint_r.part.0
                0x1000e974       0x78 j:/ece189/maximsdk/tools/gnutools/10.3/bin/../lib/gcc/arm-none-eabi/10.3.1/../../../../arm-none-eabi/lib/thumb/v7e-m+fp/softfp\libc.a(lib_a-vfiprintf.o)
 .text.__sprint_r
                0x1000e9ec       0x18 j:/ece189/maximsdk/tools/gnutools/10.3/bin/../lib/gcc/arm-none-eabi/10.3.1/../../../../arm-none-eabi/lib/thumb/v7e-m+fp/softfp\libc.a(lib_a-vfiprintf.o)
                0x1000e9ec                __sprint_r
 .text._vfiprintf_r
                0x1000ea04      0xdfc j:/ece189/maximsdk/tools/gnutools/10.3/bin/../lib/gcc/arm-none-eabi/10.3.1/../../../../arm-none-eabi/lib/thumb/v7e-m+fp/softfp\libc.a(lib_a-vfiprintf.o)
                0x1000ea04                _vfiprintf_r
 .text.__sbprintf
                0x1000f800       0x80 j:/ece189/maximsdk/tools/gnutools/10.3/bin/../lib/gcc/arm-none-eabi/10.3.1/../../../../arm-none-eabi/lib/thumb/v7e-m+fp/softfp\libc.a(lib_a-vfiprintf.o)
 .text.__ascii_wctomb
                0x1000f880       0x1c j:/ece189/maximsdk/tools/gnutools/10.3/bin/../lib/gcc/arm-none-eabi/10.3.1/../../../../arm-none-eabi/lib/thumb/v7e-m+fp/softfp\libc.a(lib_a-wctomb_r.o)
                0x1000f880                __ascii_wctomb
 .text.__register_exitproc
                0x1000f89c       0x8c j:/ece189/maximsdk/tools/gnutools/10.3/bin/../lib/gcc/arm-none-eabi/10.3.1/../../../../arm-none-eabi/lib/thumb/v7e-m+fp/softfp\libc.a(lib_a-__atexit.o)
                0x1000f89c                __register_exitproc
 .text.__assert_func
                0x1000f928       0x40 j:/ece189/maximsdk/tools/gnutools/10.3/bin/../lib/gcc/arm-none-eabi/10.3.1/../../../../arm-none-eabi/lib/thumb/v7e-m+fp/softfp\libc.a(lib_a-assert.o)
                0x1000f928                __assert_func
 .text._calloc_r
                0x1000f968       0x78 j:/ece189/maximsdk/tools/gnutools/10.3/bin/../lib/gcc/arm-none-eabi/10.3.1/../../../../arm-none-eabi/lib/thumb/v7e-m+fp/softfp\libc.a(lib_a-callocr.o)
                0x1000f968                _calloc_r
 .text._fclose_r
                0x1000f9e0       0xcc j:/ece189/maximsdk/tools/gnutools/10.3/bin/../lib/gcc/arm-none-eabi/10.3.1/../../../../arm-none-eabi/lib/thumb/v7e-m+fp/softfp\libc.a(lib_a-fclose.o)
                0x1000f9e0                _fclose_r
 .text.fiprintf
                0x1000faac       0x28 j:/ece189/maximsdk/tools/gnutools/10.3/bin/../lib/gcc/arm-none-eabi/10.3.1/../../../../arm-none-eabi/lib/thumb/v7e-m+fp/softfp\libc.a(lib_a-fiprintf.o)
                0x1000faac                fiprintf
 .text.__fputwc
                0x1000fad4       0xa8 j:/ece189/maximsdk/tools/gnutools/10.3/bin/../lib/gcc/arm-none-eabi/10.3.1/../../../../arm-none-eabi/lib/thumb/v7e-m+fp/softfp\libc.a(lib_a-fputwc.o)
                0x1000fad4                __fputwc
 .text._fputwc_r
                0x1000fb7c       0x68 j:/ece189/maximsdk/tools/gnutools/10.3/bin/../lib/gcc/arm-none-eabi/10.3.1/../../../../arm-none-eabi/lib/thumb/v7e-m+fp/softfp\libc.a(lib_a-fputwc.o)
                0x1000fb7c                _fputwc_r
 .text._fstat_r
                0x1000fbe4       0x2c j:/ece189/maximsdk/tools/gnutools/10.3/bin/../lib/gcc/arm-none-eabi/10.3.1/../../../../arm-none-eabi/lib/thumb/v7e-m+fp/softfp\libc.a(lib_a-fstatr.o)
                0x1000fbe4                _fstat_r
 .text.rshift   0x1000fc10       0xa4 j:/ece189/maximsdk/tools/gnutools/10.3/bin/../lib/gcc/arm-none-eabi/10.3.1/../../../../arm-none-eabi/lib/thumb/v7e-m+fp/softfp\libc.a(lib_a-gdtoa-gethex.o)
 .text.__gethex
                0x1000fcb4      0x5d8 j:/ece189/maximsdk/tools/gnutools/10.3/bin/../lib/gcc/arm-none-eabi/10.3.1/../../../../arm-none-eabi/lib/thumb/v7e-m+fp/softfp\libc.a(lib_a-gdtoa-gethex.o)
                0x1000fcb4                __gethex
 .text.__match  0x1001028c       0x38 j:/ece189/maximsdk/tools/gnutools/10.3/bin/../lib/gcc/arm-none-eabi/10.3.1/../../../../arm-none-eabi/lib/thumb/v7e-m+fp/softfp\libc.a(lib_a-gdtoa-hexnan.o)
                0x1001028c                __match
 .text.__hexnan
                0x100102c4      0x1ac j:/ece189/maximsdk/tools/gnutools/10.3/bin/../lib/gcc/arm-none-eabi/10.3.1/../../../../arm-none-eabi/lib/thumb/v7e-m+fp/softfp\libc.a(lib_a-gdtoa-hexnan.o)
                0x100102c4                __hexnan
 .text._isatty_r
                0x10010470       0x24 j:/ece189/maximsdk/tools/gnutools/10.3/bin/../lib/gcc/arm-none-eabi/10.3.1/../../../../arm-none-eabi/lib/thumb/v7e-m+fp/softfp\libc.a(lib_a-isattyr.o)
                0x10010470                _isatty_r
 .text.nan      0x10010494        0xc j:/ece189/maximsdk/tools/gnutools/10.3/bin/../lib/gcc/arm-none-eabi/10.3.1/../../../../arm-none-eabi/lib/thumb/v7e-m+fp/softfp\libc.a(lib_a-s_nan.o)
                0x10010494                nan
 .text.strncmp  0x100104a0       0x80 j:/ece189/maximsdk/tools/gnutools/10.3/bin/../lib/gcc/arm-none-eabi/10.3.1/../../../../arm-none-eabi/lib/thumb/v7e-m+fp/softfp\libc.a(lib_a-strncmp.o)
                0x100104a0                strncmp
 .text.__swbuf_r
                0x10010520       0xb0 j:/ece189/maximsdk/tools/gnutools/10.3/bin/../lib/gcc/arm-none-eabi/10.3.1/../../../../arm-none-eabi/lib/thumb/v7e-m+fp/softfp\libc.a(lib_a-wbuf.o)
                0x10010520                __swbuf_r
 .text._wcrtomb_r
                0x100105d0       0x3c j:/ece189/maximsdk/tools/gnutools/10.3/bin/../lib/gcc/arm-none-eabi/10.3.1/../../../../arm-none-eabi/lib/thumb/v7e-m+fp/softfp\libc.a(lib_a-wcrtomb.o)
                0x100105d0                _wcrtomb_r
 .text.abort    0x1001060c       0x10 j:/ece189/maximsdk/tools/gnutools/10.3/bin/../lib/gcc/arm-none-eabi/10.3.1/../../../../arm-none-eabi/lib/thumb/v7e-m+fp/softfp\libc.a(lib_a-abort.o)
                0x1001060c                abort
 .text.raise    0x1001061c       0x5c j:/ece189/maximsdk/tools/gnutools/10.3/bin/../lib/gcc/arm-none-eabi/10.3.1/../../../../arm-none-eabi/lib/thumb/v7e-m+fp/softfp\libc.a(lib_a-signal.o)
                0x1001061c                raise
 .text._kill_r  0x10010678       0x2c j:/ece189/maximsdk/tools/gnutools/10.3/bin/../lib/gcc/arm-none-eabi/10.3.1/../../../../arm-none-eabi/lib/thumb/v7e-m+fp/softfp\libc.a(lib_a-signalr.o)
                0x10010678                _kill_r
 .text._getpid_r
                0x100106a4        0x4 j:/ece189/maximsdk/tools/gnutools/10.3/bin/../lib/gcc/arm-none-eabi/10.3.1/../../../../arm-none-eabi/lib/thumb/v7e-m+fp/softfp\libc.a(lib_a-signalr.o)
                0x100106a4                _getpid_r
 .text._getpid  0x100106a8       0x10 j:/ece189/maximsdk/tools/gnutools/10.3/bin/../lib/gcc/arm-none-eabi/10.3.1/../../../../arm-none-eabi/lib/thumb/v7e-m+fp/softfp\libnosys.a(getpid.o)
                0x100106a8                _getpid
 .text._kill    0x100106b8       0x10 j:/ece189/maximsdk/tools/gnutools/10.3/bin/../lib/gcc/arm-none-eabi/10.3.1/../../../../arm-none-eabi/lib/thumb/v7e-m+fp/softfp\libnosys.a(kill.o)
                0x100106b8                _kill
 .text._exit    0x100106c8        0x4 j:/ece189/maximsdk/tools/gnutools/10.3/bin/../lib/gcc/arm-none-eabi/10.3.1/../../../../arm-none-eabi/lib/thumb/v7e-m+fp/softfp\libnosys.a(_exit.o)
                0x100106c8                _exit
 .text          0x100106cc      0x378 j:/ece189/maximsdk/tools/gnutools/10.3/bin/../lib/gcc/arm-none-eabi/10.3.1/thumb/v7e-m+fp/softfp\libgcc.a(_arm_addsubdf3.o)
                0x100106cc                __aeabi_drsub
                0x100106d4                __aeabi_dsub
                0x100106d4                __subdf3
                0x100106d8                __aeabi_dadd
                0x100106d8                __adddf3
                0x10010950                __floatunsidf
                0x10010950                __aeabi_ui2d
                0x10010970                __floatsidf
                0x10010970                __aeabi_i2d
                0x10010994                __aeabi_f2d
                0x10010994                __extendsfdf2
                0x100109d8                __floatundidf
                0x100109d8                __aeabi_ul2d
                0x100109e8                __floatdidf
                0x100109e8                __aeabi_l2d
 .text          0x10010a44      0x424 j:/ece189/maximsdk/tools/gnutools/10.3/bin/../lib/gcc/arm-none-eabi/10.3.1/thumb/v7e-m+fp/softfp\libgcc.a(_arm_muldivdf3.o)
                0x10010a44                __aeabi_dmul
                0x10010a44                __muldf3
                0x10010c98                __divdf3
                0x10010c98                __aeabi_ddiv
 .text          0x10010e68      0x110 j:/ece189/maximsdk/tools/gnutools/10.3/bin/../lib/gcc/arm-none-eabi/10.3.1/thumb/v7e-m+fp/softfp\libgcc.a(_arm_cmpdf2.o)
                0x10010e68                __gtdf2
                0x10010e68                __gedf2
                0x10010e70                __ltdf2
                0x10010e70                __ledf2
                0x10010e78                __nedf2
                0x10010e78                __eqdf2
                0x10010e78                __cmpdf2
                0x10010ef4                __aeabi_cdrcmple
                0x10010f04                __aeabi_cdcmpeq
                0x10010f04                __aeabi_cdcmple
                0x10010f14                __aeabi_dcmpeq
                0x10010f28                __aeabi_dcmplt
                0x10010f3c                __aeabi_dcmple
                0x10010f50                __aeabi_dcmpge
                0x10010f64                __aeabi_dcmpgt
 .text          0x10010f78       0x2c j:/ece189/maximsdk/tools/gnutools/10.3/bin/../lib/gcc/arm-none-eabi/10.3.1/thumb/v7e-m+fp/softfp\libgcc.a(_arm_unorddf2.o)
                0x10010f78                __unorddf2
                0x10010f78                __aeabi_dcmpun
 .text          0x10010fa4       0x50 j:/ece189/maximsdk/tools/gnutools/10.3/bin/../lib/gcc/arm-none-eabi/10.3.1/thumb/v7e-m+fp/softfp\libgcc.a(_arm_fixdfsi.o)
                0x10010fa4                __aeabi_d2iz
                0x10010fa4                __fixdfsi
 .text          0x10010ff4       0x40 j:/ece189/maximsdk/tools/gnutools/10.3/bin/../lib/gcc/arm-none-eabi/10.3.1/thumb/v7e-m+fp/softfp\libgcc.a(_arm_fixunsdfsi.o)
                0x10010ff4                __aeabi_d2uiz
                0x10010ff4                __fixunsdfsi
 .text          0x10011034       0xa0 j:/ece189/maximsdk/tools/gnutools/10.3/bin/../lib/gcc/arm-none-eabi/10.3.1/thumb/v7e-m+fp/softfp\libgcc.a(_arm_truncdfsf2.o)
                0x10011034                __truncdfsf2
                0x10011034                __aeabi_d2f
 .text          0x100110d4       0x30 j:/ece189/maximsdk/tools/gnutools/10.3/bin/../lib/gcc/arm-none-eabi/10.3.1/thumb/v7e-m+fp/softfp\libgcc.a(_aeabi_uldivmod.o)
                0x100110d4                __aeabi_uldivmod
 .text          0x10011104       0x30 j:/ece189/maximsdk/tools/gnutools/10.3/bin/../lib/gcc/arm-none-eabi/10.3.1/thumb/v7e-m+fp/softfp\libgcc.a(_fixdfdi.o)
                0x10011104                __fixdfdi
                0x10011104                __aeabi_d2lz
 .text          0x10011134       0x3c j:/ece189/maximsdk/tools/gnutools/10.3/bin/../lib/gcc/arm-none-eabi/10.3.1/thumb/v7e-m+fp/softfp\libgcc.a(_fixunsdfdi.o)
                0x10011134                __fixunsdfdi
                0x10011134                __aeabi_d2ulz
 .text          0x10011170      0x2d0 j:/ece189/maximsdk/tools/gnutools/10.3/bin/../lib/gcc/arm-none-eabi/10.3.1/thumb/v7e-m+fp/softfp\libgcc.a(_udivmoddi4.o)
                0x10011170                __udivmoddi4
 .text          0x10011440        0x4 j:/ece189/maximsdk/tools/gnutools/10.3/bin/../lib/gcc/arm-none-eabi/10.3.1/thumb/v7e-m+fp/softfp\libgcc.a(_dvmd_tls.o)
                0x10011440                __aeabi_idiv0
                0x10011440                __aeabi_ldiv0
 *(.rodata*)
 .rodata.send_msg.str1.4
                0x10011444        0x0 J:/ECE189/MaximSDK/Examples/MAX78000/ImgCapture/build/console.o
                                  0x2 (size before relaxing)
 .rodata.print_help.str1.4
                0x10011444       0x32 J:/ECE189/MaximSDK/Examples/MAX78000/ImgCapture/build/console.o
 *fill*         0x10011476        0x2 
 .rodata.console_init.str1.4
                0x10011478       0x56 J:/ECE189/MaximSDK/Examples/MAX78000/ImgCapture/build/console.o
 *fill*         0x100114ce        0x2 
 .rodata.str1.4
                0x100114d0      0x1d8 J:/ECE189/MaximSDK/Examples/MAX78000/ImgCapture/build/console.o
 .rodata.capture_img.str1.4
                0x100116a8       0x9c J:/ECE189/MaximSDK/Examples/MAX78000/ImgCapture/build/main.o
 .rodata.transmit_capture_uart.str1.4
                0x10011744       0x3c J:/ECE189/MaximSDK/Examples/MAX78000/ImgCapture/build/main.o
 .rodata.stream_img.str1.4
                0x10011780       0x8b J:/ECE189/MaximSDK/Examples/MAX78000/ImgCapture/build/main.o
 *fill*         0x1001180b        0x1 
 .rodata.transmit_stream_uart.str1.4
                0x1001180c       0x25 J:/ECE189/MaximSDK/Examples/MAX78000/ImgCapture/build/main.o
 *fill*         0x10011831        0x3 
 .rodata.service_console.str1.4
                0x10011834       0xa5 J:/ECE189/MaximSDK/Examples/MAX78000/ImgCapture/build/main.o
 *fill*         0x100118d9        0x3 
 .rodata.main.str1.4
                0x100118dc       0x9f J:/ECE189/MaximSDK/Examples/MAX78000/ImgCapture/build/main.o
 *fill*         0x1001197b        0x1 
 .rodata.mxc_assert.str1.4
                0x1001197c       0x19 J:/ECE189/MaximSDK/Examples/MAX78000/ImgCapture/build/board.o
 *fill*         0x10011995        0x3 
 .rodata.Board_Init.str1.4
                0x10011998       0x4d J:/ECE189/MaximSDK/Examples/MAX78000/ImgCapture/build/board.o
 *fill*         0x100119e5        0x3 
 .rodata.led_pin