Archive member included to satisfy reference by file (symbol)

/Users/shaunak/MaximSDK/Libraries/PeriphDrivers/bin/MAX78000/softfp/libPeriphDriver_softfp.a(mxc_delay.o)
                              /Users/shaunak/Desktop/ECE189/shaunak/build/PCA9685.o (MXC_Delay)
/Users/shaunak/MaximSDK/Libraries/PeriphDrivers/bin/MAX78000/softfp/libPeriphDriver_softfp.a(pins_ai85.o)
                              /Users/shaunak/Desktop/ECE189/shaunak/build/camera.o (gpio_cfg_pcif_xclk)
/Users/shaunak/MaximSDK/Libraries/PeriphDrivers/bin/MAX78000/softfp/libPeriphDriver_softfp.a(sys_ai85.o)
                              /Users/shaunak/Desktop/ECE189/shaunak/build/board.o (MXC_SYS_ClockEnable)
/Users/shaunak/MaximSDK/Libraries/PeriphDrivers/bin/MAX78000/softfp/libPeriphDriver_softfp.a(nvic_table.o)
                              /Users/shaunak/Desktop/ECE189/shaunak/build/camera.o (MXC_NVIC_SetVector)
/Users/shaunak/MaximSDK/Libraries/PeriphDrivers/bin/MAX78000/softfp/libPeriphDriver_softfp.a(cameraif_ai85.o)
                              /Users/shaunak/Desktop/ECE189/shaunak/build/camera.o (MXC_PCIF_Init)
/Users/shaunak/MaximSDK/Libraries/PeriphDrivers/bin/MAX78000/softfp/libPeriphDriver_softfp.a(cameraif_reva.o)
                              /Users/shaunak/MaximSDK/Libraries/PeriphDrivers/bin/MAX78000/softfp/libPeriphDriver_softfp.a(cameraif_ai85.o) (MXC_PCIF_RevA_SetDatawidth)
/Users/shaunak/MaximSDK/Libraries/PeriphDrivers/bin/MAX78000/softfp/libPeriphDriver_softfp.a(dma_me17.o)
                              /Users/shaunak/Desktop/ECE189/shaunak/build/camera.o (MXC_DMA_SetCallback)
/Users/shaunak/MaximSDK/Libraries/PeriphDrivers/bin/MAX78000/softfp/libPeriphDriver_softfp.a(dma_reva.o)
                              /Users/shaunak/MaximSDK/Libraries/PeriphDrivers/bin/MAX78000/softfp/libPeriphDriver_softfp.a(dma_me17.o) (MXC_DMA_RevA_Init)
/Users/shaunak/MaximSDK/Libraries/PeriphDrivers/bin/MAX78000/softfp/libPeriphDriver_softfp.a(flc_me17.o)
                              /Users/shaunak/MaximSDK/Libraries/PeriphDrivers/bin/MAX78000/softfp/libPeriphDriver_softfp.a(sys_ai85.o) (MXC_FLC_UnlockInfoBlock)
/Users/shaunak/MaximSDK/Libraries/PeriphDrivers/bin/MAX78000/softfp/libPeriphDriver_softfp.a(flc_reva.o)
                              /Users/shaunak/MaximSDK/Libraries/PeriphDrivers/bin/MAX78000/softfp/libPeriphDriver_softfp.a(flc_me17.o) (MXC_FLC_RevA_Busy)
/Users/shaunak/MaximSDK/Libraries/PeriphDrivers/bin/MAX78000/softfp/libPeriphDriver_softfp.a(gpio_ai85.o)
                              /Users/shaunak/Desktop/ECE189/shaunak/build/belt.o (MXC_GPIO_Config)
/Users/shaunak/MaximSDK/Libraries/PeriphDrivers/bin/MAX78000/softfp/libPeriphDriver_softfp.a(gpio_reva.o)
                              /Users/shaunak/MaximSDK/Libraries/PeriphDrivers/bin/MAX78000/softfp/libPeriphDriver_softfp.a(gpio_ai85.o) (MXC_GPIO_RevA_InGet)
/Users/shaunak/MaximSDK/Libraries/PeriphDrivers/bin/MAX78000/softfp/libPeriphDriver_softfp.a(i2c_me17.o)
                              /Users/shaunak/Desktop/ECE189/shaunak/build/main.o (MXC_I2C_Init)
/Users/shaunak/MaximSDK/Libraries/PeriphDrivers/bin/MAX78000/softfp/libPeriphDriver_softfp.a(i2c_reva.o)
                              /Users/shaunak/MaximSDK/Libraries/PeriphDrivers/bin/MAX78000/softfp/libPeriphDriver_softfp.a(i2c_me17.o) (MXC_I2C_RevA_DMACallback)
/Users/shaunak/MaximSDK/Libraries/PeriphDrivers/bin/MAX78000/softfp/libPeriphDriver_softfp.a(icc_me17.o)
                              /Users/shaunak/Desktop/ECE189/shaunak/build/system_max78000.o (MXC_ICC_Enable)
/Users/shaunak/MaximSDK/Libraries/PeriphDrivers/bin/MAX78000/softfp/libPeriphDriver_softfp.a(icc_reva.o)
                              /Users/shaunak/MaximSDK/Libraries/PeriphDrivers/bin/MAX78000/softfp/libPeriphDriver_softfp.a(icc_me17.o) (MXC_ICC_RevA_ID)
/Users/shaunak/MaximSDK/Libraries/PeriphDrivers/bin/MAX78000/softfp/libPeriphDriver_softfp.a(pt_me17.o)
                              /Users/shaunak/Desktop/ECE189/shaunak/build/camera.o (MXC_PT_Init)
/Users/shaunak/MaximSDK/Libraries/PeriphDrivers/bin/MAX78000/softfp/libPeriphDriver_softfp.a(pt_reva.o)
                              /Users/shaunak/MaximSDK/Libraries/PeriphDrivers/bin/MAX78000/softfp/libPeriphDriver_softfp.a(pt_me17.o) (MXC_PT_RevA_Init)
/Users/shaunak/MaximSDK/Libraries/PeriphDrivers/bin/MAX78000/softfp/libPeriphDriver_softfp.a(spi_me17.o)
                              /Users/shaunak/Desktop/ECE189/shaunak/build/tft_ili9341.o (MXC_SPI_Init)
/Users/shaunak/MaximSDK/Libraries/PeriphDrivers/bin/MAX78000/softfp/libPeriphDriver_softfp.a(spi_reva.o)
                              /Users/shaunak/MaximSDK/Libraries/PeriphDrivers/bin/MAX78000/softfp/libPeriphDriver_softfp.a(spi_me17.o) (MXC_SPI_RevA_Init)
/Users/shaunak/MaximSDK/Libraries/PeriphDrivers/bin/MAX78000/softfp/libPeriphDriver_softfp.a(tmr_ai85.o)
                              /Users/shaunak/Desktop/ECE189/shaunak/build/belt.o (MXC_TMR_Init)
[...]
Memory Configuration

Name             Origin             Length             Attributes
ROM              0x0000000000000000 0x0000000000010000 xr
FLASH            0x0000000010000000 0x0000000000080000 xr
SRAM             0x0000000020000000 0x0000000000020000 xrw
*default*        0x0000000000000000 0xffffffffffffffff

Linker script and memory map

LOAD /Users/shaunak/MaximSDK/Tools/GNUTools/10.3/bin/../lib/gcc/arm-none-eabi/10.3.1/thumb/v7e-m+fp/softfp/crti.o
LOAD /Users/shaunak/MaximSDK/Tools/GNUTools/10.3/bin/../lib/gcc/arm-none-eabi/10.3.1/thumb/v7e-m+fp/softfp/crtbegin.o
LOAD /Users/shaunak/MaximSDK/Tools/GNUTools/10.3/bin/../lib/gcc/arm-none-eabi/10.3.1/../../../../arm-none-eabi/lib/thumb/v7e-m+fp/softfp/crt0.o
LOAD /Users/shaunak/Desktop/ECE189/shaunak/build/PCA9685.o
LOAD /Users/shaunak/Desktop/ECE189/shaunak/build/belt.o
LOAD /Users/shaunak/Desktop/ECE189/shaunak/build/main.o
LOAD /Users/shaunak/Desktop/ECE189/shaunak/build/board.o
LOAD /Users/shaunak/Desktop/ECE189/shaunak/build/stdio.o
LOAD /Users/shaunak/Desktop/ECE189/shaunak/build/led.o
LOAD /Users/shaunak/Desktop/ECE189/shaunak/build/pb.o
LOAD /Users/shaunak/Desktop/ECE189/shaunak/build/tft_ili9341.o
LOAD /Users/shaunak/Desktop/ECE189/shaunak/build/camera.o
LOAD /Users/shaunak/Desktop/ECE189/shaunak/build/ov7692.o
LOAD /Users/shaunak/Desktop/ECE189/shaunak/build/sccb.o
LOAD /Users/shaunak/Desktop/ECE189/shaunak/build/max20303.o
LOAD /Users/shaunak/Desktop/ECE189/shaunak/build/max9867.o
LOAD /Users/shaunak/Desktop/ECE189/shaunak/build/startup_max78000.o
LOAD /Users/shaunak/Desktop/ECE189/shaunak/build/heap.o
LOAD /Users/shaunak/Desktop/ECE189/shaunak/build/system_max78000.o
START GROUP
LOAD /Users/shaunak/MaximSDK/Libraries/PeriphDrivers/bin/MAX78000/softfp/libPeriphDriver_softfp.a
LOAD /Users/shaunak/MaximSDK/Tools/GNUTools/10.3/bin/../lib/gcc/arm-none-eabi/10.3.1/../../../../arm-none-eabi/lib/thumb/v7e-m+fp/softfp/libc.a
LOAD /Users/shaunak/MaximSDK/Tools/GNUTools/10.3/bin/../lib/gcc/arm-none-eabi/10.3.1/../../../../arm-none-eabi/lib/thumb/v7e-m+fp/softfp/libm.a
LOAD /Users/shaunak/MaximSDK/Tools/GNUTools/10.3/bin/../lib/gcc/arm-none-eabi/10.3.1/../../../../arm-none-eabi/lib/thumb/v7e-m+fp/softfp/libnosys.a
END GROUP
START GROUP
LOAD /Users/shaunak/MaximSDK/Tools/GNUTools/10.3/bin/../lib/gcc/arm-none-eabi/10.3.1/thumb/v7e-m+fp/softfp/libgcc.a
LOAD /Users/shaunak/MaximSDK/Tools/GNUTools/10.3/bin/../lib/gcc/arm-none-eabi/10.3.1/../../../../arm-none-eabi/lib/thumb/v7e-m+fp/softfp/libc.a
END GROUP
LOAD /Users/shaunak/MaximSDK/Tools/GNUTools/10.3/bin/../lib/gcc/arm-none-eabi/10.3.1/thumb/v7e-m+fp/softfp/crtend.o
LOAD /Users/shaunak/MaximSDK/Tools/GNUTools/10.3/bin/../lib/gcc/arm-none-eabi/10.3.1/thumb/v7e-m+fp/softfp/crtn.o

.rom
 *(.rom_vector)
 *(.rom_handlers*)

.text           0x0000000010000000     0x9f18
                0x0000000010000000                _text = .
 *(.isr_vector)
 .isr_vector    0x0000000010000000      0x1e0 /Users/shaunak/Desktop/ECE189/shaunak/build/startup_max78000.o
                0x0000000010000000                __isr_vector
 *(.text*)
 .text          0x00000000100001e0       0x40 /Users/shaunak/MaximSDK/Tools/GNUTools/10.3/bin/../lib/gcc/arm-none-eabi/10.3.1/thumb/v7e-m+fp/softfp/crtbegin.o
 .text.pca9685_init
                0x0000000010000220       0x24 /Users/shaunak/Desktop/ECE189/shaunak/build/PCA9685.o
 *fill*         0x0000000010000244        0x4 
 .text.pca9685_setPWMFreq
                0x0000000010000248      0x148 /Users/shaunak/Desktop/ECE189/shaunak/build/PCA9685.o
 .text.pca9685_setPWM
                0x0000000010000390       0x44 /Users/shaunak/Desktop/ECE189/shaunak/build/PCA9685.o
 .text.PCA9685_Open
                0x00000000100003d4       0x20 /Users/shaunak/Desktop/ECE189/shaunak/build/PCA9685.o
                0x00000000100003d4                PCA9685_Open
 .text.initializeBelt
                0x00000000100003f4       0x58 /Users/shaunak/Desktop/ECE189/shaunak/build/belt.o
                0x00000000100003f4                initializeBelt
 .text.setBeltSpeed
                0x000000001000044c       0x7c /Users/shaunak/Desktop/ECE189/shaunak/build/belt.o
                0x000000001000044c                setBeltSpeed
 .text.getBeltPosition
                0x00000000100004c8        0xc /Users/shaunak/Desktop/ECE189/shaunak/build/belt.o
                0x00000000100004c8                getBeltPosition
 .text.startup.main
                0x00000000100004d4       0xb0 /Users/shaunak/Desktop/ECE189/shaunak/build/main.o
                0x00000000100004d4                main
 .text.mxc_assert
                0x0000000010000584       0x10 /Users/shaunak/Desktop/ECE189/shaunak/build/board.o
                0x0000000010000584                mxc_assert
 .text.Board_Init
                0x0000000010000594       0x6c /Users/shaunak/Desktop/ECE189/shaunak/build/board.o
                0x0000000010000594                Board_Init
 .text.NMI_Handler
                0x0000000010000600        0x4 /Users/shaunak/Desktop/ECE189/shaunak/build/board.o
                0x0000000010000600                NMI_Handler
 .text._close   0x0000000010000604        0x8 /Users/shaunak/Desktop/ECE189/shaunak/build/stdio.o
                0x0000000010000604                _close
 .text._isatty  0x000000001000060c        0x8 /Users/shaunak/Desktop/ECE189/shaunak/build/stdio.o
                0x000000001000060c                _isatty
 .text._lseek   0x0000000010000614        0x8 /Users/shaunak/Desktop/ECE189/shaunak/build/stdio.o
                0x0000000010000614                _lseek
 .text._fstat   0x000000001000061c        0x8 /Users/shaunak/Desktop/ECE189/shaunak/build/stdio.o
                0x000000001000061c                _fstat
 .text._read    0x0000000010000624       0x50 /Users/shaunak/Desktop/ECE189/shaunak/build/stdio.o
                0x0000000010000624                _read
 .text._write   0x0000000010000674       0x54 /Users/shaunak/Desktop/ECE189/shaunak/build/stdio.o
                0x0000000010000674                _write
 .text.LED_Init
                0x00000000100006c8       0x40 /Users/shaunak/Desktop/ECE189/shaunak/build/led.o
                0x00000000100006c8                LED_Init
 .text.PB_Init  0x0000000010000708       0x38 /Users/shaunak/Desktop/ECE189/shaunak/build/pb.o
                0x0000000010000708                PB_Init
 .text.GPIO0_IRQHandler
                0x0000000010000740        0x8 /Users/shaunak/Desktop/ECE189/shaunak/build/pb.o
                0x0000000010000740                GPIO0_IRQHandler
 .text.GPIO1_IRQHandler
                0x0000000010000748        0x8 /Users/shaunak/Desktop/ECE189/shaunak/build/pb.o
                0x0000000010000748                GPIO1_IRQHandler
 .text.GPIO2_IRQHandler
                0x0000000010000750        0x8 /Users/shaunak/Desktop/ECE189/shaunak/build/pb.o
                0x0000000010000750                GPIO2_IRQHandler
 .text          0x0000000010000758      0x148 /Users/shaunak/Desktop/ECE189/shaunak/build/startup_max78000.o
                0x0000000010000758                Reset_Handler
                0x0000000010000796                HardFault_Handler
                0x0000000010000798                MemManage_Handler
                0x000000001000079a                BusFault_Handler
                0x000000001000079c                UsageFault_Handler
                0x000000001000079e                SVC_Handler
                0x00000000100007a0                DebugMon_Handler
                0x00000000100007a2                PendSV_Handler
                0x00000000100007a4                SysTick_Handler
                0x00000000100007a6                Default_Handler
                0x00000000100007a8                PF_IRQHandler
                0x00000000100007aa                WDT0_IRQHandler
                0x00000000100007ac                RSV02_IRQHandler
                0x00000000100007ae                RTC_IRQHandler
                0x00000000100007b0                TRNG_IRQHandler
                0x00000000100007b2                TMR0_IRQHandler
                0x00000000100007b4                TMR1_IRQHandler
                0x00000000100007b6                TMR2_IRQHandler
                0x00000000100007b8                TMR3_IRQHandler
                0x00000000100007ba                TMR4_IRQHandler
                0x00000000100007bc                TMR5_IRQHandler
                0x00000000100007be                RSV11_IRQHandler
                0x00000000100007c0                RSV12_IRQHandler
                0x00000000100007c2                I2C0_IRQHandler
                0x00000000100007c4                UART0_IRQHandler
                0x00000000100007c6                UART1_IRQHandler
                0x00000000100007c8                SPI1_IRQHandler
                0x00000000100007ca                RSV17_IRQHandler
                0x00000000100007cc                RSV18_IRQHandler
                0x00000000100007ce                RSV19_IRQHandler
                0x00000000100007d0                ADC_IRQHandler
                0x00000000100007d2                RSV21_IRQHandler
                0x00000000100007d4                RSV22_IRQHandler
                0x00000000100007d6                FLC0_IRQHandler
                0x00000000100007de                RSV27_IRQHandler
                0x00000000100007e0                DMA0_IRQHandler
                0x00000000100007e2                DMA1_IRQHandler
                0x00000000100007e4                DMA2_IRQHandler
                0x00000000100007e6                DMA3_IRQHandler
                0x00000000100007e8                RSV32_IRQHandler
                0x00000000100007ea                RSV33_IRQHandler
                0x00000000100007ec                UART2_IRQHandler
                0x00000000100007ee                RSV35_IRQHandler
                0x00000000100007f0                I2C1_IRQHandler
                0x00000000100007f2                RSV37_IRQHandler
                0x00000000100007f4                RSV38_IRQHandler
                0x00000000100007f6                RSV39_IRQHandler
                0x00000000100007f8                RSV40_IRQHandler
                0x00000000100007fa                RSV41_IRQHandler
                0x00000000100007fc                RSV42_IRQHandler
                0x00000000100007fe                RSV43_IRQHandler
                0x0000000010000800                RSV44_IRQHandler
                0x0000000010000802                RSV45_IRQHandler
                0x0000000010000804                RSV46_IRQHandler
                0x0000000010000806                RSV47_IRQHandler
                0x0000000010000808                RSV48_IRQHandler
                0x000000001000080a                RSV49_IRQHandler
                0x000000001000080c                RSV50_IRQHandler
                0x000000001000080e                RSV51_IRQHandler
                0x0000000010000810                RSV52_IRQHandler
                0x0000000010000812                WUT_IRQHandler
                0x0000000010000814                GPIOWAKE_IRQHandler
                0x0000000010000816                RSV55_IRQHandler
                0x0000000010000818                SPI0_IRQHandler
                0x000000001000081a                WDT1_IRQHandler
                0x000000001000081c                RSV58_IRQHandler
                0x000000001000081e                PT_IRQHandler
                0x0000000010000820                RSV60_IRQHandler
                0x0000000010000822                RSV61_IRQHandler
                0x0000000010000824                I2C2_IRQHandler
                0x0000000010000826                RISCV_IRQHandler
                0x0000000010000828                RSV64_IRQHandler
                0x000000001000082a                RSV65_IRQHandler
                0x000000001000082c                RSV66_IRQHandler
                0x000000001000082e                OWM_IRQHandler
                0x0000000010000830                RSV68_IRQHandler
                0x0000000010000832                RSV69_IRQHandler
                0x0000000010000834                RSV70_IRQHandler
                0x0000000010000836                RSV71_IRQHandler
                0x0000000010000838                RSV72_IRQHandler
                0x000000001000083a                RSV73_IRQHandler
                0x000000001000083c                RSV74_IRQHandler
                0x000000001000083e                RSV75_IRQHandler
                0x0000000010000840                RSV76_IRQHandler
                0x0000000010000842                RSV77_IRQHandler
                0x0000000010000844                RSV78_IRQHandler
                0x0000000010000846                RSV79_IRQHandler
                0x0000000010000848                RSV80_IRQHandler
                0x000000001000084a                RSV81_IRQHandler
                0x000000001000084c                ECC_IRQHandler
                0x000000001000084e                DVS_IRQHandler
                0x0000000010000850                SIMO_IRQHandler
                0x0000000010000852                RSV85_IRQHandler
                0x0000000010000854                RSV86_IRQHandler
                0x0000000010000856                RSV87_IRQHandler
                0x0000000010000858                UART3_IRQHandler
                0x000000001000085a                RSV89_IRQHandler
                0x000000001000085c                RSV90_IRQHandler
                0x000000001000085e                PCIF_IRQHandler
                0x0000000010000860                RSV92_IRQHandler
                0x0000000010000862                RSV93_IRQHandler
                0x0000000010000864                RSV94_IRQHandler
                0x0000000010000866                RSV95_IRQHandler
                0x0000000010000868                RSV96_IRQHandler
                0x000000001000086a                AES_IRQHandler
                0x000000001000086c                RSV98_IRQHandler
                0x000000001000086e                I2S_IRQHandler
                0x0000000010000870                CNN_FIFO_IRQHandler
                0x0000000010000872                CNN_IRQHandler
                0x0000000010000874                RSV102_IRQHandler
                0x0000000010000876                LPCMP_IRQHandler
 .text._sbrk    0x00000000100008a0       0x3c /Users/shaunak/Desktop/ECE189/shaunak/build/heap.o
                0x00000000100008a0                _sbrk
 .text.SystemCoreClockUpdate
                0x00000000100008dc       0x68 /Users/shaunak/Desktop/ECE189/shaunak/build/system_max78000.o
                0x00000000100008dc                SystemCoreClockUpdate
 .text.PreInit  0x0000000010000944        0x4 /Users/shaunak/Desktop/ECE189/shaunak/build/system_max78000.o
                0x0000000010000944                PreInit
 .text.SystemInit
                0x0000000010000948       0x38 /Users/shaunak/Desktop/ECE189/shaunak/build/system_max78000.o
                0x0000000010000948                SystemInit
 .text.MXC_DelayInit
                0x0000000010000980       0x7c /Users/shaunak/MaximSDK/Libraries/PeriphDrivers/bin/MAX78000/softfp/libPeriphDriver_softfp.a(mxc_delay.o)
 .text.MXC_DelayAsync
                0x00000000100009fc       0x3c /Users/shaunak/MaximSDK/Libraries/PeriphDrivers/bin/MAX78000/softfp/libPeriphDriver_softfp.a(mxc_delay.o)
                0x00000000100009fc                MXC_DelayAsync
 .text.MXC_DelayCheck
                0x0000000010000a38       0x70 /Users/shaunak/MaximSDK/Libraries/PeriphDrivers/bin/MAX78000/softfp/libPeriphDriver_softfp.a(mxc_delay.o)
                0x0000000010000a38                MXC_DelayCheck
 .text.MXC_DelayAbort
                0x0000000010000aa8       0x34 /Users/shaunak/MaximSDK/Libraries/PeriphDrivers/bin/MAX78000/softfp/libPeriphDriver_softfp.a(mxc_delay.o)
                0x0000000010000aa8                MXC_DelayAbort
 .text.MXC_Delay
                0x0000000010000adc       0x74 /Users/shaunak/MaximSDK/Libraries/PeriphDrivers/bin/MAX78000/softfp/libPeriphDriver_softfp.a(mxc_delay.o)
                0x0000000010000adc                MXC_Delay
 .text.MXC_SYS_ClockDisable
                0x0000000010000b50       0x44 /Users/shaunak/MaximSDK/Libraries/PeriphDrivers/bin/MAX78000/softfp/libPeriphDriver_softfp.a(sys_ai85.o)
                0x0000000010000b50                MXC_SYS_ClockDisable
 .text.MXC_SYS_ClockEnable
                0x0000000010000b94       0x4c /Users/shaunak/MaximSDK/Libraries/PeriphDrivers/bin/MAX78000/softfp/libPeriphDriver_softfp.a(sys_ai85.o)
                0x0000000010000b94                MXC_SYS_ClockEnable
 .text.MXC_SYS_ClockSourceEnable
                0x0000000010000be0       0xec /Users/shaunak/MaximSDK/Libraries/PeriphDrivers/bin/MAX78000/softfp/libPeriphDriver_softfp.a(sys_ai85.o)
                0x0000000010000be0                MXC_SYS_ClockSourceEnable
 .text.MXC_SYS_Reset_Periph
                0x0000000010000ccc       0x50 /Users/shaunak/MaximSDK/Libraries/PeriphDrivers/bin/MAX78000/softfp/libPeriphDriver_softfp.a(sys_ai85.o)
                0x0000000010000ccc                MXC_SYS_Reset_Periph
 .text.MXC_GPIO_Config
                0x0000000010000d1c      0x204 /Users/shaunak/MaximSDK/Libraries/PeriphDrivers/bin/MAX78000/softfp/libPeriphDriver_softfp.a(gpio_ai85.o)
                0x0000000010000d1c                MXC_GPIO_Config
 .text.MXC_GPIO_OutSet
                0x0000000010000f20       0x34 /Users/shaunak/MaximSDK/Libraries/PeriphDrivers/bin/MAX78000/softfp/libPeriphDriver_softfp.a(gpio_ai85.o)
                0x0000000010000f20                MXC_GPIO_OutSet
 .text.MXC_GPIO_Handler
                0x0000000010000f54        0x4 /Users/shaunak/MaximSDK/Libraries/PeriphDrivers/bin/MAX78000/softfp/libPeriphDriver_softfp.a(gpio_ai85.o)
                0x0000000010000f54                MXC_GPIO_Handler
 .text.MXC_GPIO_ClearFlags
                0x0000000010000f58        0x4 /Users/shaunak/MaximSDK/Libraries/PeriphDrivers/bin/MAX78000/softfp/libPeriphDriver_softfp.a(gpio_ai85.o)
                0x0000000010000f58                MXC_GPIO_ClearFlags
 .text.MXC_GPIO_GetFlags
                0x0000000010000f5c        0x4 /Users/shaunak/MaximSDK/Libraries/PeriphDrivers/bin/MAX78000/softfp/libPeriphDriver_softfp.a(gpio_ai85.o)
                0x0000000010000f5c                MXC_GPIO_GetFlags
 .text.MXC_GPIO_RevA_OutSet
                0x0000000010000f60        0x4 /Users/shaunak/MaximSDK/Libraries/PeriphDrivers/bin/MAX78000/softfp/libPeriphDriver_softfp.a(gpio_reva.o)
                0x0000000010000f60                MXC_GPIO_RevA_OutSet
 .text.MXC_GPIO_RevA_ClearFlags
                0x0000000010000f64        0x4 /Users/shaunak/MaximSDK/Libraries/PeriphDrivers/bin/MAX78000/softfp/libPeriphDriver_softfp.a(gpio_reva.o)
                0x0000000010000f64                MXC_GPIO_RevA_ClearFlags
 .text.MXC_GPIO_RevA_GetFlags
                0x0000000010000f68        0x4 /Users/shaunak/MaximSDK/Libraries/PeriphDrivers/bin/MAX78000/softfp/libPeriphDriver_softfp.a(gpio_reva.o)
                0x0000000010000f68                MXC_GPIO_RevA_GetFlags
 .text.MXC_GPIO_RevA_SetVSSEL
                0x0000000010000f6c       0x30 /Users/shaunak/MaximSDK/Libraries/PeriphDrivers/bin/MAX78000/softfp/libPeriphDriver_softfp.a(gpio_reva.o)
                0x0000000010000f6c                MXC_GPIO_RevA_SetVSSEL
 .text.MXC_GPIO_RevA_SetAF
                0x0000000010000f9c       0x68 /Users/shaunak/MaximSDK/Libraries/PeriphDrivers/bin/MAX78000/softfp/libPeriphDriver_softfp.a(gpio_reva.o)
                0x0000000010000f9c                MXC_GPIO_RevA_SetAF
 .text.MXC_I2C_SetSlaveAddr
                0x0000000010001004        0x4 /Users/shaunak/MaximSDK/Libraries/PeriphDrivers/bin/MAX78000/softfp/libPeriphDriver_softfp.a(i2c_me17.o)
                0x0000000010001004                MXC_I2C_SetSlaveAddr
 .text.MXC_I2C_Shutdown
                0x0000000010001008       0x58 /Users/shaunak/MaximSDK/Libraries/PeriphDrivers/bin/MAX78000/softfp/libPeriphDriver_softfp.a(i2c_me17.o)
                0x0000000010001008                MXC_I2C_Shutdown
 .text.MXC_I2C_Init
                0x0000000010001060       0x94 /Users/shaunak/MaximSDK/Libraries/PeriphDrivers/bin/MAX78000/softfp/libPeriphDriver_softfp.a(i2c_me17.o)
                0x0000000010001060                MXC_I2C_Init
 .text.MXC_I2C_SetFrequency
                0x00000000100010f4       0x14 /Users/shaunak/MaximSDK/Libraries/PeriphDrivers/bin/MAX78000/softfp/libPeriphDriver_softfp.a(i2c_me17.o)
                0x00000000100010f4                MXC_I2C_SetFrequency
 .text.MXC_I2C_GetFrequency
                0x0000000010001108        0x4 /Users/shaunak/MaximSDK/Libraries/PeriphDrivers/bin/MAX78000/softfp/libPeriphDriver_softfp.a(i2c_me17.o)
                0x0000000010001108                MXC_I2C_GetFrequency
 .text.MXC_I2C_Start
                0x000000001000110c        0x4 /Users/shaunak/MaximSDK/Libraries/PeriphDrivers/bin/MAX78000/softfp/libPeriphDriver_softfp.a(i2c_me17.o)
                0x000000001000110c                MXC_I2C_Start
 .text.MXC_I2C_Stop
                0x0000000010001110        0x4 /Users/shaunak/MaximSDK/Libraries/PeriphDrivers/bin/MAX78000/softfp/libPeriphDriver_softfp.a(i2c_me17.o)
                0x0000000010001110                MXC_I2C_Stop
 .text.MXC_I2C_ReadRXFIFO
                0x0000000010001114        0x4 /Users/shaunak/MaximSDK/Libraries/PeriphDrivers/bin/MAX78000/softfp/libPeriphDriver_softfp.a(i2c_me17.o)
                0x0000000010001114                MXC_I2C_ReadRXFIFO
 .text.MXC_I2C_WriteTXFIFO
                0x0000000010001118        0x4 /Users/shaunak/MaximSDK/Libraries/PeriphDrivers/bin/MAX78000/softfp/libPeriphDriver_softfp.a(i2c_me17.o)
                0x0000000010001118                MXC_I2C_WriteTXFIFO
 .text.MXC_I2C_ClearRXFIFO
                0x000000001000111c        0x4 /Users/shaunak/MaximSDK/Libraries/PeriphDrivers/bin/MAX78000/softfp/libPeriphDriver_softfp.a(i2c_me17.o)
                0x000000001000111c                MXC_I2C_ClearRXFIFO
 .text.MXC_I2C_ClearTXFIFO
                0x0000000010001120        0x4 /Users/shaunak/MaximSDK/Libraries/PeriphDrivers/bin/MAX78000/softfp/libPeriphDriver_softfp.a(i2c_me17.o)
                0x0000000010001120                MXC_I2C_ClearTXFIFO
 .text.MXC_I2C_ClearFlags
                0x0000000010001124        0x4 /Users/shaunak/MaximSDK/Libraries/PeriphDrivers/bin/MAX78000/softfp/libPeriphDriver_softfp.a(i2c_me17.o)
                0x0000000010001124                MXC_I2C_ClearFlags
 .text.MXC_I2C_Recover
                0x0000000010001128        0x4 /Users/shaunak/MaximSDK/Libraries/PeriphDrivers/bin/MAX78000/softfp/libPeriphDriver_softfp.a(i2c_me17.o)
                0x0000000010001128                MXC_I2C_Recover
 .text.MXC_I2C_MasterTransaction
                0x000000001000112c        0x4 /Users/shaunak/MaximSDK/Libraries/PeriphDrivers/bin/MAX78000/softfp/libPeriphDriver_softfp.a(i2c_me17.o)
                0x000000001000112c                MXC_I2C_MasterTransaction
 .text.MXC_I2C_SetRXThreshold
                0x0000000010001130        0x4 /Users/shaunak/MaximSDK/Libraries/PeriphDrivers/bin/MAX78000/softfp/libPeriphDriver_softfp.a(i2c_me17.o)
                0x0000000010001130                MXC_I2C_SetRXThreshold
 .text.MXC_I2C_SetTXThreshold
                0x0000000010001134        0x4 /Users/shaunak/MaximSDK/Libraries/PeriphDrivers/bin/MAX78000/softfp/libPeriphDriver_softfp.a(i2c_me17.o)
                0x0000000010001134                MXC_I2C_SetTXThreshold
 .text.MXC_I2C_RevA_Init
                0x0000000010001138       0xd0 /Users/shaunak/MaximSDK/Libraries/PeriphDrivers/bin/MAX78000/softfp/libPeriphDriver_softfp.a(i2c_reva.o)
                0x0000000010001138                MXC_I2C_RevA_Init
 .text.MXC_I2C_RevA_SetSlaveAddr
                0x0000000010001208       0x34 /Users/shaunak/MaximSDK/Libraries/PeriphDrivers/bin/MAX78000/softfp/libPeriphDriver_softfp.a(i2c_reva.o)
                0x0000000010001208                MXC_I2C_RevA_SetSlaveAddr
 .text.MXC_I2C_RevA_SetFrequency
                0x000000001000123c       0x78 /Users/shaunak/MaximSDK/Libraries/PeriphDrivers/bin/MAX78000/softfp/libPeriphDriver_softfp.a(i2c_reva.o)
                0x000000001000123c                MXC_I2C_RevA_SetFrequency
 .text.MXC_I2C_RevA_GetFrequency
                0x00000000100012b4       0x20 /Users/shaunak/MaximSDK/Libraries/PeriphDrivers/bin/MAX78000/softfp/libPeriphDriver_softfp.a(i2c_reva.o)
                0x00000000100012b4                MXC_I2C_RevA_GetFrequency
 .text.MXC_I2C_RevA_Start
                0x00000000100012d4       0x24 /Users/shaunak/MaximSDK/Libraries/PeriphDrivers/bin/MAX78000/softfp/libPeriphDriver_softfp.a(i2c_reva.o)
                0x00000000100012d4                MXC_I2C_RevA_Start
 .text.MXC_I2C_RevA_Stop
                0x00000000100012f8       0x1c /Users/shaunak/MaximSDK/Libraries/PeriphDrivers/bin/MAX78000/softfp/libPeriphDriver_softfp.a(i2c_reva.o)
                0x00000000100012f8                MXC_I2C_RevA_Stop
 .text.MXC_I2C_RevA_ReadRXFIFO
                0x0000000010001314       0x30 /Users/shaunak/MaximSDK/Libraries/PeriphDrivers/bin/MAX78000/softfp/libPeriphDriver_softfp.a(i2c_reva.o)
                0x0000000010001314                MXC_I2C_RevA_ReadRXFIFO
 .text.MXC_I2C_RevA_WriteTXFIFO
                0x0000000010001344       0x30 /Users/shaunak/MaximSDK/Libraries/PeriphDrivers/bin/MAX78000/softfp/libPeriphDriver_softfp.a(i2c_reva.o)
                0x0000000010001344                MXC_I2C_RevA_WriteTXFIFO
 .text.MXC_I2C_RevA_ClearRXFIFO
                0x0000000010001374       0x10 /Users/shaunak/MaximSDK/Libraries/PeriphDrivers/bin/MAX78000/softfp/libPeriphDriver_softfp.a(i2c_reva.o)
                0x0000000010001374                MXC_I2C_RevA_ClearRXFIFO
 .text.MXC_I2C_RevA_ClearTXFIFO
                0x0000000010001384       0x10 /Users/shaunak/MaximSDK/Libraries/PeriphDrivers/bin/MAX78000/softfp/libPeriphDriver_softfp.a(i2c_reva.o)
                0x0000000010001384                MXC_I2C_RevA_ClearTXFIFO
 .text.MXC_I2C_RevA_ClearFlags
                0x0000000010001394        0x8 /Users/shaunak/MaximSDK/Libraries/PeriphDrivers/bin/MAX78000/softfp/libPeriphDriver_softfp.a(i2c_reva.o)
                0x0000000010001394                MXC_I2C_RevA_ClearFlags
 .text.MXC_I2C_RevA_Recover
                0x000000001000139c       0xd8 /Users/shaunak/MaximSDK/Libraries/PeriphDrivers/bin/MAX78000/softfp/libPeriphDriver_softfp.a(i2c_reva.o)
                0x000000001000139c                MXC_I2C_RevA_Recover
 .text.MXC_I2C_RevA_MasterTransaction
                0x0000000010001474      0x1ac /Users/shaunak/MaximSDK/Libraries/PeriphDrivers/bin/MAX78000/softfp/libPeriphDriver_softfp.a(i2c_reva.o)
                0x0000000010001474                MXC_I2C_RevA_MasterTransaction
 .text.MXC_I2C_RevA_SetRXThreshold
                0x0000000010001620       0x20 /Users/shaunak/MaximSDK/Libraries/PeriphDrivers/bin/MAX78000/softfp/libPeriphDriver_softfp.a(i2c_reva.o)
                0x0000000010001620                MXC_I2C_RevA_SetRXThreshold
 .text.MXC_I2C_RevA_SetTXThreshold
                0x0000000010001640       0x24 /Users/shaunak/MaximSDK/Libraries/PeriphDrivers/bin/MAX78000/softfp/libPeriphDriver_softfp.a(i2c_reva.o)
                0x0000000010001640                MXC_I2C_RevA_SetTXThreshold
 .text.MXC_ICC_Enable
                0x0000000010001664        0x4 /Users/shaunak/MaximSDK/Libraries/PeriphDrivers/bin/MAX78000/softfp/libPeriphDriver_softfp.a(icc_me17.o)
                0x0000000010001664                MXC_ICC_Enable
 .text.MXC_ICC_RevA_Enable
                0x0000000010001668       0x30 /Users/shaunak/MaximSDK/Libraries/PeriphDrivers/bin/MAX78000/softfp/libPeriphDriver_softfp.a(icc_reva.o)
                0x0000000010001668                MXC_ICC_RevA_Enable
 .text.MXC_TMR_Init
                0x0000000010001698      0x344 /Users/shaunak/MaximSDK/Libraries/PeriphDrivers/bin/MAX78000/softfp/libPeriphDriver_softfp.a(tmr_ai85.o)
                0x0000000010001698                MXC_TMR_Init
 .text.MXC_TMR_Shutdown
                0x00000000100019dc       0xb8 /Users/shaunak/MaximSDK/Libraries/PeriphDrivers/bin/MAX78000/softfp/libPeriphDriver_softfp.a(tmr_ai85.o)
                0x00000000100019dc                MXC_TMR_Shutdown
 .text.MXC_TMR_Start
                0x0000000010001a94        0x4 /Users/shaunak/MaximSDK/Libraries/PeriphDrivers/bin/MAX78000/softfp/libPeriphDriver_softfp.a(tmr_ai85.o)
                0x0000000010001a94                MXC_TMR_Start
 .text.MXC_TMR_SetPWM
                0x0000000010001a98        0x4 /Users/shaunak/MaximSDK/Libraries/PeriphDrivers/bin/MAX78000/softfp/libPeriphDriver_softfp.a(tmr_ai85.o)
                0x0000000010001a98                MXC_TMR_SetPWM
 .text.MXC_TMR_GetPeriod
                0x0000000010001a9c       0xe0 /Users/shaunak/MaximSDK/Libraries/PeriphDrivers/bin/MAX78000/softfp/libPeriphDriver_softfp.a(tmr_ai85.o)
                0x0000000010001a9c                MXC_TMR_GetPeriod
 .text.MXC_TMR_GetCount
                0x0000000010001b7c        0x4 /Users/shaunak/MaximSDK/Libraries/PeriphDrivers/bin/MAX78000/softfp/libPeriphDriver_softfp.a(tmr_ai85.o)
                0x0000000010001b7c                MXC_TMR_GetCount
 .text.MXC_TMR_RevB_ConfigGeneric
                0x0000000010001b80       0xe8 /Users/shaunak/MaximSDK/Libraries/PeriphDrivers/bin/MAX78000/softfp/libPeriphDriver_softfp.a(tmr_revb.o)
                0x0000000010001b80                MXC_TMR_RevB_ConfigGeneric
 .text.MXC_TMR_RevB_Init
                0x0000000010001c68       0xc8 /Users/shaunak/MaximSDK/Libraries/PeriphDrivers/bin/MAX78000/softfp/libPeriphDriver_softfp.a(tmr_revb.o)
                0x0000000010001c68                MXC_TMR_RevB_Init
 .text.MXC_TMR_RevB_Shutdown
                0x0000000010001d30       0x58 /Users/shaunak/MaximSDK/Libraries/PeriphDrivers/bin/MAX78000/softfp/libPeriphDriver_softfp.a(tmr_revb.o)
                0x0000000010001d30                MXC_TMR_RevB_Shutdown
 .text.MXC_TMR_RevB_Start
                0x0000000010001d88       0x5c /Users/shaunak/MaximSDK/Libraries/PeriphDrivers/bin/MAX78000/softfp/libPeriphDriver_softfp.a(tmr_revb.o)
                0x0000000010001d88                MXC_TMR_RevB_Start
 .text.MXC_TMR_RevB_SetPWM
                0x0000000010001de4       0x6c /Users/shaunak/MaximSDK/Libraries/PeriphDrivers/bin/MAX78000/softfp/libPeriphDriver_softfp.a(tmr_revb.o)
                0x0000000010001de4                MXC_TMR_RevB_SetPWM
 .text.MXC_TMR_RevB_GetCount
                0x0000000010001e50       0x54 /Users/shaunak/MaximSDK/Libraries/PeriphDrivers/bin/MAX78000/softfp/libPeriphDriver_softfp.a(tmr_revb.o)
                0x0000000010001e50                MXC_TMR_RevB_GetCount
 .text.MXC_TMR_RevB_GetPeriod
                0x0000000010001ea4       0x64 /Users/shaunak/MaximSDK/Libraries/PeriphDrivers/bin/MAX78000/softfp/libPeriphDriver_softfp.a(tmr_revb.o)
                0x0000000010001ea4                MXC_TMR_RevB_GetPeriod
 .text.MXC_UART_Shutdown
                0x0000000010001f08       0x70 /Users/shaunak/MaximSDK/Libraries/PeriphDrivers/bin/MAX78000/softfp/libPeriphDriver_softfp.a(uart_ai85.o)
                0x0000000010001f08                MXC_UART_Shutdown
 .text.MXC_UART_Init
                0x0000000010001f78       0xb8 /Users/shaunak/MaximSDK/Libraries/PeriphDrivers/bin/MAX78000/softfp/libPeriphDriver_softfp.a(uart_ai85.o)
                0x0000000010001f78                MXC_UART_Init
 .text.MXC_UART_SetFrequency
                0x0000000010002030       0xcc /Users/shaunak/MaximSDK/Libraries/PeriphDrivers/bin/MAX78000/softfp/libPeriphDriver_softfp.a(uart_ai85.o)
                0x0000000010002030                MXC_UART_SetFrequency
 .text.MXC_UART_GetFrequency
                0x00000000100020fc       0x54 /Users/shaunak/MaximSDK/Libraries/PeriphDrivers/bin/MAX78000/softfp/libPeriphDriver_softfp.a(uart_ai85.o)
                0x00000000100020fc                MXC_UART_GetFrequency
 .text.MXC_UART_SetDataSize
                0x0000000010002150        0x4 /Users/shaunak/MaximSDK/Libraries/PeriphDrivers/bin/MAX78000/softfp/libPeriphDriver_softfp.a(uart_ai85.o)
                0x0000000010002150                MXC_UART_SetDataSize
 .text.MXC_UART_SetStopBits
                0x0000000010002154        0x4 /Users/shaunak/MaximSDK/Libraries/PeriphDrivers/bin/MAX78000/softfp/libPeriphDriver_softfp.a(uart_ai85.o)
                0x0000000010002154                MXC_UART_SetStopBits
 .text.MXC_UART_SetParity
                0x0000000010002158        0x4 /Users/shaunak/MaximSDK/Libraries/PeriphDrivers/bin/MAX78000/softfp/libPeriphDriver_softfp.a(uart_ai85.o)
                0x0000000010002158                MXC_UART_SetParity
 .text.MXC_UART_ReadCharacterRaw
                0x000000001000215c        0x4 /Users/shaunak/MaximSDK/Libraries/PeriphDrivers/bin/MAX78000/softfp/libPeriphDriver_softfp.a(uart_ai85.o)
                0x000000001000215c                MXC_UART_ReadCharacterRaw
 .text.MXC_UART_WriteCharacterRaw
                0x0000000010002160        0x4 /Users/shaunak/MaximSDK/Libraries/PeriphDrivers/bin/MAX78000/softfp/libPeriphDriver_softfp.a(uart_ai85.o)
                0x0000000010002160                MXC_UART_WriteCharacterRaw
 .text.MXC_UART_ReadCharacter
                0x0000000010002164        0x4 /Users/shaunak/MaximSDK/Libraries/PeriphDrivers/bin/MAX78000/softfp/libPeriphDriver_softfp.a(uart_ai85.o)
                0x0000000010002164                MXC_UART_ReadCharacter
 .text.MXC_UART_WriteCharacter
                0x0000000010002168        0x4 /Users/shaunak/MaximSDK/Libraries/PeriphDrivers/bin/MAX78000/softfp/libPeriphDriver_softfp.a(uart_ai85.o)
                0x0000000010002168                MXC_UART_WriteCharacter
 .text.MXC_UART_GetRXFIFOAvailable
                0x000000001000216c        0x4 /Users/shaunak/MaximSDK/Libraries/PeriphDrivers/bin/MAX78000/softfp/libPeriphDriver_softfp.a(uart_ai85.o)
                0x000000001000216c                MXC_UART_GetRXFIFOAvailable
 .text.MXC_UART_GetTXFIFOAvailable
                0x0000000010002170        0x4 /Users/shaunak/MaximSDK/Libraries/PeriphDrivers/bin/MAX78000/softfp/libPeriphDriver_softfp.a(uart_ai85.o)
                0x0000000010002170                MXC_UART_GetTXFIFOAvailable
 .text.MXC_UART_SetRXThreshold
                0x0000000010002174        0x4 /Users/shaunak/MaximSDK/Libraries/PeriphDrivers/bin/MAX78000/softfp/libPeriphDriver_softfp.a(uart_ai85.o)
                0x0000000010002174                MXC_UART_SetRXThreshold
 .text.MXC_UART_Common_ReadCharacter
                0x0000000010002178       0x18 /Users/shaunak/MaximSDK/Libraries/PeriphDrivers/bin/MAX78000/softfp/libPeriphDriver_softfp.a(uart_common.o)
                0x0000000010002178                MXC_UART_Common_ReadCharacter
 .text.MXC_UART_Common_WriteCharacter
                0x0000000010002190       0x1c /Users/shaunak/MaximSDK/Libraries/PeriphDrivers/bin/MAX78000/softfp/libPeriphDriver_softfp.a(uart_common.o)
                0x0000000010002190                MXC_UART_Common_WriteCharacter
 .text.MXC_UART_RevB_Init
                0x00000000100021ac       0x70 /Users/shaunak/MaximSDK/Libraries/PeriphDrivers/bin/MAX78000/softfp/libPeriphDriver_softfp.a(uart_revb.o)
                0x00000000100021ac                MXC_UART_RevB_Init
 .text.MXC_UART_RevB_SetFrequency
                0x000000001000221c       0x9c /Users/shaunak/MaximSDK/Libraries/PeriphDrivers/bin/MAX78000/softfp/libPeriphDriver_softfp.a(uart_revb.o)
                0x000000001000221c                MXC_UART_RevB_SetFrequency
 .text.MXC_UART_RevB_GetFrequency
                0x00000000100022b8       0x7c /Users/shaunak/MaximSDK/Libraries/PeriphDrivers/bin/MAX78000/softfp/libPeriphDriver_softfp.a(uart_revb.o)
                0x00000000100022b8                MXC_UART_RevB_GetFrequency
 .text.MXC_UART_RevB_SetDataSize
                0x0000000010002334       0x40 /Users/shaunak/MaximSDK/Libraries/PeriphDrivers/bin/MAX78000/softfp/libPeriphDriver_softfp.a(uart_revb.o)
                0x0000000010002334                MXC_UART_RevB_SetDataSize
 .text.MXC_UART_RevB_SetStopBits
                0x0000000010002374       0x4c /Users/shaunak/MaximSDK/Libraries/PeriphDrivers/bin/MAX78000/softfp/libPeriphDriver_softfp.a(uart_revb.o)
                0x0000000010002374                MXC_UART_RevB_SetStopBits
 .text.MXC_UART_RevB_SetParity
                0x00000000100023c0       0xb4 /Users/shaunak/MaximSDK/Libraries/PeriphDrivers/bin/MAX78000/softfp/libPeriphDriver_softfp.a(uart_revb.o)
                0x00000000100023c0                MXC_UART_RevB_SetParity
 .text.MXC_UART_RevB_ReadCharacterRaw
                0x0000000010002474       0x38 /Users/shaunak/MaximSDK/Libraries/PeriphDrivers/bin/MAX78000/softfp/libPeriphDriver_softfp.a(uart_revb.o)
                0x0000000010002474                MXC_UART_RevB_ReadCharacterRaw
 .text.MXC_UART_RevB_WriteCharacterRaw
                0x00000000100024ac       0x3c /Users/shaunak/MaximSDK/Libraries/PeriphDrivers/bin/MAX78000/softfp/libPeriphDriver_softfp.a(uart_revb.o)
                0x00000000100024ac                MXC_UART_RevB_WriteCharacterRaw
 .text.MXC_UART_RevB_GetRXFIFOAvailable
                0x00000000100024e8        0x8 /Users/shaunak/MaximSDK/Libraries/PeriphDrivers/bin/MAX78000/softfp/libPeriphDriver_softfp.a(uart_revb.o)
                0x00000000100024e8                MXC_UART_RevB_GetRXFIFOAvailable
 .text.MXC_UART_RevB_GetTXFIFOAvailable
                0x00000000100024f0        0xc /Users/shaunak/MaximSDK/Libraries/PeriphDrivers/bin/MAX78000/softfp/libPeriphDriver_softfp.a(uart_revb.o)
                0x00000000100024f0                MXC_UART_RevB_GetTXFIFOAvailable
 .text.MXC_UART_RevB_SetRXThreshold
                0x00000000100024fc       0x40 /Users/shaunak/MaximSDK/Libraries/PeriphDrivers/bin/MAX78000/softfp/libPeriphDriver_softfp.a(uart_revb.o)
                0x00000000100024fc                MXC_UART_RevB_SetRXThreshold
 .text.MXC_GPIO_Common_Init
                0x000000001000253c       0x24 /Users/shaunak/MaximSDK/Libraries/PeriphDrivers/bin/MAX78000/softfp/libPeriphDriver_softfp.a(gpio_common.o)
                0x000000001000253c                MXC_GPIO_Common_Init
 .text.MXC_GPIO_Common_Handler
                0x0000000010002560       0x88 /Users/shaunak/MaximSDK/Libraries/PeriphDrivers/bin/MAX78000/softfp/libPeriphDriver_softfp.a(gpio_common.o)
                0x0000000010002560                MXC_GPIO_Common_Handler
 .text.__errno  0x00000000100025e8        0xc /Users/shaunak/MaximSDK/Tools/GNUTools/10.3/bin/../lib/gcc/arm-none-eabi/10.3.1/../../../../arm-none-eabi/lib/thumb/v7e-m+fp/softfp/libc.a(lib_a-errno.o)
                0x00000000100025e8                __errno
 .text.__libc_init_array
                0x00000000100025f4       0x48 /Users/shaunak/MaximSDK/Tools/GNUTools/10.3/bin/../lib/gcc/arm-none-eabi/10.3.1/../../../../arm-none-eabi/lib/thumb/v7e-m+fp/softfp/libc.a(lib_a-init.o)
                0x00000000100025f4                __libc_init_array
 .text._malloc_r
                0x000000001000263c      0x560 /Users/shaunak/MaximSDK/Tools/GNUTools/10.3/bin/../lib/gcc/arm-none-eabi/10.3.1/../../../../arm-none-eabi/lib/thumb/v7e-m+fp/softfp/libc.a(lib_a-mallocr.o)
                0x000000001000263c                _malloc_r
 .text          0x0000000010002b9c      0x134 /Users/shaunak/MaximSDK/Tools/GNUTools/10.3/bin/../lib/gcc/arm-none-eabi/10.3.1/../../../../arm-none-eabi/lib/thumb/v7e-m+fp/softfp/libc.a(lib_a-memcpy.o)
                0x0000000010002b9c                memcpy
 .text.memset   0x0000000010002cd0       0xa4 /Users/shaunak/MaximSDK/Tools/GNUTools/10.3/bin/../lib/gcc/arm-none-eabi/10.3.1/../../../../arm-none-eabi/lib/thumb/v7e-m+fp/softfp/libc.a(lib_a-memset.o)
                0x0000000010002cd0                memset
 .text.__malloc_lock
                0x0000000010002d74        0xc /Users/shaunak/MaximSDK/Tools/GNUTools/10.3/bin/../lib/gcc/arm-none-eabi/10.3.1/../../../../arm-none-eabi/lib/thumb/v7e-m+fp/softfp/libc.a(lib_a-mlock.o)
                0x0000000010002d74                __malloc_lock
 .text.__malloc_unlock
                0x0000000010002d80        0xc /Users/shaunak/MaximSDK/Tools/GNUTools/10.3/bin/../lib/gcc/arm-none-eabi/10.3.1/../../../../arm-none-eabi/lib/thumb/v7e-m+fp/softfp/libc.a(lib_a-mlock.o)
                0x0000000010002d80                __malloc_unlock
 .text.printf   0x0000000010002d8c       0x28 /Users/shaunak/MaximSDK/Tools/GNUTools/10.3/bin/../lib/gcc/arm-none-eabi/10.3.1/../../../../arm-none-eabi/lib/thumb/v7e-m+fp/softfp/libc.a(lib_a-printf.o)
                0x0000000010002d8c                printf
 .text._puts_r  0x0000000010002db4       0x9c /Users/shaunak/MaximSDK/Tools/GNUTools/10.3/bin/../lib/gcc/arm-none-eabi/10.3.1/../../../../arm-none-eabi/lib/thumb/v7e-m+fp/softfp/libc.a(lib_a-puts.o)
                0x0000000010002db4                _puts_r
 .text.puts     0x0000000010002e50       0x10 /Users/shaunak/MaximSDK/Tools/GNUTools/10.3/bin/../lib/gcc/arm-none-eabi/10.3.1/../../../../arm-none-eabi/lib/thumb/v7e-m+fp/softfp/libc.a(lib_a-puts.o)
                0x0000000010002e50                puts
 .text._sbrk_r  0x0000000010002e60       0x24 /Users/shaunak/MaximSDK/Tools/GNUTools/10.3/bin/../lib/gcc/arm-none-eabi/10.3.1/../../../../arm-none-eabi/lib/thumb/v7e-m+fp/softfp/libc.a(lib_a-sbrkr.o)
                0x0000000010002e60                _sbrk_r
 *fill*         0x0000000010002e84       0x3c 
 .text          0x0000000010002ec0       0xdc /Users/shaunak/MaximSDK/Tools/GNUTools/10.3/bin/../lib/gcc/arm-none-eabi/10.3.1/../../../../arm-none-eabi/lib/thumb/v7e-m+fp/softfp/libc.a(lib_a-strlen.o)
                0x0000000010002ec0                strlen
 *fill*         0x0000000010002f9c        0x4 
 .text._vfprintf_r
                0x0000000010002fa0     0x1b8c /Users/shaunak/MaximSDK/Tools/GNUTools/10.3/bin/../lib/gcc/arm-none-eabi/10.3.1/../../../../arm-none-eabi/lib/thumb/v7e-m+fp/softfp/libc.a(lib_a-vfprintf.o)
                0x0000000010002fa0                _vfprintf_r
 .text.__sbprintf
                0x0000000010004b2c       0x80 /Users/shaunak/MaximSDK/Tools/GNUTools/10.3/bin/../lib/gcc/arm-none-eabi/10.3.1/../../../../arm-none-eabi/lib/thumb/v7e-m+fp/softfp/libc.a(lib_a-vfprintf.o)
 .text.__swsetup_r
                0x0000000010004bac       0xd4 /Users/shaunak/MaximSDK/Tools/GNUTools/10.3/bin/../lib/gcc/arm-none-eabi/10.3.1/../../../../arm-none-eabi/lib/thumb/v7e-m+fp/softfp/libc.a(lib_a-wsetup.o)
                0x0000000010004bac                __swsetup_r
 .text.startup.register_fini
                0x0000000010004c80       0x14 /Users/shaunak/MaximSDK/Tools/GNUTools/10.3/bin/../lib/gcc/arm-none-eabi/10.3.1/../../../../arm-none-eabi/lib/thumb/v7e-m+fp/softfp/libc.a(lib_a-__call_atexit.o)
 .text.atexit   0x0000000010004c94        0xc /Users/shaunak/MaximSDK/Tools/GNUTools/10.3/bin/../lib/gcc/arm-none-eabi/10.3.1/../../../../arm-none-eabi/lib/thumb/v7e-m+fp/softfp/libc.a(lib_a-atexit.o)
                0x0000000010004c94                atexit
 .text.quorem   0x0000000010004ca0      0x128 /Users/shaunak/MaximSDK/Tools/GNUTools/10.3/bin/../lib/gcc/arm-none-eabi/10.3.1/../../../../arm-none-eabi/lib/thumb/v7e-m+fp/softfp/libc.a(lib_a-dtoa.o)
 .text._dtoa_r  0x0000000010004dc8      0xf34 /Users/shaunak/MaximSDK/Tools/GNUTools/10.3/bin/../lib/gcc/arm-none-eabi/10.3.1/../../../../arm-none-eabi/lib/thumb/v7e-m+fp/softfp/libc.a(lib_a-dtoa.o)
                0x0000000010004dc8                _dtoa_r
 .text.__sflush_r
                0x0000000010005cfc      0x130 /Users/shaunak/MaximSDK/Tools/GNUTools/10.3/bin/../lib/gcc/arm-none-eabi/10.3.1/../../../../arm-none-eabi/lib/thumb/v7e-m+fp/softfp/libc.a(lib_a-fflush.o)
                0x0000000010005cfc                __sflush_r
 .text._fflush_r
                0x0000000010005e2c       0x5c /Users/shaunak/MaximSDK/Tools/GNUTools/10.3/bin/../lib/gcc/arm-none-eabi/10.3.1/../../../../arm-none-eabi/lib/thumb/v7e-m+fp/softfp/libc.a(lib_a-fflush.o)
                0x0000000010005e2c                _fflush_r
 .text._cleanup_r
                0x0000000010005e88        0xc /Users/shaunak/MaximSDK/Tools/GNUTools/10.3/bin/../lib/gcc/arm-none-eabi/10.3.1/../../../../arm-none-eabi/lib/thumb/v7e-m+fp/softfp/libc.a(lib_a-findfp.o)
                0x0000000010005e88                _cleanup_r
 .text.__sinit  0x0000000010005e94      0x10c /Users/shaunak/MaximSDK/Tools/GNUTools/10.3/bin/../lib/gcc/arm-none-eabi/10.3.1/../../../../arm-none-eabi/lib/thumb/v7e-m+fp/softfp/libc.a(lib_a-findfp.o)
                0x0000000010005e94                __sinit
 .text.__sfp_lock_acquire
                0x0000000010005fa0        0xc /Users/shaunak/MaximSDK/Tools/GNUTools/10.3/bin/../lib/gcc/arm-none-eabi/10.3.1/../../../../arm-none-eabi/lib/thumb/v7e-m+fp/softfp/libc.a(lib_a-findfp.o)
                0x0000000010005fa0                __sfp_lock_acquire
 .text.__sfp_lock_release
                0x0000000010005fac        0xc /Users/shaunak/MaximSDK/Tools/GNUTools/10.3/bin/../lib/gcc/arm-none-eabi/10.3.1/../../../../arm-none-eabi/lib/thumb/v7e-m+fp/softfp/libc.a(lib_a-findfp.o)
                0x0000000010005fac                __sfp_lock_release
 .text.__libc_fini_array
                0x0000000010005fb8       0x2c /Users/shaunak/MaximSDK/Tools/GNUTools/10.3/bin/../lib/gcc/arm-none-eabi/10.3.1/../../../../arm-none-eabi/lib/thumb/v7e-m+fp/softfp/libc.a(lib_a-fini.o)
                0x0000000010005fb8                __libc_fini_array
 .text._malloc_trim_r
                0x0000000010005fe4       0xa0 /Users/shaunak/MaximSDK/Tools/GNUTools/10.3/bin/../lib/gcc/arm-none-eabi/10.3.1/../../../../arm-none-eabi/lib/thumb/v7e-m+fp/softfp/libc.a(lib_a-freer.o)
                0x0000000010005fe4                _malloc_trim_r
 .text._free_r  0x0000000010006084      0x20c /Users/shaunak/MaximSDK/Tools/GNUTools/10.3/bin/../lib/gcc/arm-none-eabi/10.3.1/../../../../arm-none-eabi/lib/thumb/v7e-m+fp/softfp/libc.a(lib_a-freer.o)
                0x0000000010006084                _free_r
 .text.__sfvwrite_r
                0x0000000010006290      0x2f0 /Users/shaunak/MaximSDK/Tools/GNUTools/10.3/bin/../lib/gcc/arm-none-eabi/10.3.1/../../../../arm-none-eabi/lib/thumb/v7e-m+fp/softfp/libc.a(lib_a-fvwrite.o)
                0x0000000010006290                __sfvwrite_r
 .text._fwalk_reent
                0x0000000010006580       0x48 /Users/shaunak/MaximSDK/Tools/GNUTools/10.3/bin/../lib/gcc/arm-none-eabi/10.3.1/../../../../arm-none-eabi/lib/thumb/v7e-m+fp/softfp/libc.a(lib_a-fwalk.o)
                0x0000000010006580                _fwalk_reent
 .text._localeconv_r
                0x00000000100065c8        0x8 /Users/shaunak/MaximSDK/Tools/GNUTools/10.3/bin/../lib/gcc/arm-none-eabi/10.3.1/../../../../arm-none-eabi/lib/thumb/v7e-m+fp/softfp/libc.a(lib_a-localeconv.o)
                0x00000000100065c8                _localeconv_r
 .text.__retarget_lock_init_recursive
                0x00000000100065d0        0x4 /Users/shaunak/MaximSDK/Tools/GNUTools/10.3/bin/../lib/gcc/arm-none-eabi/10.3.1/../../../../arm-none-eabi/lib/thumb/v7e-m+fp/softfp/libc.a(lib_a-lock.o)
                0x00000000100065d0                __retarget_lock_init_recursive
 .text.__retarget_lock_close_recursive
                0x00000000100065d4        0x4 /Users/shaunak/MaximSDK/Tools/GNUTools/10.3/bin/../lib/gcc/arm-none-eabi/10.3.1/../../../../arm-none-eabi/lib/thumb/v7e-m+fp/softfp/libc.a(lib_a-lock.o)
                0x00000000100065d4                __retarget_lock_close_recursive
 .text.__retarget_lock_acquire_recursive
                0x00000000100065d8        0x4 /Users/shaunak/MaximSDK/Tools/GNUTools/10.3/bin/../lib/gcc/arm-none-eabi/10.3.1/../../../../arm-none-eabi/lib/thumb/v7e-m+fp/softfp/libc.a(lib_a-lock.o)
                0x00000000100065d8                __retarget_lock_acquire_recursive
 .text.__retarget_lock_release_recursive
                0x00000000100065dc        0x4 /Users/shaunak/MaximSDK/Tools/GNUTools/10.3/bin/../lib/gcc/arm-none-eabi/10.3.1/../../../../arm-none-eabi/lib/thumb/v7e-m+fp/softfp/libc.a(lib_a-lock.o)
                0x00000000100065dc                __retarget_lock_release_recursive
 .text.__smakebuf_r
                0x00000000100065e0       0xe0 /Users/shaunak/MaximSDK/Tools/GNUTools/10.3/bin/../lib/gcc/arm-none-eabi/10.3.1/../../../../arm-none-eabi/lib/thumb/v7e-m+fp/softfp/libc.a(lib_a-makebuf.o)
                0x00000000100065e0                __smakebuf_r
 .text          0x00000000100066c0       0xa0 /Users/shaunak/MaximSDK/Tools/GNUTools/10.3/bin/../lib/gcc/arm-none-eabi/10.3.1/../../../../arm-none-eabi/lib/thumb/v7e-m+fp/softfp/libc.a(lib_a-memchr.o)
                0x00000000100066c0                memchr
 .text.memmove  0x0000000010006760       0xf8 /Users/shaunak/MaximSDK/Tools/GNUTools/10.3/bin/../lib/gcc/arm-none-eabi/10.3.1/../../../../arm-none-eabi/lib/thumb/v7e-m+fp/softfp/libc.a(lib_a-memmove.o)
                0x0000000010006760                memmove
 .text._Balloc  0x0000000010006858       0x4c /Users/shaunak/MaximSDK/Tools/GNUTools/10.3/bin/../lib/gcc/arm-none-eabi/10.3.1/../../../../arm-none-eabi/lib/thumb/v7e-m+fp/softfp/libc.a(lib_a-mprec.o)
                0x0000000010006858                _Balloc
 .text._Bfree   0x00000000100068a4       0x14 /Users/shaunak/MaximSDK/Tools/GNUTools/10.3/bin/../lib/gcc/arm-none-eabi/10.3.1/../../../../arm-none-eabi/lib/thumb/v7e-m+fp/softfp/libc.a(lib_a-mprec.o)
                0x00000000100068a4                _Bfree
 .text.__multadd
                0x00000000100068b8       0xa8 /Users/shaunak/MaximSDK/Tools/GNUTools/10.3/bin/../lib/gcc/arm-none-eabi/10.3.1/../../../../arm-none-eabi/lib/thumb/v7e-m+fp/softfp/libc.a(lib_a-mprec.o)
                0x00000000100068b8                __multadd
 .text.__hi0bits
                0x0000000010006960       0x40 /Users/shaunak/MaximSDK/Tools/GNUTools/10.3/bin/../lib/gcc/arm-none-eabi/10.3.1/../../../../arm-none-eabi/lib/thumb/v7e-m+fp/softfp/libc.a(lib_a-mprec.o)
                0x0000000010006960                __hi0bits
 .text.__lo0bits
                0x00000000100069a0       0x60 /Users/shaunak/MaximSDK/Tools/GNUTools/10.3/bin/../lib/gcc/arm-none-eabi/10.3.1/../../../../arm-none-eabi/lib/thumb/v7e-m+fp/softfp/libc.a(lib_a-mprec.o)
                0x00000000100069a0                __lo0bits
 .text.__i2b    0x0000000010006a00       0x5c /Users/shaunak/MaximSDK/Tools/GNUTools/10.3/bin/../lib/gcc/arm-none-eabi/10.3.1/../../../../arm-none-eabi/lib/thumb/v7e-m+fp/softfp/libc.a(lib_a-mprec.o)
                0x0000000010006a00                __i2b
 .text.__multiply
                0x0000000010006a5c      0x15c /Users/shaunak/MaximSDK/Tools/GNUTools/10.3/bin/../lib/gcc/arm-none-eabi/10.3.1/../../../../arm-none-eabi/lib/thumb/v7e-m+fp/softfp/libc.a(lib_a-mprec.o)
                0x0000000010006a5c                __multiply
 .text.__pow5mult
                0x0000000010006bb8       0xc0 /Users/shaunak/MaximSDK/Tools/GNUTools/10.3/bin/../lib/gcc/arm-none-eabi/10.3.1/../../../../arm-none-eabi/lib/thumb/v7e-m+fp/softfp/libc.a(lib_a-mprec.o)
                0x0000000010006bb8                __pow5mult
 .text.__lshift
                0x0000000010006c78       0xf0 /Users/shaunak/MaximSDK/Tools/GNUTools/10.3/bin/../lib/gcc/arm-none-eabi/10.3.1/../../../../arm-none-eabi/lib/thumb/v7e-m+fp/softfp/libc.a(lib_a-mprec.o)
                0x0000000010006c78                __lshift
 .text.__mcmp   0x0000000010006d68       0x44 /Users/shaunak/MaximSDK/Tools/GNUTools/10.3/bin/../lib/gcc/arm-none-eabi/10.3.1/../../../../arm-none-eabi/lib/thumb/v7e-m+fp/softfp/libc.a(lib_a-mprec.o)
                0x0000000010006d68                __mcmp
 .text.__mdiff  0x0000000010006dac      0x14c /Users/shaunak/MaximSDK/Tools/GNUTools/10.3/bin/../lib/gcc/arm-none-eabi/10.3.1/../../../../arm-none-eabi/lib/thumb/v7e-m+fp/softfp/libc.a(lib_a-mprec.o)
                0x0000000010006dac                __mdiff
 .text.__d2b    0x0000000010006ef8       0xc4 /Users/shaunak/MaximSDK/Tools/GNUTools/10.3/bin/../lib/gcc/arm-none-eabi/10.3.1/../../../../arm-none-eabi/lib/thumb/v7e-m+fp/softfp/libc.a(lib_a-mprec.o)
                0x0000000010006ef8                __d2b
 .text._realloc_r
                0x0000000010006fbc      0x3d8 /Users/shaunak/MaximSDK/Tools/GNUTools/10.3/bin/../lib/gcc/arm-none-eabi/10.3.1/../../../../arm-none-eabi/lib/thumb/v7e-m+fp/softfp/libc.a(lib_a-reallocr.o)
                0x0000000010006fbc                _realloc_r
 .text.frexp    0x0000000010007394       0x70 /Users/shaunak/MaximSDK/Tools/GNUTools/10.3/bin/../lib/gcc/arm-none-eabi/10.3.1/../../../../arm-none-eabi/lib/thumb/v7e-m+fp/softfp/libc.a(lib_a-s_frexp.o)
                0x0000000010007394                frexp
 .text.__sread  0x0000000010007404       0x24 /Users/shaunak/MaximSDK/Tools/GNUTools/10.3/bin/../lib/gcc/arm-none-eabi/10.3.1/../../../../arm-none-eabi/lib/thumb/v7e-m+fp/softfp/libc.a(lib_a-stdio.o)
                0x0000000010007404                __sread
 .text.__swrite
                0x0000000010007428       0x40 /Users/shaunak/MaximSDK/Tools/GNUTools/10.3/bin/../lib/gcc/arm-none-eabi/10.3.1/../../../../arm-none-eabi/lib/thumb/v7e-m+fp/softfp/libc.a(lib_a-stdio.o)
                0x0000000010007428                __swrite
 .text.__sseek  0x0000000010007468       0x20 /Users/shaunak/MaximSDK/Tools/GNUTools/10.3/bin/../lib/gcc/arm-none-eabi/10.3.1/../../../../arm-none-eabi/lib/thumb/v7e-m+fp/softfp/libc.a(lib_a-stdio.o)
                0x0000000010007468                __sseek
 .text.__sclose
                0x0000000010007488        0x8 /Users/shaunak/MaximSDK/Tools/GNUTools/10.3/bin/../lib/gcc/arm-none-eabi/10.3.1/../../../../arm-none-eabi/lib/thumb/v7e-m+fp/softfp/libc.a(lib_a-stdio.o)
                0x0000000010007488                __sclose
 .text.strncpy  0x0000000010007490       0x64 /Users/shaunak/MaximSDK/Tools/GNUTools/10.3/bin/../lib/gcc/arm-none-eabi/10.3.1/../../../../arm-none-eabi/lib/thumb/v7e-m+fp/softfp/libc.a(lib_a-strncpy.o)
                0x0000000010007490                strncpy
 .text.__sprint_r.part.0
                0x00000000100074f4       0x78 /Users/shaunak/MaximSDK/Tools/GNUTools/10.3/bin/../lib/gcc/arm-none-eabi/10.3.1/../../../../arm-none-eabi/lib/thumb/v7e-m+fp/softfp/libc.a(lib_a-vfiprintf.o)
 .text.__sprint_r
                0x000000001000756c       0x18 /Users/shaunak/MaximSDK/Tools/GNUTools/10.3/bin/../lib/gcc/arm-none-eabi/10.3.1/../../../../arm-none-eabi/lib/thumb/v7e-m+fp/softfp/libc.a(lib_a-vfiprintf.o)
                0x000000001000756c                __sprint_r
 .text._vfiprintf_r
                0x0000000010007584      0xdfc /Users/shaunak/MaximSDK/Tools/GNUTools/10.3/bin/../lib/gcc/arm-none-eabi/10.3.1/../../../../arm-none-eabi/lib/thumb/v7e-m+fp/softfp/libc.a(lib_a-vfiprintf.o)
                0x0000000010007584                _vfiprintf_r
 .text.__sbprintf
                0x0000000010008380       0x80 /Users/shaunak/MaximSDK/Tools/GNUTools/10.3/bin/../lib/gcc/arm-none-eabi/10.3.1/../../../../arm-none-eabi/lib/thumb/v7e-m+fp/softfp/libc.a(lib_a-vfiprintf.o)
 .text._write_r
                0x0000000010008400       0x2c /Users/shaunak/MaximSDK/Tools/GNUTools/10.3/bin/../lib/gcc/arm-none-eabi/10.3.1/../../../../arm-none-eabi/lib/thumb/v7e-m+fp/softfp/libc.a(lib_a-writer.o)
                0x0000000010008400                _write_r
 .text.__register_exitproc
                0x000000001000842c       0x8c /Users/shaunak/MaximSDK/Tools/GNUTools/10.3/bin/../lib/gcc/arm-none-eabi/10.3.1/../../../../arm-none-eabi/lib/thumb/v7e-m+fp/softfp/libc.a(lib_a-__atexit.o)
                0x000000001000842c                __register_exitproc
 .text.__assert_func
                0x00000000100084b8       0x40 /Users/shaunak/MaximSDK/Tools/GNUTools/10.3/bin/../lib/gcc/arm-none-eabi/10.3.1/../../../../arm-none-eabi/lib/thumb/v7e-m+fp/softfp/libc.a(lib_a-assert.o)
                0x00000000100084b8                __assert_func
 .text._calloc_r
                0x00000000100084f8       0x78 /Users/shaunak/MaximSDK/Tools/GNUTools/10.3/bin/../lib/gcc/arm-none-eabi/10.3.1/../../../../arm-none-eabi/lib/thumb/v7e-m+fp/softfp/libc.a(lib_a-callocr.o)
                0x00000000100084f8                _calloc_r
 .text._close_r
                0x0000000010008570       0x24 /Users/shaunak/MaximSDK/Tools/GNUTools/10.3/bin/../lib/gcc/arm-none-eabi/10.3.1/../../../../arm-none-eabi/lib/thumb/v7e-m+fp/softfp/libc.a(lib_a-closer.o)
                0x0000000010008570                _close_r
 .text._fclose_r
                0x0000000010008594       0xcc /Users/shaunak/MaximSDK/Tools/GNUTools/10.3/bin/../lib/gcc/arm-none-eabi/10.3.1/../../../../arm-none-eabi/lib/thumb/v7e-m+fp/softfp/libc.a(lib_a-fclose.o)
                0x0000000010008594                _fclose_r
 .text.fiprintf
                0x0000000010008660       0x28 /Users/shaunak/MaximSDK/Tools/GNUTools/10.3/bin/../lib/gcc/arm-none-eabi/10.3.1/../../../../arm-none-eabi/lib/thumb/v7e-m+fp/softfp/libc.a(lib_a-fiprintf.o)
                0x0000000010008660                fiprintf
 .text.__fputwc
                0x0000000010008688       0xa8 /Users/shaunak/MaximSDK/Tools/GNUTools/10.3/bin/../lib/gcc/arm-none-eabi/10.3.1/../../../../arm-none-eabi/lib/thumb/v7e-m+fp/softfp/libc.a(lib_a-fputwc.o)
                0x0000000010008688                __fputwc
 .text._fputwc_r
                0x0000000010008730       0x68 /Users/shaunak/MaximSDK/Tools/GNUTools/10.3/bin/../lib/gcc/arm-none-eabi/10.3.1/../../../../arm-none-eabi/lib/thumb/v7e-m+fp/softfp/libc.a(lib_a-fputwc.o)
                0x0000000010008730                _fputwc_r
 .text._fstat_r
                0x0000000010008798       0x2c /Users/shaunak/MaximSDK/Tools/GNUTools/10.3/bin/../lib/gcc/arm-none-eabi/10.3.1/../../../../arm-none-eabi/lib/thumb/v7e-m+fp/softfp/libc.a(lib_a-fstatr.o)
                0x0000000010008798                _fstat_r
 .text._isatty_r
                0x00000000100087c4       0x24 /Users/shaunak/MaximSDK/Tools/GNUTools/10.3/bin/../lib/gcc/arm-none-eabi/10.3.1/../../../../arm-none-eabi/lib/thumb/v7e-m+fp/softfp/libc.a(lib_a-isattyr.o)
                0x00000000100087c4                _isatty_r
 .text.__locale_mb_cur_max
                0x00000000100087e8        0xc /Users/shaunak/MaximSDK/Tools/GNUTools/10.3/bin/../lib/gcc/arm-none-eabi/10.3.1/../../../../arm-none-eabi/lib/thumb/v7e-m+fp/softfp/libc.a(lib_a-locale.o)
                0x00000000100087e8                __locale_mb_cur_max
 .text._lseek_r
                0x00000000100087f4       0x2c /Users/shaunak/MaximSDK/Tools/GNUTools/10.3/bin/../lib/gcc/arm-none-eabi/10.3.1/../../../../arm-none-eabi/lib/thumb/v7e-m+fp/softfp/libc.a(lib_a-lseekr.o)
                0x00000000100087f4                _lseek_r
 .text.__ascii_mbtowc
                0x0000000010008820       0x2c /Users/shaunak/MaximSDK/Tools/GNUTools/10.3/bin/../lib/gcc/arm-none-eabi/10.3.1/../../../../arm-none-eabi/lib/thumb/v7e-m+fp/softfp/libc.a(lib_a-mbtowc_r.o)
                0x0000000010008820                __ascii_mbtowc
 .text._read_r  0x000000001000884c       0x2c /Users/shaunak/MaximSDK/Tools/GNUTools/10.3/bin/../lib/gcc/arm-none-eabi/10.3.1/../../../../arm-none-eabi/lib/thumb/v7e-m+fp/softfp/libc.a(lib_a-readr.o)
                0x000000001000884c                _read_r
 .text.__swbuf_r
                0x0000000010008878       0xb0 /Users/shaunak/MaximSDK/Tools/GNUTools/10.3/bin/../lib/gcc/arm-none-eabi/10.3.1/../../../../arm-none-eabi/lib/thumb/v7e-m+fp/softfp/libc.a(lib_a-wbuf.o)
                0x0000000010008878                __swbuf_r
 .text._wcrtomb_r
                0x0000000010008928       0x3c /Users/shaunak/MaximSDK/Tools/GNUTools/10.3/bin/../lib/gcc/arm-none-eabi/10.3.1/../../../../arm-none-eabi/lib/thumb/v7e-m+fp/softfp/libc.a(lib_a-wcrtomb.o)
                0x0000000010008928                _wcrtomb_r
 .text.__ascii_wctomb
                0x0000000010008964       0x1c /Users/shaunak/MaximSDK/Tools/GNUTools/10.3/bin/../lib/gcc/arm-none-eabi/10.3.1/../../../../arm-none-eabi/lib/thumb/v7e-m+fp/softfp/libc.a(lib_a-wctomb_r.o)
                0x0000000010008964                __ascii_wctomb
 .text.abort    0x0000000010008980       0x10 /Users/shaunak/MaximSDK/Tools/GNUTools/10.3/bin/../lib/gcc/arm-none-eabi/10.3.1/../../../../arm-none-eabi/lib/thumb/v7e-m+fp/softfp/libc.a(lib_a-abort.o)
                0x0000000010008980                abort
 .text.raise    0x0000000010008990       0x5c /Users/shaunak/MaximSDK/Tools/GNUTools/10.3/bin/../lib/gcc/arm-none-eabi/10.3.1/../../../../arm-none-eabi/lib/thumb/v7e-m+fp/softfp/libc.a(lib_a-signal.o)
                0x0000000010008990                raise
 .text._kill_r  0x00000000100089ec       0x2c /Users/shaunak/MaximSDK/Tools/GNUTools/10.3/bin/../lib/gcc/arm-none-eabi/10.3.1/../../../../arm-none-eabi/lib/thumb/v7e-m+fp/softfp/libc.a(lib_a-signalr.o)
                0x00000000100089ec                _kill_r
 .text._getpid_r
                0x0000000010008a18        0x4 /Users/shaunak/MaximSDK/Tools/GNUTools/10.3/bin/../lib/gcc/arm-none-eabi/10.3.1/../../../../arm-none-eabi/lib/thumb/v7e-m+fp/softfp/libc.a(lib_a-signalr.o)
                0x0000000010008a18                _getpid_r
 .text._getpid  0x0000000010008a1c       0x10 /Users/shaunak/MaximSDK/Tools/GNUTools/10.3/bin/../lib/gcc/arm-none-eabi/10.3.1/../../../../arm-none-eabi/lib/thumb/v7e-m+fp/softfp/libnosys.a(getpid.o)
                0x0000000010008a1c                _getpid
 .text._kill    0x0000000010008a2c       0x10 /Users/shaunak/MaximSDK/Tools/GNUTools/10.3/bin/../lib/gcc/arm-none-eabi/10.3.1/../../../../arm-none-eabi/lib/thumb/v7e-m+fp/softfp/libnosys.a(kill.o)
                0x0000000010008a2c                _kill
 .text._exit    0x0000000010008a3c        0x4 /Users/shaunak/MaximSDK/Tools/GNUTools/10.3/bin/../lib/gcc/arm-none-eabi/10.3.1/../../../../arm-none-eabi/lib/thumb/v7e-m+fp/softfp/libnosys.a(_exit.o)
                0x0000000010008a3c                _exit
 .text          0x0000000010008a40      0x378 /Users/shaunak/MaximSDK/Tools/GNUTools/10.3/bin/../lib/gcc/arm-none-eabi/10.3.1/thumb/v7e-m+fp/softfp/libgcc.a(_arm_addsubdf3.o)
                0x0000000010008a40                __aeabi_drsub
                0x0000000010008a48                __subdf3
                0x0000000010008a48                __aeabi_dsub
                0x0000000010008a4c                __aeabi_dadd
                0x0000000010008a4c                __adddf3
                0x0000000010008cc4                __aeabi_ui2d
                0x0000000010008cc4                __floatunsidf
                0x0000000010008ce4                __floatsidf
                0x0000000010008ce4                __aeabi_i2d
                0x0000000010008d08                __extendsfdf2
                0x0000000010008d08                __aeabi_f2d
                0x0000000010008d4c                __aeabi_ul2d
                0x0000000010008d4c                __floatundidf
                0x0000000010008d5c                __aeabi_l2d
                0x0000000010008d5c                __floatdidf
 .text          0x0000000010008db8      0x424 /Users/shaunak/MaximSDK/Tools/GNUTools/10.3/bin/../lib/gcc/arm-none-eabi/10.3.1/thumb/v7e-m+fp/softfp/libgcc.a(_arm_muldivdf3.o)
                0x0000000010008db8                __aeabi_dmul
                0x0000000010008db8                __muldf3
                0x000000001000900c                __aeabi_ddiv
                0x000000001000900c                __divdf3
 .text          0x00000000100091dc      0x110 /Users/shaunak/MaximSDK/Tools/GNUTools/10.3/bin/../lib/gcc/arm-none-eabi/10.3.1/thumb/v7e-m+fp/softfp/libgcc.a(_arm_cmpdf2.o)
                0x00000000100091dc                __gedf2
                0x00000000100091dc                __gtdf2
                0x00000000100091e4                __ledf2
                0x00000000100091e4                __ltdf2
                0x00000000100091ec                __cmpdf2
                0x00000000100091ec                __eqdf2
                0x00000000100091ec                __nedf2
                0x0000000010009268                __aeabi_cdrcmple
                0x0000000010009278                __aeabi_cdcmple
                0x0000000010009278                __aeabi_cdcmpeq
                0x0000000010009288                __aeabi_dcmpeq
                0x000000001000929c                __aeabi_dcmplt
                0x00000000100092b0                __aeabi_dcmple
                0x00000000100092c4                __aeabi_dcmpge
                0x00000000100092d8                __aeabi_dcmpgt
 .text          0x00000000100092ec       0x2c /Users/shaunak/MaximSDK/Tools/GNUTools/10.3/bin/../lib/gcc/arm-none-eabi/10.3.1/thumb/v7e-m+fp/softfp/libgcc.a(_arm_unorddf2.o)
                0x00000000100092ec                __aeabi_dcmpun
                0x00000000100092ec                __unorddf2
 .text          0x0000000010009318       0x50 /Users/shaunak/MaximSDK/Tools/GNUTools/10.3/bin/../lib/gcc/arm-none-eabi/10.3.1/thumb/v7e-m+fp/softfp/libgcc.a(_arm_fixdfsi.o)
                0x0000000010009318                __fixdfsi
                0x0000000010009318                __aeabi_d2iz
 .text          0x0000000010009368       0xa0 /Users/shaunak/MaximSDK/Tools/GNUTools/10.3/bin/../lib/gcc/arm-none-eabi/10.3.1/thumb/v7e-m+fp/softfp/libgcc.a(_arm_truncdfsf2.o)
                0x0000000010009368                __aeabi_d2f
                0x0000000010009368                __truncdfsf2
 .text          0x0000000010009408       0x30 /Users/shaunak/MaximSDK/Tools/GNUTools/10.3/bin/../lib/gcc/arm-none-eabi/10.3.1/thumb/v7e-m+fp/softfp/libgcc.a(_aeabi_uldivmod.o)
                0x0000000010009408                __aeabi_uldivmod
 .text          0x0000000010009438      0x2d0 /Users/shaunak/MaximSDK/Tools/GNUTools/10.3/bin/../lib/gcc/arm-none-eabi/10.3.1/thumb/v7e-m+fp/softfp/libgcc.a(_udivmoddi4.o)
                0x0000000010009438                __udivmoddi4
 .text          0x0000000010009708        0x4 /Users/shaunak/MaximSDK/Tools/GNUTools/10.3/bin/../lib/gcc/arm-none-eabi/10.3.1/thumb/v7e-m+fp/softfp/libgcc.a(_dvmd_tls.o)
                0x0000000010009708                __aeabi_ldiv0
                0x0000000010009708                __aeabi_idiv0
 *(.rodata*)
 .rodata.initializeBelt.str1.4
                0x000000001000970c       0x25 /Users/shaunak/Desktop/ECE189/shaunak/build/belt.o
 *fill*         0x0000000010009731        0x3 
 .rodata.setBeltSpeed.str1.4
                0x0000000010009734       0x3a /Users/shaunak/Desktop/ECE189/shaunak/build/belt.o
 *fill*         0x000000001000976e        0x2 
 .rodata        0x0000000010009770        0xc /Users/shaunak/Desktop/ECE189/shaunak/build/belt.o
 .rodata.main.str1.4
                0x000000001000977c       0x47 /Users/shaunak/Desktop/ECE189/shaunak/build/main.o
 *fill*         0x00000000100097c3        0x1 
 .rodata.mxc_assert.str1.4
                0x00000000100097c4       0x19 /Users/shaunak/Desktop/ECE189/shaunak/build/board.o
 *fill*         0x00000000100097dd        0x3 
 .rodata.Board_Init.str1.4
                0x00000000100097e0       0x51 /Users/shaunak/Desktop/ECE189/shaunak/build/board.o
 *fill*         0x0000000010009831        0x3 
 .rodata.led_pin
                0x0000000010009834       0x24 /Users/shaunak/Desktop/ECE189/shaunak/build/board.o
                0x0000000010009834                led_pin
 .rodata.num_leds
                0x0000000010009858        0x4 /Users/shaunak/Desktop/ECE189/shaunak/build/board.o
                0x0000000010009858                num_leds
 .rodata.num_pbs
                0x000000001000985c        0x4 /Users/shaunak/Desktop/ECE189/shaunak/build/board.o
                0x000000001000985c                num_pbs
 .rodata.pb_pin
                0x0000000010009860       0x18 /Users/shaunak/Desktop/ECE189/shaunak/build/board.o
                0x0000000010009860                pb_pin
 .rodata.gpio_cfg_i2c0
                0x0000000010009878        0xc /Users/shaunak/MaximSDK/Libraries/PeriphDrivers/bin/MAX78000/softfp/libPeriphDriver_softfp.a(pins_ai85.o)
                0x0000000010009878                gpio_cfg_i2c0
 .rodata.gpio_cfg_i2c1
                0x0000000010009884        0xc /Users/shaunak/MaximSDK/Libraries/PeriphDrivers/bin/MAX78000/softfp/libPeriphDriver_softfp.a(pins_ai85.o)
                0x0000000010009884                gpio_cfg_i2c1
 .rodata.gpio_cfg_i2c2
                0x0000000010009890        0xc /Users/shaunak/MaximSDK/Libraries/PeriphDrivers/bin/MAX78000/softfp/libPeriphDriver_softfp.a(pins_ai85.o)
                0x0000000010009890                gpio_cfg_i2c2
 .rodata.gpio_cfg_tmr0
                0x000000001000989c        0xc /Users/shaunak/MaximSDK/Libraries/PeriphDrivers/bin/MAX78000/softfp/libPeriphDriver_softfp.a(pins_ai85.o)
                0x000000001000989c                gpio_cfg_tmr0
 .rodata.gpio_cfg_tmr0b
                0x00000000100098a8        0xc /Users/shaunak/MaximSDK/Libraries/PeriphDrivers/bin/MAX78000/softfp/libPeriphDriver_softfp.a(pins_ai85.o)
                0x00000000100098a8                gpio_cfg_tmr0b
 .rodata.gpio_cfg_tmr1
                0x00000000100098b4        0xc /Users/shaunak/MaximSDK/Libraries/PeriphDrivers/bin/MAX78000/softfp/libPeriphDriver_softfp.a(pins_ai85.o)
                0x00000000100098b4                gpio_cfg_tmr1
 .rodata.gpio_cfg_tmr1b
                0x00000000100098c0        0xc /Users/shaunak/MaximSDK/Libraries/PeriphDrivers/bin/MAX78000/softfp/libPeriphDriver_softfp.a(pins_ai85.o)
                0x00000000100098c0                gpio_cfg_tmr1b
 .rodata.gpio_cfg_tmr2
                0x00000000100098cc        0xc /Users/shaunak/MaximSDK/Libraries/PeriphDrivers/bin/MAX78000/softfp/libPeriphDriver_softfp.a(pins_ai85.o)
                0x00000000100098cc                gpio_cfg_tmr2
 .rodata.gpio_cfg_tmr2b
                0x00000000100098d8        0xc /Users/shaunak/MaximSDK/Libraries/PeriphDrivers/bin/MAX78000/softfp/libPeriphDriver_softfp.a(pins_ai85.o)
                0x00000000100098d8                gpio_cfg_tmr2b
 .rodata.gpio_cfg_tmr3
                0x00000000100098e4        0xc /Users/shaunak/MaximSDK/Libraries/PeriphDrivers/bin/MAX78000/softfp/libPeriphDriver_softfp.a(pins_ai85.o)
                0x00000000100098e4                gpio_cfg_tmr3
 .rodata.gpio_cfg_tmr3b
                0x00000000100098f0        0xc /Users/shaunak/MaximSDK/Libraries/PeriphDrivers/bin/MAX78000/softfp/libPeriphDriver_softfp.a(pins_ai85.o)
                0x00000000100098f0                gpio_cfg_tmr3b
 .rodata.gpio_cfg_tmr4
                0x00000000100098fc        0xc /Users/shaunak/MaximSDK/Libraries/PeriphDrivers/bin/MAX78000/softfp/libPeriphDriver_softfp.a(pins_ai85.o)
                0x00000000100098fc                gpio_cfg_tmr4
 .rodata.gpio_cfg_tmr5
                0x0000000010009908        0xc /Users/shaunak/MaximSDK/Libraries/PeriphDrivers/bin/MAX78000/softfp/libPeriphDriver_softfp.a(pins_ai85.o)
                0x0000000010009908                gpio_cfg_tmr5
 .rodata.gpio_cfg_uart0
                0x0000000010009914        0xc /Users/shaunak/MaximSDK/Libraries/PeriphDrivers/bin/MAX78000/softfp/libPeriphDriver_softfp.a(pins_ai85.o)
                0x0000000010009914                gpio_cfg_uart0
 .rodata.gpio_cfg_uart1
                0x0000000010009920        0xc /Users/shaunak/MaximSDK/Libraries/PeriphDrivers/bin/MAX78000/softfp/libPeriphDriver_softfp.a(pins_ai85.o)
                0x0000000010009920                gpio_cfg_uart1
 .rodata.gpio_cfg_uart2
                0x000000001000992c        0xc /Users/shaunak/MaximSDK/Libraries/PeriphDrivers/bin/MAX78000/softfp/libPeriphDriver_softfp.a(pins_ai85.o)
                0x000000001000992c                gpio_cfg_uart2
 .rodata.gpio_cfg_uart3
                0x0000000010009938        0xc /Users/shaunak/MaximSDK/Libraries/PeriphDrivers/bin/MAX78000/softfp/libPeriphDriver_softfp.a(pins_ai85.o)
                0x0000000010009938                gpio_cfg_uart3
 .rodata.MXC_TMR_Init.str1.4
                0x0000000010009944       0x5c /Users/shaunak/MaximSDK/Libraries/PeriphDrivers/bin/MAX78000/softfp/libPeriphDriver_softfp.a(tmr_ai85.o)
 .rodata.MXC_TMR_Shutdown.str1.4
                0x00000000100099a0       0x1a /Users/shaunak/MaximSDK/Libraries/PeriphDrivers/bin/MAX78000/softfp/libPeriphDriver_softfp.a(tmr_ai85.o)
 *fill*         0x00000000100099ba        0x2 
 .rodata.MXC_TMR_GetPeriod.str1.4
                0x00000000100099bc       0xbc /Users/shaunak/MaximSDK/Libraries/PeriphDrivers/bin/MAX78000/softfp/libPeriphDriver_softfp.a(tmr_ai85.o)
 .rodata.CSWTCH.22
                0x0000000010009a78        0xc /Users/shaunak/MaximSDK/Libraries/PeriphDrivers/bin/MAX78000/softfp/libPeriphDriver_softfp.a(tmr_ai85.o)
 .rodata.MXC_TMR_RevB_ConfigGeneric.str1.4
                0x0000000010009a84       0x4f /Users/shaunak/MaximSDK/Libraries/PeriphDrivers/bin/MAX78000/softfp/libPeriphDriver_softfp.a(tmr_revb.o)
                                         0x5c (size before relaxing)
 *fill*         0x0000000010009ad3        0x1 
 .rodata.MXC_GPIO_Common_Handler.str1.4
                0x0000000010009ad4       0x72 /Users/shaunak/MaximSDK/Libraries/PeriphDrivers/bin/MAX78000/softfp/libPeriphDriver_softfp.a(gpio_common.o)
 *fill*         0x0000000010009b46        0x2 
 .rodata._global_impure_ptr
                0x0000000010009b48        0x4 /Users/shaunak/MaximSDK/Tools/GNUTools/10.3/bin/../lib/gcc/arm-none-eabi/10.3.1/../../../../arm-none-eabi/lib/thumb/v7e-m+fp/softfp/libc.a(lib_a-impure.o)
                0x0000000010009b48                _global_impure_ptr
 .rodata._puts_r.str1.4
                0x0000000010009b4c        0x2 /Users/shaunak/MaximSDK/Tools/GNUTools/10.3/bin/../lib/gcc/arm-none-eabi/10.3.1/../../../../arm-none-eabi/lib/thumb/v7e-m+fp/softfp/libc.a(lib_a-puts.o)
 *fill*         0x0000000010009b4e        0x2 
 .rodata._vfprintf_r.str1.4
                0x0000000010009b50       0x3f /Users/shaunak/MaximSDK/Tools/GNUTools/10.3/bin/../lib/gcc/arm-none-eabi/10.3.1/../../../../arm-none-eabi/lib/thumb/v7e-m+fp/softfp/libc.a(lib_a-vfprintf.o)
                                         0x42 (size before relaxing)
 *fill*         0x0000000010009b8f        0x1 
 .rodata.blanks.1
                0x0000000010009b90       0x10 /Users/shaunak/MaximSDK/Tools/GNUTools/10.3/bin/../lib/gcc/arm-none-eabi/10.3.1/../../../../arm-none-eabi/lib/thumb/v7e-m+fp/softfp/libc.a(lib_a-vfprintf.o)
 .rodata.zeroes.0
                0x0000000010009ba0       0x10 /Users/shaunak/MaximSDK/Tools/GNUTools/10.3/bin/../lib/gcc/arm-none-eabi/10.3.1/../../../../arm-none-eabi/lib/thumb/v7e-m+fp/softfp/libc.a(lib_a-vfprintf.o)
 .rodata._dtoa_r.str1.4
                0x0000000010009bb0       0x7e /Users/shaunak/MaximSDK/Tools/GNUTools/10.3/bin/../lib/gcc/arm-none-eabi/10.3.1/../../../../arm-none-eabi/lib/thumb/v7e-m+fp/softfp/libc.a(lib_a-dtoa.o)
                                         0x82 (size before relaxing)
 *fill*         0x0000000010009c2e        0x2 
 .rodata.__multadd.str1.4
                0x0000000010009c30       0x5b /Users/shaunak/MaximSDK/Tools/GNUTools/10.3/bin/../lib/gcc/arm-none-eabi/10.3.1/../../../../arm-none-eabi/lib/thumb/v7e-m+fp/softfp/libc.a(lib_a-mprec.o)
                                         0x6f (size before relaxing)
 *fill*         0x0000000010009c8b        0x5 
 .rodata.__mprec_bigtens
                0x0000000010009c90       0x28 /Users/shaunak/MaximSDK/Tools/GNUTools/10.3/bin/../lib/gcc/arm-none-eabi/10.3.1/../../../../arm-none-eabi/lib/thumb/v7e-m+fp/softfp/libc.a(lib_a-mprec.o)
                0x0000000010009c90                __mprec_bigtens
 .rodata.__mprec_tens
                0x0000000010009cb8       0xc8 /Users/shaunak/MaximSDK/Tools/GNUTools/10.3/bin/../lib/gcc/arm-none-eabi/10.3.1/../../../../arm-none-eabi/lib/thumb/v7e-m+fp/softfp/libc.a(lib_a-mprec.o)
                0x0000000010009cb8                __mprec_tens
 .rodata.p05.0  0x0000000010009d80        0xc /Users/shaunak/MaximSDK/Tools/GNUTools/10.3/bin/../lib/gcc/arm-none-eabi/10.3.1/../../../../arm-none-eabi/lib/thumb/v7e-m+fp/softfp/libc.a(lib_a-mprec.o)
 .rodata._vfiprintf_r.str1.4
                0x0000000010009d8c       0x2f /Users/shaunak/MaximSDK/Tools/GNUTools/10.3/bin/../lib/gcc/arm-none-eabi/10.3.1/../../../../arm-none-eabi/lib/thumb/v7e-m+fp/softfp/libc.a(lib_a-vfiprintf.o)
 .rodata.blanks.1
                0x0000000010009d8c       0x10 /Users/shaunak/MaximSDK/Tools/GNUTools/10.3/bin/../lib/gcc/arm-none-eabi/10.3.1/../../../../arm-none-eabi/lib/thumb/v7e-m+fp/softfp/libc.a(lib_a-vfiprintf.o)
 .rodata.zeroes.0
                0x0000000010009d9c       0x10 /Users/shaunak/MaximSDK/Tools/GNUTools/10.3/bin/../lib/gcc/arm-none-eabi/10.3.1/../../../../arm-none-eabi/lib/thumb/v7e-m+fp/softfp/libc.a(lib_a-vfiprintf.o)
 .rodata.__assert_func.str1.4
                0x0000000010009dac       0x3f /Users/shaunak/MaximSDK/Tools/GNUTools/10.3/bin/../lib/gcc/arm-none-eabi/10.3.1/../../../../arm-none-eabi/lib/thumb/v7e-m+fp/softfp/libc.a(lib_a-assert.o)
                                         0x43 (size before relaxing)
 *fill*         0x0000000010009deb        0x1 
 .rodata._setlocale_r.str1.4
                0x0000000010009dec        0xa /Users/shaunak/MaximSDK/Tools/GNUTools/10.3/bin/../lib/gcc/arm-none-eabi/10.3.1/../../../../arm-none-eabi/lib/thumb/v7e-m+fp/softfp/libc.a(lib_a-locale.o)
                                          0xd (size before relaxing)
 .rodata.str1.4
                0x0000000010009df6        0xa /Users/shaunak/MaximSDK/Tools/GNUTools/10.3/bin/../lib/gcc/arm-none-eabi/10.3.1/../../../../arm-none-eabi/lib/thumb/v7e-m+fp/softfp/libc.a(lib_a-locale.o)
                                          0x2 (size before relaxing)
 *fill*         0x0000000010009df6        0x2 
 .rodata._ctype_
                0x0000000010009df8      0x101 /Users/shaunak/MaximSDK/Tools/GNUTools/10.3/bin/../lib/gcc/arm-none-eabi/10.3.1/../../../../arm-none-eabi/lib/thumb/v7e-m+fp/softfp/libc.a(lib_a-ctype_.o)
                0x0000000010009df8                _ctype_
 *(.init)
 *fill*         0x0000000010009ef9        0x3 
 .init          0x0000000010009efc        0x4 /Users/shaunak/MaximSDK/Tools/GNUTools/10.3/bin/../lib/gcc/arm-none-eabi/10.3.1/thumb/v7e-m+fp/softfp/crti.o
                0x0000000010009efc                _init
 .init          0x0000000010009f00        0x8 /Users/shaunak/MaximSDK/Tools/GNUTools/10.3/bin/../lib/gcc/arm-none-eabi/10.3.1/thumb/v7e-m+fp/softfp/crtn.o
 *(.fini)
 .fini          0x0000000010009f08        0x4 /Users/shaunak/MaximSDK/Tools/GNUTools/10.3/bin/../lib/gcc/arm-none-eabi/10.3.1/thumb/v7e-m+fp/softfp/crti.o
                0x0000000010009f08                _fini
 .fini          0x0000000010009f0c        0x8 /Users/shaunak/MaximSDK/Tools/GNUTools/10.3/bin/../lib/gcc/arm-none-eabi/10.3.1/thumb/v7e-m+fp/softfp/crtn.o
 *(.eh_frame*)
 .eh_frame      0x0000000010009f14        0x0 /Users/shaunak/MaximSDK/Tools/GNUTools/10.3/bin/../lib/gcc/arm-none-eabi/10.3.1/thumb/v7e-m+fp/softfp/crtbegin.o
 .eh_frame      0x0000000010009f14        0x4 /Users/shaunak/MaximSDK/Tools/GNUTools/10.3/bin/../lib/gcc/arm-none-eabi/10.3.1/thumb/v7e-m+fp/softfp/crtend.o
                0x0000000010009f18                _etext = .

.glue_7         0x0000000010009f18        0x0
 .glue_7        0x0000000010009f18        0x0 linker stubs

.glue_7t        0x0000000010009f18        0x0
 .glue_7t       0x0000000010009f18        0x0 linker stubs

.vfp11_veneer   0x0000000010009f18        0x0
 .vfp11_veneer  0x0000000010009f18        0x0 linker stubs

.v4_bx          0x0000000010009f18        0x0
 .v4_bx         0x0000000010009f18        0x0 linker stubs

.iplt           0x0000000010009f18        0x0
 .iplt          0x0000000010009f18        0x0 /Users/shaunak/MaximSDK/Tools/GNUTools/10.3/bin/../lib/gcc/arm-none-eabi/10.3.1/thumb/v7e-m+fp/softfp/crtbegin.o

.bin_storage    0x0000000010009f18        0x0
 FILL mask 0xff
                0x0000000010009f18                _bin_start_ = .
 *(.bin_storage_img)
                0x0000000010009f18                _bin_end_ = .
                0x0000000010009f18                . = ALIGN (0x4)

.rom_code       0x0000000000000000        0x0
                0x0000000000000000                . = ALIGN (0x10)
                0x0000000020000000                _sran_code = .
 *(.rom_code_section)
                0x0000000020000000                _esran_code = .

.flash_code     0x0000000010009f18        0x8
                0x0000000010009f20                . = ALIGN (0x10)
 *fill*         0x0000000010009f18        0x8 
                0x0000000020000000                _sran_code = .
 *(.flash_code_section)
                0x0000000020000000                _esran_code = .

.sram_code      0x0000000020000000        0x0
                0x0000000020000000                . = ALIGN (0x10)
                0x0000000020000000                _sran_code = .
 *(.sram_code_section)
                0x0000000020000000                _esran_code = .

.ARM.exidx      0x0000000010009f20        0x8
                0x0000000010009f20                __exidx_start = .
 *(.ARM.exidx*)
 .ARM.exidx     0x0000000010009f20        0x8 /Users/shaunak/MaximSDK/Tools/GNUTools/10.3/bin/../lib/gcc/arm-none-eabi/10.3.1/thumb/v7e-m+fp/softfp/libgcc.a(_udivmoddi4.o)
                0x0000000010009f28                __exidx_end = .

.rel.dyn        0x0000000010009f28        0x0
 .rel.iplt      0x0000000010009f28        0x0 /Users/shaunak/MaximSDK/Tools/GNUTools/10.3/bin/../lib/gcc/arm-none-eabi/10.3.1/thumb/v7e-m+fp/softfp/crtbegin.o

.data           0x0000000020000000      0x9e4 load address 0x0000000010009f28
                0x0000000020000000                _data = ALIGN (., 0x4)
 *(.data*)
 .data.valvePositions
                0x0000000020000000       0x24 /Users/shaunak/Desktop/ECE189/shaunak/build/main.o
                0x0000000020000000                valvePositions
 .data.ConsoleUart
                0x0000000020000024        0x4 /Users/shaunak/Desktop/ECE189/shaunak/build/board.o
                0x0000000020000024                ConsoleUart
 .data.overflows
                0x0000000020000028        0x4 /Users/shaunak/MaximSDK/Libraries/PeriphDrivers/bin/MAX78000/softfp/libPeriphDriver_softfp.a(mxc_delay.o)
 .data._impure_ptr
                0x000000002000002c        0x4 /Users/shaunak/MaximSDK/Tools/GNUTools/10.3/bin/../lib/gcc/arm-none-eabi/10.3.1/../../../../arm-none-eabi/lib/thumb/v7e-m+fp/softfp/libc.a(lib_a-impure.o)
                0x000000002000002c                _impure_ptr
 .data.impure_data
                0x0000000020000030      0x428 /Users/shaunak/MaximSDK/Tools/GNUTools/10.3/bin/../lib/gcc/arm-none-eabi/10.3.1/../../../../arm-none-eabi/lib/thumb/v7e-m+fp/softfp/libc.a(lib_a-impure.o)
 .data.__malloc_av_
                0x0000000020000458      0x408 /Users/shaunak/MaximSDK/Tools/GNUTools/10.3/bin/../lib/gcc/arm-none-eabi/10.3.1/../../../../arm-none-eabi/lib/thumb/v7e-m+fp/softfp/libc.a(lib_a-mallocr.o)
                0x0000000020000458                __malloc_av_
 .data.__malloc_sbrk_base
                0x0000000020000860        0x4 /Users/shaunak/MaximSDK/Tools/GNUTools/10.3/bin/../lib/gcc/arm-none-eabi/10.3.1/../../../../arm-none-eabi/lib/thumb/v7e-m+fp/softfp/libc.a(lib_a-mallocr.o)
                0x0000000020000860                __malloc_sbrk_base
 .data.__malloc_trim_threshold
                0x0000000020000864        0x4 /Users/shaunak/MaximSDK/Tools/GNUTools/10.3/bin/../lib/gcc/arm-none-eabi/10.3.1/../../../../arm-none-eabi/lib/thumb/v7e-m+fp/softfp/libc.a(lib_a-mallocr.o)
                0x0000000020000864                __malloc_trim_threshold
 .data.__atexit_recursive_mutex
                0x0000000020000868        0x4 /Users/shaunak/MaximSDK/Tools/GNUTools/10.3/bin/../lib/gcc/arm-none-eabi/10.3.1/../../../../arm-none-eabi/lib/thumb/v7e-m+fp/softfp/libc.a(lib_a-__call_atexit.o)
                0x0000000020000868                __atexit_recursive_mutex
 .data.__global_locale
                0x000000002000086c      0x16c /Users/shaunak/MaximSDK/Tools/GNUTools/10.3/bin/../lib/gcc/arm-none-eabi/10.3.1/../../../../arm-none-eabi/lib/thumb/v7e-m+fp/softfp/libc.a(lib_a-locale.o)
                0x000000002000086c                __global_locale
 *(.flashprog*)
                0x00000000200009d8                . = ALIGN (0x4)
                0x00000000200009d8                PROVIDE (__preinit_array_start = .)
 *(.preinit_array)
                0x00000000200009d8                PROVIDE (__preinit_array_end = .)
                0x00000000200009d8                . = ALIGN (0x4)
                0x00000000200009d8                PROVIDE (__init_array_start = .)
 *(SORT_BY_NAME(.init_array.*))
 .init_array.00000
                0x00000000200009d8        0x4 /Users/shaunak/MaximSDK/Tools/GNUTools/10.3/bin/../lib/gcc/arm-none-eabi/10.3.1/../../../../arm-none-eabi/lib/thumb/v7e-m+fp/softfp/libc.a(lib_a-__call_atexit.o)
 *(.init_array)
 .init_array    0x00000000200009dc        0x4 /Users/shaunak/MaximSDK/Tools/GNUTools/10.3/bin/../lib/gcc/arm-none-eabi/10.3.1/thumb/v7e-m+fp/softfp/crtbegin.o
                0x00000000200009e0                PROVIDE (__init_array_end = .)
                0x00000000200009e0                . = ALIGN (0x4)
                0x00000000200009e0                PROVIDE (__fini_array_start = .)
 *(SORT_BY_NAME(.fini_array.*))
 *(.fini_array)
 .fini_array    0x00000000200009e0        0x4 /Users/shaunak/MaximSDK/Tools/GNUTools/10.3/bin/../lib/gcc/arm-none-eabi/10.3.1/thumb/v7e-m+fp/softfp/crtbegin.o
                0x00000000200009e4                PROVIDE (__fini_array_end = .)
                0x00000000200009e4                _edata = ALIGN (., 0x4)
                0x0000000010009f28                __load_data = LOADADDR (.data)

.igot.plt       0x00000000200009e4        0x0 load address 0x000000001000a90c
 .igot.plt      0x00000000200009e4        0x0 /Users/shaunak/MaximSDK/Tools/GNUTools/10.3/bin/../lib/gcc/arm-none-eabi/10.3.1/thumb/v7e-m+fp/softfp/crtbegin.o

.bss            0x00000000200009e4      0x4e0 load address 0x000000001000a90c
                0x00000000200009e4                . = ALIGN (0x4)
                0x00000000200009e4                _bss = .
 *(.bss*)
 .bss           0x00000000200009e4       0x1c /Users/shaunak/MaximSDK/Tools/GNUTools/10.3/bin/../lib/gcc/arm-none-eabi/10.3.1/thumb/v7e-m+fp/softfp/crtbegin.o
 .bss.req       0x0000000020000a00       0x20 /Users/shaunak/Desktop/ECE189/shaunak/build/PCA9685.o
 .bss.heap_end  0x0000000020000a20        0x4 /Users/shaunak/Desktop/ECE189/shaunak/build/heap.o
 .bss.cbFunc    0x0000000020000a24        0x4 /Users/shaunak/MaximSDK/Libraries/PeriphDrivers/bin/MAX78000/softfp/libPeriphDriver_softfp.a(mxc_delay.o)
 .bss.ctrl_save
                0x0000000020000a28        0x4 /Users/shaunak/MaximSDK/Libraries/PeriphDrivers/bin/MAX78000/softfp/libPeriphDriver_softfp.a(mxc_delay.o)
 .bss.endtick   0x0000000020000a2c        0x4 /Users/shaunak/MaximSDK/Libraries/PeriphDrivers/bin/MAX78000/softfp/libPeriphDriver_softfp.a(mxc_delay.o)
 .bss.states    0x0000000020000a30       0x48 /Users/shaunak/MaximSDK/Libraries/PeriphDrivers/bin/MAX78000/softfp/libPeriphDriver_softfp.a(i2c_reva.o)
 .bss.callback  0x0000000020000a78      0x200 /Users/shaunak/MaximSDK/Libraries/PeriphDrivers/bin/MAX78000/softfp/libPeriphDriver_softfp.a(gpio_common.o)
 .bss.cbparam   0x0000000020000c78      0x200 /Users/shaunak/MaximSDK/Libraries/PeriphDrivers/bin/MAX78000/softfp/libPeriphDriver_softfp.a(gpio_common.o)
 .bss.initialized
                0x0000000020000e78        0x1 /Users/shaunak/MaximSDK/Libraries/PeriphDrivers/bin/MAX78000/softfp/libPeriphDriver_softfp.a(gpio_common.o)
 *fill*         0x0000000020000e79        0x3 
 .bss.__malloc_current_mallinfo
                0x0000000020000e7c       0x28 /Users/shaunak/MaximSDK/Tools/GNUTools/10.3/bin/../lib/gcc/arm-none-eabi/10.3.1/../../../../arm-none-eabi/lib/thumb/v7e-m+fp/softfp/libc.a(lib_a-mallocr.o)
                0x0000000020000e7c                __malloc_current_mallinfo
 .bss.__malloc_max_sbrked_mem
                0x0000000020000ea4        0x4 /Users/shaunak/MaximSDK/Tools/GNUTools/10.3/bin/../lib/gcc/arm-none-eabi/10.3.1/../../../../arm-none-eabi/lib/thumb/v7e-m+fp/softfp/libc.a(lib_a-mallocr.o)
                0x0000000020000ea4                __malloc_max_sbrked_mem
 .bss.__malloc_max_total_mem
                0x0000000020000ea8        0x4 /Users/shaunak/MaximSDK/Tools/GNUTools/10.3/bin/../lib/gcc/arm-none-eabi/10.3.1/../../../../arm-none-eabi/lib/thumb/v7e-m+fp/softfp/libc.a(lib_a-mallocr.o)
                0x0000000020000ea8                __malloc_max_total_mem
 .bss.__malloc_top_pad
                0x0000000020000eac        0x4 /Users/shaunak/MaximSDK/Tools/GNUTools/10.3/bin/../lib/gcc/arm-none-eabi/10.3.1/../../../../arm-none-eabi/lib/thumb/v7e-m+fp/softfp/libc.a(lib_a-mallocr.o)
                0x0000000020000eac                __malloc_top_pad
 .bss.__lock___atexit_recursive_mutex
                0x0000000020000eb0        0x1 /Users/shaunak/MaximSDK/Tools/GNUTools/10.3/bin/../lib/gcc/arm-none-eabi/10.3.1/../../../../arm-none-eabi/lib/thumb/v7e-m+fp/softfp/libc.a(lib_a-lock.o)
                0x0000000020000eb0                __lock___atexit_recursive_mutex
 *fill*         0x0000000020000eb1        0x3 
 .bss.__lock___malloc_recursive_mutex
                0x0000000020000eb4        0x1 /Users/shaunak/MaximSDK/Tools/GNUTools/10.3/bin/../lib/gcc/arm-none-eabi/10.3.1/../../../../arm-none-eabi/lib/thumb/v7e-m+fp/softfp/libc.a(lib_a-lock.o)
                0x0000000020000eb4                __lock___malloc_recursive_mutex
 *fill*         0x0000000020000eb5        0x3 
 .bss.__lock___sfp_recursive_mutex
                0x0000000020000eb8        0x1 /Users/shaunak/MaximSDK/Tools/GNUTools/10.3/bin/../lib/gcc/arm-none-eabi/10.3.1/../../../../arm-none-eabi/lib/thumb/v7e-m+fp/softfp/libc.a(lib_a-lock.o)
                0x0000000020000eb8                __lock___sfp_recursive_mutex
 *fill*         0x0000000020000eb9        0x3 
 .bss.__lock___sinit_recursive_mutex
                0x0000000020000ebc        0x1 /Users/shaunak/MaximSDK/Tools/GNUTools/10.3/bin/../lib/gcc/arm-none-eabi/10.3.1/../../../../arm-none-eabi/lib/thumb/v7e-m+fp/softfp/libc.a(lib_a-lock.o)
                0x0000000020000ebc                __lock___sinit_recursive_mutex
 *fill*         0x0000000020000ebd        0x3 
 .bss.errno     0x0000000020000ec0        0x4 /Users/shaunak/MaximSDK/Tools/GNUTools/10.3/bin/../lib/gcc/arm-none-eabi/10.3.1/../../../../arm-none-eabi/lib/thumb/v7e-m+fp/softfp/libc.a(lib_a-reent.o)
                0x0000000020000ec0                errno
 *(COMMON)
                0x0000000020000ec4                _ebss = ALIGN (., 0x4)

.shared         0x0000000020000ec4        0x4 load address 0x000000001000a90c
                0x0000000020000ec4                . = ALIGN (0x4)
                0x0000000020000ec4                _shared = .
 *(.mailbox*)
                0x0000000020000ec4                . = ALIGN (0x4)
 *(.shared*)
 .shared        0x0000000020000ec4        0x4 /Users/shaunak/Desktop/ECE189/shaunak/build/system_max78000.o
                0x0000000020000ec4                SystemCoreClock
                0x0000000020000ec8                _eshared = ALIGN (., 0x4)
                0x000000001000a90c                __shared_data = LOADADDR (.shared)
                0x0000000020020000                __StackTop = (ORIGIN (SRAM) + LENGTH (SRAM))
                0x000000002001f000                __StackLimit = (__StackTop - SIZEOF (.stack_dummy))

.stack_dummy    0x0000000020000ec8     0x1000 load address 0x000000001000a910
 *(.stack*)
 .stack         0x0000000020000ec8     0x1000 /Users/shaunak/Desktop/ECE189/shaunak/build/startup_max78000.o

.heap           0x0000000020000ec8      0xc00 load address 0x000000001000a910
                0x0000000020000ec8                . = ALIGN (0x4)
 *(.heap*)
 .heap          0x0000000020000ec8      0xc00 /Users/shaunak/Desktop/ECE189/shaunak/build/startup_max78000.o
                0x0000000020000ec8                __HeapBase
                0x000000002001f000                __HeapLimit = ABSOLUTE (__StackLimit)
                0x0000000020020000                PROVIDE (__stack = __StackTop)
                0x0000000000000001                ASSERT ((__StackLimit >= _ebss), region RAM overflowed with stack)
OUTPUT(/Users/shaunak/Desktop/ECE189/shaunak/build/shaunak.elf elf32-littlearm)
LOAD linker stubs

.ARM.attributes
                0x0000000000000000       0x2e
 .ARM.attributes
                0x0000000000000000       0x1e /Users/shaunak/MaximSDK/Tools/GNUTools/10.3/bin/../lib/gcc/arm-none-eabi/10.3.1/thumb/v7e-m+fp/softfp/crti.o
 .ARM.attributes
                0x000000000000001e       0x32 /Users/shaunak/MaximSDK/Tools/GNUTools/10.3/bin/../lib/gcc/arm-none-eabi/10.3.1/thumb/v7e-m+fp/softfp/crtbegin.o
 .ARM.attributes
                0x0000000000000050       0x32 /Users/shaunak/Desktop/ECE189/shaunak/build/PCA9685.o
 .ARM.attributes
                0x0000000000000082       0x32 /Users/shaunak/Desktop/ECE189/shaunak/build/belt.o
 .ARM.attributes
                0x00000000000000b4       0x32 /Users/shaunak/Desktop/ECE189/shaunak/build/main.o
 .ARM.attributes
                0x00000000000000e6       0x32 /Users/shaunak/Desktop/ECE189/shaunak/build/board.o
 .ARM.attributes
                0x0000000000000118       0x32 /Users/shaunak/Desktop/ECE189/shaunak/build/stdio.o
 .ARM.attributes
                0x000000000000014a       0x32 /Users/shaunak/Desktop/ECE189/shaunak/build/led.o
 .ARM.attributes
                0x000000000000017c       0x32 /Users/shaunak/Desktop/ECE189/shaunak/build/pb.o
 .ARM.attributes
                0x00000000000001ae       0x1b /Users/shaunak/Desktop/ECE189/shaunak/build/startup_max78000.o
 .ARM.attributes
                0x00000000000001c9       0x32 /Users/shaunak/Desktop/ECE189/shaunak/build/heap.o
 .ARM.attributes
                0x00000000000001fb       0x32 /Users/shaunak/Desktop/ECE189/shaunak/build/system_max78000.o
 .ARM.attributes
                0x000000000000022d       0x32 /Users/shaunak/MaximSDK/Libraries/PeriphDrivers/bin/MAX78000/softfp/libPeriphDriver_softfp.a(mxc_delay.o)
 .ARM.attributes
                0x000000000000025f       0x32 /Users/shaunak/MaximSDK/Libraries/PeriphDrivers/bin/MAX78000/softfp/libPeriphDriver_softfp.a(pins_ai85.o)
 .ARM.attributes
                0x0000000000000291       0x32 /Users/shaunak/MaximSDK/Libraries/PeriphDrivers/bin/MAX78000/softfp/libPeriphDriver_softfp.a(sys_ai85.o)
 .ARM.attributes